/Users/aiagent/Library/Python/3.9/lib/python/site-packages/urllib3/__init__.py:35: NotOpenSSLWarning: urllib3 v2 only supports OpenSSL 1.1.1+, currently the 'ssl' module is compiled with 'LibreSSL 2.8.3'. See: https://github.com/urllib3/urllib3/issues/3020
  warnings.warn(
[01:57:08] [INFO] ============================================================
[01:57:08] [INFO] backfill_historical.py  啟動
[01:57:08] [INFO]   天數:    365
[01:57:08] [INFO]   並發數:  8
[01:57:08] [INFO]   指數:    all
[01:57:08] [INFO]   恢復模式: False
[01:57:08] [INFO]   日誌:    /Users/aiagent/projects/dashboard/logs/backfill_2026-05-12.log
[01:57:08] [INFO] ============================================================
[01:57:08] [INFO] 待下載股票: 680 檔
[01:57:08] [INFO] 數據庫已有: 0 檔
[01:57:08] [INFO] 需要下載: 680 檔  (跳過已存在: 0)
[01:57:08] [INFO] 
批次 1/23  (30 檔)...
Failed to get ticker 'ACN' reason: Expecting value: line 1 column 1 (char 0)
Failed to get ticker 'AAPL' reason: Expecting value: line 1 column 1 (char 0)
Failed to get ticker 'ABT' reason: Expecting value: line 1 column 1 (char 0)
Failed to get ticker 'ACGL' reason: Expecting value: line 1 column 1 (char 0)
Failed to get ticker 'ABBV' reason: Expecting value: line 1 column 1 (char 0)
Failed to get ticker 'ADBE' reason: Expecting value: line 1 column 1 (char 0)
Failed to get ticker 'A' reason: Expecting value: line 1 column 1 (char 0)
Failed to get ticker 'ABNB' reason: Expecting value: line 1 column 1 (char 0)
Failed to get ticker 'ACN' reason: Expecting value: line 1 column 1 (char 0)
Failed to get ticker 'ADBE' reason: Expecting value: line 1 column 1 (char 0)
Failed to get ticker 'A' reason: Expecting value: line 1 column 1 (char 0)
Failed to get ticker 'ACGL' reason: Expecting value: line 1 column 1 (char 0)
Failed to get ticker 'ABT' reason: Expecting value: line 1 column 1 (char 0)
Failed to get ticker 'AAPL' reason: Expecting value: line 1 column 1 (char 0)
Failed to get ticker 'ABNB' reason: Expecting value: line 1 column 1 (char 0)
Failed to get ticker 'ABBV' reason: Expecting value: line 1 column 1 (char 0)
Failed to get ticker 'ABT' reason: Expecting value: line 1 column 1 (char 0)
Failed to get ticker 'ABBV' reason: Expecting value: line 1 column 1 (char 0)
Failed to get ticker 'AAPL' reason: Expecting value: line 1 column 1 (char 0)
Failed to get ticker 'ABNB' reason: Expecting value: line 1 column 1 (char 0)
Failed to get ticker 'ACN' reason: Expecting value: line 1 column 1 (char 0)
Failed to get ticker 'ACGL' reason: Expecting value: line 1 column 1 (char 0)
Failed to get ticker 'A' reason: Expecting value: line 1 column 1 (char 0)
Failed to get ticker 'ADBE' reason: Expecting value: line 1 column 1 (char 0)
[01:57:12] [WARNING]   [1/680] ❌ ABT  (累計 0 rows)
[01:57:12] [WARNING]   [2/680] ❌ ABNB  (累計 0 rows)
[01:57:12] [WARNING]   [3/680] ❌ ABBV  (累計 0 rows)
[01:57:12] [WARNING]   [4/680] ❌ AAPL  (累計 0 rows)
[01:57:13] [WARNING]   [5/680] ❌ A  (累計 0 rows)
Failed to get ticker 'ADI' reason: Expecting value: line 1 column 1 (char 0)
Failed to get ticker 'ADM' reason: Expecting value: line 1 column 1 (char 0)
[01:57:13] [WARNING]   [6/680] ❌ ACGL  (累計 0 rows)
[01:57:13] [WARNING]   [7/680] ❌ ADBE  (累計 0 rows)
[01:57:13] [WARNING]   [8/680] ❌ ACN  (累計 0 rows)
Failed to get ticker 'ADSK' reason: Expecting value: line 1 column 1 (char 0)
Failed to get ticker 'ADP' reason: Expecting value: line 1 column 1 (char 0)
Failed to get ticker 'AEE' reason: Expecting value: line 1 column 1 (char 0)
Failed to get ticker 'AEP' reason: Expecting value: line 1 column 1 (char 0)
Failed to get ticker 'AES' reason: Expecting value: line 1 column 1 (char 0)
Failed to get ticker 'AFL' reason: Expecting value: line 1 column 1 (char 0)
Failed to get ticker 'ADI' reason: Expecting value: line 1 column 1 (char 0)
Failed to get ticker 'ADM' reason: Expecting value: line 1 column 1 (char 0)
Failed to get ticker 'ADP' reason: Expecting value: line 1 column 1 (char 0)
Failed to get ticker 'ADSK' reason: Expecting value: line 1 column 1 (char 0)
Failed to get ticker 'AEE' reason: Expecting value: line 1 column 1 (char 0)
Failed to get ticker 'AEP' reason: Expecting value: line 1 column 1 (char 0)
Failed to get ticker 'AFL' reason: Expecting value: line 1 column 1 (char 0)
Failed to get ticker 'AES' reason: Expecting value: line 1 column 1 (char 0)
Failed to get ticker 'ADI' reason: Expecting value: line 1 column 1 (char 0)
[01:57:17] [WARNING]   [9/680] ❌ ADI  (累計 0 rows)
Failed to get ticker 'AIG' reason: Expecting value: line 1 column 1 (char 0)
Failed to get ticker 'ADM' reason: Expecting value: line 1 column 1 (char 0)
Failed to get ticker 'ADP' reason: Expecting value: line 1 column 1 (char 0)
Failed to get ticker 'AIG' reason: Expecting value: line 1 column 1 (char 0)
Failed to get ticker 'AES' reason: Expecting value: line 1 column 1 (char 0)
Failed to get ticker 'ADSK' reason: Expecting value: line 1 column 1 (char 0)
Failed to get ticker 'AFL' reason: Expecting value: line 1 column 1 (char 0)
Failed to get ticker 'AEE' reason: Expecting value: line 1 column 1 (char 0)
Failed to get ticker 'AEP' reason: Expecting value: line 1 column 1 (char 0)
[01:57:18] [WARNING]   [10/680] ❌ ADM  (累計 0 rows)
[01:57:18] [WARNING]   [11/680] ❌ ADP  (累計 0 rows)
[01:57:19] [WARNING]   [12/680] ❌ AFL  (累計 0 rows)
[01:57:19] [WARNING]   [13/680] ❌ AES  (累計 0 rows)
[01:57:19] [WARNING]   [14/680] ❌ ADSK  (累計 0 rows)
[01:57:19] [WARNING]   [15/680] ❌ AEE  (累計 0 rows)
[01:57:19] [WARNING]   [16/680] ❌ AEP  (累計 0 rows)
Failed to get ticker 'AIZ' reason: Expecting value: line 1 column 1 (char 0)
Failed to get ticker 'AJG' reason: Expecting value: line 1 column 1 (char 0)
Failed to get ticker 'ALL' reason: Expecting value: line 1 column 1 (char 0)
Failed to get ticker 'ALLE' reason: Expecting value: line 1 column 1 (char 0)
Failed to get ticker 'ALB' reason: Expecting value: line 1 column 1 (char 0)
Failed to get ticker 'ALGN' reason: Expecting value: line 1 column 1 (char 0)
Failed to get ticker 'AKAM' reason: Expecting value: line 1 column 1 (char 0)
Failed to get ticker 'AIZ' reason: Expecting value: line 1 column 1 (char 0)
Failed to get ticker 'ALLE' reason: Expecting value: line 1 column 1 (char 0)
Failed to get ticker 'AJG' reason: Expecting value: line 1 column 1 (char 0)
Failed to get ticker 'ALL' reason: Expecting value: line 1 column 1 (char 0)
Failed to get ticker 'ALGN' reason: Expecting value: line 1 column 1 (char 0)
Failed to get ticker 'ALB' reason: Expecting value: line 1 column 1 (char 0)
Failed to get ticker 'AKAM' reason: Expecting value: line 1 column 1 (char 0)
Failed to get ticker 'AIG' reason: Expecting value: line 1 column 1 (char 0)
[01:57:22] [WARNING]   [17/680] ❌ AIG  (累計 0 rows)
Failed to get ticker 'AMAT' reason: Expecting value: line 1 column 1 (char 0)
Failed to get ticker 'AIZ' reason: Expecting value: line 1 column 1 (char 0)
Failed to get ticker 'ALLE' reason: Expecting value: line 1 column 1 (char 0)
[01:57:23] [WARNING]   [18/680] ❌ AIZ  (累計 0 rows)
Failed to get ticker 'ALL' reason: Expecting value: line 1 column 1 (char 0)
Failed to get ticker 'AJG' reason: Expecting value: line 1 column 1 (char 0)
Failed to get ticker 'ALB' reason: Expecting value: line 1 column 1 (char 0)
[01:57:23] [WARNING]   [19/680] ❌ ALLE  (累計 0 rows)
Failed to get ticker 'ALGN' reason: Expecting value: line 1 column 1 (char 0)
Failed to get ticker 'AKAM' reason: Expecting value: line 1 column 1 (char 0)
Failed to get ticker 'AMCR' reason: Expecting value: line 1 column 1 (char 0)
[01:57:24] [WARNING]   [20/680] ❌ ALB  (累計 0 rows)
[01:57:24] [WARNING]   [21/680] ❌ AJG  (累計 0 rows)
[01:57:24] [WARNING]   [22/680] ❌ ALL  (累計 0 rows)
Failed to get ticker 'AMAT' reason: Expecting value: line 1 column 1 (char 0)
Failed to get ticker 'AMD' reason: Expecting value: line 1 column 1 (char 0)
[01:57:24] [WARNING]   [23/680] ❌ AKAM  (累計 0 rows)
[01:57:24] [WARNING]   [24/680] ❌ ALGN  (累計 0 rows)
Failed to get ticker 'AMGN' reason: Expecting value: line 1 column 1 (char 0)
Failed to get ticker 'AME' reason: Expecting value: line 1 column 1 (char 0)
Failed to get ticker 'AMP' reason: Expecting value: line 1 column 1 (char 0)
Failed to get ticker 'AMCR' reason: Expecting value: line 1 column 1 (char 0)
Failed to get ticker 'AMD' reason: Expecting value: line 1 column 1 (char 0)
Failed to get ticker 'AMGN' reason: Expecting value: line 1 column 1 (char 0)
Failed to get ticker 'AMP' reason: Expecting value: line 1 column 1 (char 0)
Failed to get ticker 'AME' reason: Expecting value: line 1 column 1 (char 0)
Failed to get ticker 'AMAT' reason: Expecting value: line 1 column 1 (char 0)
[01:57:28] [WARNING]   [25/680] ❌ AMAT  (累計 0 rows)
Failed to get ticker 'AMCR' reason: Expecting value: line 1 column 1 (char 0)
[01:57:29] [WARNING]   [26/680] ❌ AMCR  (累計 0 rows)
Failed to get ticker 'AMD' reason: Expecting value: line 1 column 1 (char 0)
[01:57:29] [WARNING]   [27/680] ❌ AMD  (累計 0 rows)
Failed to get ticker 'AMGN' reason: Expecting value: line 1 column 1 (char 0)
Failed to get ticker 'AME' reason: Expecting value: line 1 column 1 (char 0)
Failed to get ticker 'AMP' reason: Expecting value: line 1 column 1 (char 0)
[01:57:30] [WARNING]   [28/680] ❌ AMGN  (累計 0 rows)
[01:57:30] [WARNING]   [29/680] ❌ AME  (累計 0 rows)
[01:57:30] [WARNING]   [30/680] ❌ AMP  (累計 0 rows)
[01:57:30] [INFO]   批次完成: 0/30 ✅  耗时: 21.8s  累計: 0 rows
[01:57:33] [INFO] 
批次 2/23  (30 檔)...
Failed to get ticker 'ANET' reason: Expecting value: line 1 column 1 (char 0)
Failed to get ticker 'AOS' reason: Expecting value: line 1 column 1 (char 0)
Failed to get ticker 'APH' reason: Expecting value: line 1 column 1 (char 0)
Failed to get ticker 'AON' reason: Expecting value: line 1 column 1 (char 0)
Failed to get ticker 'AMT' reason: Expecting value: line 1 column 1 (char 0)
Failed to get ticker 'APA' reason: Expecting value: line 1 column 1 (char 0)
Failed to get ticker 'AMZN' reason: Expecting value: line 1 column 1 (char 0)
Failed to get ticker 'APD' reason: Expecting value: line 1 column 1 (char 0)
Failed to get ticker 'AMT' reason: Expecting value: line 1 column 1 (char 0)
Failed to get ticker 'AMZN' reason: Expecting value: line 1 column 1 (char 0)
Failed to get ticker 'APH' reason: Expecting value: line 1 column 1 (char 0)
Failed to get ticker 'ANET' reason: Expecting value: line 1 column 1 (char 0)
Failed to get ticker 'APA' reason: Expecting value: line 1 column 1 (char 0)
Failed to get ticker 'APD' reason: Expecting value: line 1 column 1 (char 0)
Failed to get ticker 'AON' reason: Expecting value: line 1 column 1 (char 0)
Failed to get ticker 'AOS' reason: Expecting value: line 1 column 1 (char 0)
Failed to get ticker 'APH' reason: Expecting value: line 1 column 1 (char 0)
Failed to get ticker 'ANET' reason: Expecting value: line 1 column 1 (char 0)
Failed to get ticker 'AMZN' reason: Expecting value: line 1 column 1 (char 0)
Failed to get ticker 'AMT' reason: Expecting value: line 1 column 1 (char 0)
Failed to get ticker 'AON' reason: Expecting value: line 1 column 1 (char 0)
Failed to get ticker 'APA' reason: Expecting value: line 1 column 1 (char 0)
Failed to get ticker 'AOS' reason: Expecting value: line 1 column 1 (char 0)
Failed to get ticker 'APD' reason: Expecting value: line 1 column 1 (char 0)
[01:57:37] [WARNING]   [31/680] ❌ APH  (累計 0 rows)
[01:57:38] [WARNING]   [32/680] ❌ AON  (累計 0 rows)
[01:57:38] [WARNING]   [33/680] ❌ AMZN  (累計 0 rows)
[01:57:38] [WARNING]   [34/680] ❌ APA  (累計 0 rows)
[01:57:38] [WARNING]   [35/680] ❌ ANET  (累計 0 rows)
[01:57:38] [WARNING]   [36/680] ❌ AOS  (累計 0 rows)
[01:57:38] [WARNING]   [37/680] ❌ AMT  (累計 0 rows)
Failed to get ticker 'APO' reason: Expecting value: line 1 column 1 (char 0)
[01:57:38] [WARNING]   [38/680] ❌ APD  (累計 0 rows)Failed to get ticker 'ARE' reason: Expecting value: line 1 column 1 (char 0)
Failed to get ticker 'ARES' reason: Expecting value: line 1 column 1 (char 0)

Failed to get ticker 'APP' reason: Expecting value: line 1 column 1 (char 0)
Failed to get ticker 'ATO' reason: Expecting value: line 1 column 1 (char 0)
Failed to get ticker 'APTV' reason: Expecting value: line 1 column 1 (char 0)
Failed to get ticker 'AVB' reason: Expecting value: line 1 column 1 (char 0)
Failed to get ticker 'AVGO' reason: Expecting value: line 1 column 1 (char 0)
Failed to get ticker 'APO' reason: Expecting value: line 1 column 1 (char 0)
Failed to get ticker 'ARE' reason: Expecting value: line 1 column 1 (char 0)
Failed to get ticker 'ARES' reason: Expecting value: line 1 column 1 (char 0)
Failed to get ticker 'APP' reason: Expecting value: line 1 column 1 (char 0)
Failed to get ticker 'ATO' reason: Expecting value: line 1 column 1 (char 0)
Failed to get ticker 'AVGO' reason: Expecting value: line 1 column 1 (char 0)
Failed to get ticker 'APTV' reason: Expecting value: line 1 column 1 (char 0)
Failed to get ticker 'AVB' reason: Expecting value: line 1 column 1 (char 0)
Failed to get ticker 'APO' reason: Expecting value: line 1 column 1 (char 0)
Failed to get ticker 'APP' reason: Expecting value: line 1 column 1 (char 0)
Failed to get ticker 'ATO' reason: Expecting value: line 1 column 1 (char 0)
Failed to get ticker 'ARE' reason: Expecting value: line 1 column 1 (char 0)
[01:57:42] [WARNING]   [39/680] ❌ APO  (累計 0 rows)
Failed to get ticker 'ARES' reason: Expecting value: line 1 column 1 (char 0)
Failed to get ticker 'AVB' reason: Expecting value: line 1 column 1 (char 0)
Failed to get ticker 'AVGO' reason: Expecting value: line 1 column 1 (char 0)
Failed to get ticker 'APTV' reason: Expecting value: line 1 column 1 (char 0)
[01:57:43] [WARNING]   [40/680] ❌ ARE  (累計 0 rows)
[01:57:43] [WARNING]   [41/680] ❌ APP  (累計 0 rows)
[01:57:43] [WARNING]   [42/680] ❌ ATO  (累計 0 rows)
[01:57:44] [WARNING]   [43/680] ❌ APTV  (累計 0 rows)
Failed to get ticker 'AVY' reason: Expecting value: line 1 column 1 (char 0)
Failed to get ticker 'AWK' reason: Expecting value: line 1 column 1 (char 0)
[01:57:44] [WARNING]   [44/680] ❌ AVGO  (累計 0 rows)
[01:57:44] [WARNING]   [45/680] ❌ ARES  (累計 0 rows)
[01:57:44] [WARNING]   [46/680] ❌ AVB  (累計 0 rows)
Failed to get ticker 'AXON' reason: Expecting value: line 1 column 1 (char 0)
Failed to get ticker 'AZO' reason: Expecting value: line 1 column 1 (char 0)
Failed to get ticker 'BA' reason: Expecting value: line 1 column 1 (char 0)
Failed to get ticker 'AXP' reason: Expecting value: line 1 column 1 (char 0)
Failed to get ticker 'BAC' reason: Expecting value: line 1 column 1 (char 0)
Failed to get ticker 'BALL' reason: Expecting value: line 1 column 1 (char 0)
Failed to get ticker 'AWK' reason: Expecting value: line 1 column 1 (char 0)
Failed to get ticker 'AVY' reason: Expecting value: line 1 column 1 (char 0)
Failed to get ticker 'AXP' reason: Expecting value: line 1 column 1 (char 0)
Failed to get ticker 'AZO' reason: Expecting value: line 1 column 1 (char 0)
Failed to get ticker 'AXON' reason: Expecting value: line 1 column 1 (char 0)
Failed to get ticker 'BA' reason: Expecting value: line 1 column 1 (char 0)
Failed to get ticker 'BAC' reason: Expecting value: line 1 column 1 (char 0)
Failed to get ticker 'BALL' reason: Expecting value: line 1 column 1 (char 0)
Failed to get ticker 'AVY' reason: Expecting value: line 1 column 1 (char 0)
Failed to get ticker 'AWK' reason: Expecting value: line 1 column 1 (char 0)
Failed to get ticker 'AZO' reason: Expecting value: line 1 column 1 (char 0)
Failed to get ticker 'AXON' reason: Expecting value: line 1 column 1 (char 0)
Failed to get ticker 'BA' reason: Expecting value: line 1 column 1 (char 0)
Failed to get ticker 'AXP' reason: Expecting value: line 1 column 1 (char 0)
Failed to get ticker 'BALL' reason: Expecting value: line 1 column 1 (char 0)
Failed to get ticker 'BAC' reason: Expecting value: line 1 column 1 (char 0)
[01:57:48] [WARNING]   [47/680] ❌ AVY  (累計 0 rows)
[01:57:48] [WARNING]   [48/680] ❌ AWK  (累計 0 rows)
[01:57:48] [WARNING]   [49/680] ❌ BALL  (累計 0 rows)
[01:57:48] [WARNING]   [50/680] ❌ AXP  (累計 0 rows)
[01:57:48] [WARNING]   [51/680] ❌ AZO  (累計 0 rows)
[01:57:48] [WARNING]   [52/680] ❌ AXON  (累計 0 rows)
[01:57:48] [WARNING]   [53/680] ❌ BAC  (累計 0 rows)
[01:57:48] [WARNING]   [54/680] ❌ BA  (累計 0 rows)
Failed to get ticker 'BDX' reason: Expecting value: line 1 column 1 (char 0)
Failed to get ticker 'BBY' reason: Expecting value: line 1 column 1 (char 0)
Failed to get ticker 'BAX' reason: Expecting value: line 1 column 1 (char 0)
Failed to get ticker 'BEN' reason: Expecting value: line 1 column 1 (char 0)
Failed to get ticker 'BG' reason: Expecting value: line 1 column 1 (char 0)
Failed to get ticker 'BF.B' reason: Expecting value: line 1 column 1 (char 0)
Failed to get ticker 'BDX' reason: Expecting value: line 1 column 1 (char 0)
Failed to get ticker 'BBY' reason: Expecting value: line 1 column 1 (char 0)
Failed to get ticker 'BAX' reason: Expecting value: line 1 column 1 (char 0)
Failed to get ticker 'BEN' reason: Expecting value: line 1 column 1 (char 0)
Failed to get ticker 'BF.B' reason: Expecting value: line 1 column 1 (char 0)
Failed to get ticker 'BG' reason: Expecting value: line 1 column 1 (char 0)
Failed to get ticker 'BDX' reason: Expecting value: line 1 column 1 (char 0)
Failed to get ticker 'BBY' reason: Expecting value: line 1 column 1 (char 0)
Failed to get ticker 'BAX' reason: Expecting value: line 1 column 1 (char 0)
[01:57:52] [WARNING]   [55/680] ❌ BDX  (累計 0 rows)
[01:57:53] [WARNING]   [56/680] ❌ BAX  (累計 0 rows)
[01:57:53] [WARNING]   [57/680] ❌ BBY  (累計 0 rows)
Failed to get ticker 'BG' reason: Expecting value: line 1 column 1 (char 0)
Failed to get ticker 'BF.B' reason: Expecting value: line 1 column 1 (char 0)
Failed to get ticker 'BEN' reason: Expecting value: line 1 column 1 (char 0)
[01:57:53] [WARNING]   [58/680] ❌ BG  (累計 0 rows)
[01:57:54] [WARNING]   [59/680] ❌ BF.B  (累計 0 rows)
[01:57:54] [WARNING]   [60/680] ❌ BEN  (累計 0 rows)
[01:57:54] [INFO]   批次完成: 0/30 ✅  耗时: 20.7s  累計: 0 rows
[01:57:57] [INFO] 
批次 3/23  (30 檔)...
Failed to get ticker 'BIIB' reason: Expecting value: line 1 column 1 (char 0)
Failed to get ticker 'BK' reason: Expecting value: line 1 column 1 (char 0)
Failed to get ticker 'BLK' reason: Expecting value: line 1 column 1 (char 0)
Failed to get ticker 'BKR' reason: Expecting value: line 1 column 1 (char 0)
Failed to get ticker 'BMY' reason: Expecting value: line 1 column 1 (char 0)
Failed to get ticker 'BLDR' reason: Expecting value: line 1 column 1 (char 0)
Failed to get ticker 'BKNG' reason: Expecting value: line 1 column 1 (char 0)
Failed to get ticker 'BR' reason: Expecting value: line 1 column 1 (char 0)
Failed to get ticker 'BKNG' reason: Expecting value: line 1 column 1 (char 0)
Failed to get ticker 'BK' reason: Expecting value: line 1 column 1 (char 0)
Failed to get ticker 'BLK' reason: Expecting value: line 1 column 1 (char 0)
Failed to get ticker 'BKR' reason: Expecting value: line 1 column 1 (char 0)
Failed to get ticker 'BIIB' reason: Expecting value: line 1 column 1 (char 0)
Failed to get ticker 'BMY' reason: Expecting value: line 1 column 1 (char 0)
Failed to get ticker 'BLDR' reason: Expecting value: line 1 column 1 (char 0)
Failed to get ticker 'BR' reason: Expecting value: line 1 column 1 (char 0)
Failed to get ticker 'BLDR' reason: Expecting value: line 1 column 1 (char 0)
Failed to get ticker 'BMY' reason: Expecting value: line 1 column 1 (char 0)
Failed to get ticker 'BKR' reason: Expecting value: line 1 column 1 (char 0)
Failed to get ticker 'BKNG' reason: Expecting value: line 1 column 1 (char 0)
Failed to get ticker 'BK' reason: Expecting value: line 1 column 1 (char 0)
Failed to get ticker 'BR' reason: Expecting value: line 1 column 1 (char 0)
Failed to get ticker 'BIIB' reason: Expecting value: line 1 column 1 (char 0)
Failed to get ticker 'BLK' reason: Expecting value: line 1 column 1 (char 0)
[01:58:01] [WARNING]   [61/680] ❌ BR  (累計 0 rows)
[01:58:01] [WARNING]   [62/680] ❌ BKNG  (累計 0 rows)
[01:58:01] [WARNING]   [63/680] ❌ BKR  (累計 0 rows)
[01:58:01] [WARNING]   [64/680] ❌ BLDR  (累計 0 rows)
[01:58:01] [WARNING]   [65/680] ❌ BK  (累計 0 rows)
[01:58:01] [WARNING]   [66/680] ❌ BIIB  (累計 0 rows)
[01:58:01] [WARNING]   [67/680] ❌ BMY  (累計 0 rows)
[01:58:01] [WARNING]   [68/680] ❌ BLK  (累計 0 rows)
Failed to get ticker 'BSX' reason: Expecting value: line 1 column 1 (char 0)
Failed to get ticker 'BX' reason: Expecting value: line 1 column 1 (char 0)
Failed to get ticker 'BRK.B' reason: Expecting value: line 1 column 1 (char 0)
Failed to get ticker 'BRO' reason: Expecting value: line 1 column 1 (char 0)
Failed to get ticker 'CAG' reason: Expecting value: line 1 column 1 (char 0)
Failed to get ticker 'BXP' reason: Expecting value: line 1 column 1 (char 0)
Failed to get ticker 'C' reason: Expecting value: line 1 column 1 (char 0)
Failed to get ticker 'CAH' reason: Expecting value: line 1 column 1 (char 0)
Failed to get ticker 'BRO' reason: Expecting value: line 1 column 1 (char 0)
Failed to get ticker 'BX' reason: Expecting value: line 1 column 1 (char 0)
Failed to get ticker 'BRK.B' reason: Expecting value: line 1 column 1 (char 0)
Failed to get ticker 'BSX' reason: Expecting value: line 1 column 1 (char 0)
Failed to get ticker 'C' reason: Expecting value: line 1 column 1 (char 0)
Failed to get ticker 'CAG' reason: Expecting value: line 1 column 1 (char 0)
Failed to get ticker 'BXP' reason: Expecting value: line 1 column 1 (char 0)
Failed to get ticker 'CAH' reason: Expecting value: line 1 column 1 (char 0)
Failed to get ticker 'BRO' reason: Expecting value: line 1 column 1 (char 0)
Failed to get ticker 'BX' reason: Expecting value: line 1 column 1 (char 0)
Failed to get ticker 'BRK.B' reason: Expecting value: line 1 column 1 (char 0)
Failed to get ticker 'BSX' reason: Expecting value: line 1 column 1 (char 0)
Failed to get ticker 'BXP' reason: Expecting value: line 1 column 1 (char 0)
Failed to get ticker 'C' reason: Expecting value: line 1 column 1 (char 0)
Failed to get ticker 'CAG' reason: Expecting value: line 1 column 1 (char 0)
[01:58:06] [WARNING]   [69/680] ❌ BRO  (累計 0 rows)
[01:58:06] [WARNING]   [70/680] ❌ BX  (累計 0 rows)
[01:58:06] [WARNING]   [71/680] ❌ BSX  (累計 0 rows)
[01:58:06] [WARNING]   [72/680] ❌ C  (累計 0 rows)
[01:58:06] [WARNING]   [73/680] ❌ CAG  (累計 0 rows)
[01:58:06] [WARNING]   [74/680] ❌ BXP  (累計 0 rows)
[01:58:06] [WARNING]   [75/680] ❌ BRK.B  (累計 0 rows)
Failed to get ticker 'CASY' reason: Expecting value: line 1 column 1 (char 0)
Failed to get ticker 'CARR' reason: Expecting value: line 1 column 1 (char 0)
Failed to get ticker 'CAT' reason: Expecting value: line 1 column 1 (char 0)
Failed to get ticker 'CB' reason: Expecting value: line 1 column 1 (char 0)
Failed to get ticker 'CBRE' reason: Expecting value: line 1 column 1 (char 0)
Failed to get ticker 'CCI' reason: Expecting value: line 1 column 1 (char 0)
Failed to get ticker 'CBOE' reason: Expecting value: line 1 column 1 (char 0)
Failed to get ticker 'CAH' reason: Expecting value: line 1 column 1 (char 0)
[01:58:07] [WARNING]   [76/680] ❌ CAH  (累計 0 rows)
Failed to get ticker 'CCL' reason: Expecting value: line 1 column 1 (char 0)
Failed to get ticker 'CASY' reason: Expecting value: line 1 column 1 (char 0)
Failed to get ticker 'CARR' reason: Expecting value: line 1 column 1 (char 0)
Failed to get ticker 'CBRE' reason: Expecting value: line 1 column 1 (char 0)
Failed to get ticker 'CB' reason: Expecting value: line 1 column 1 (char 0)
Failed to get ticker 'CAT' reason: Expecting value: line 1 column 1 (char 0)
Failed to get ticker 'CBOE' reason: Expecting value: line 1 column 1 (char 0)
Failed to get ticker 'CCI' reason: Expecting value: line 1 column 1 (char 0)
Failed to get ticker 'CCL' reason: Expecting value: line 1 column 1 (char 0)
Failed to get ticker 'CASY' reason: Expecting value: line 1 column 1 (char 0)
Failed to get ticker 'CB' reason: Expecting value: line 1 column 1 (char 0)
Failed to get ticker 'CARR' reason: Expecting value: line 1 column 1 (char 0)
Failed to get ticker 'CBRE' reason: Expecting value: line 1 column 1 (char 0)
Failed to get ticker 'CCI' reason: Expecting value: line 1 column 1 (char 0)
Failed to get ticker 'CBOE' reason: Expecting value: line 1 column 1 (char 0)
Failed to get ticker 'CCL' reason: Expecting value: line 1 column 1 (char 0)
Failed to get ticker 'CAT' reason: Expecting value: line 1 column 1 (char 0)
[01:58:11] [WARNING]   [77/680] ❌ CASY  (累計 0 rows)
[01:58:12] [WARNING]   [78/680] ❌ CBRE  (累計 0 rows)
[01:58:12] [WARNING]   [79/680] ❌ CBOE  (累計 0 rows)
[01:58:12] [WARNING]   [80/680] ❌ CCL  (累計 0 rows)
[01:58:12] [WARNING]   [81/680] ❌ CAT  (累計 0 rows)
[01:58:12] [WARNING]   [82/680] ❌ CCI  (累計 0 rows)
[01:58:12] [WARNING]   [83/680] ❌ CB  (累計 0 rows)
[01:58:12] [WARNING]   [84/680] ❌ CARR  (累計 0 rows)
Failed to get ticker 'CDW' reason: Expecting value: line 1 column 1 (char 0)
Failed to get ticker 'CDNS' reason: Expecting value: line 1 column 1 (char 0)
Failed to get ticker 'CF' reason: Expecting value: line 1 column 1 (char 0)
Failed to get ticker 'CEG' reason: Expecting value: line 1 column 1 (char 0)
Failed to get ticker 'CFG' reason: Expecting value: line 1 column 1 (char 0)
Failed to get ticker 'CHD' reason: Expecting value: line 1 column 1 (char 0)
Failed to get ticker 'CEG' reason: Expecting value: line 1 column 1 (char 0)
Failed to get ticker 'CFG' reason: Expecting value: line 1 column 1 (char 0)
Failed to get ticker 'CDW' reason: Expecting value: line 1 column 1 (char 0)
Failed to get ticker 'CF' reason: Expecting value: line 1 column 1 (char 0)
Failed to get ticker 'CDNS' reason: Expecting value: line 1 column 1 (char 0)
Failed to get ticker 'CHD' reason: Expecting value: line 1 column 1 (char 0)
Failed to get ticker 'CFG' reason: Expecting value: line 1 column 1 (char 0)
Failed to get ticker 'CF' reason: Expecting value: line 1 column 1 (char 0)
Failed to get ticker 'CEG' reason: Expecting value: line 1 column 1 (char 0)
Failed to get ticker 'CDW' reason: Expecting value: line 1 column 1 (char 0)
Failed to get ticker 'CDNS' reason: Expecting value: line 1 column 1 (char 0)
Failed to get ticker 'CHD' reason: Expecting value: line 1 column 1 (char 0)
[01:58:17] [WARNING]   [85/680] ❌ CEG  (累計 0 rows)
[01:58:17] [WARNING]   [86/680] ❌ CF  (累計 0 rows)
[01:58:17] [WARNING]   [87/680] ❌ CFG  (累計 0 rows)
[01:58:17] [WARNING]   [88/680] ❌ CDW  (累計 0 rows)
[01:58:17] [WARNING]   [89/680] ❌ CHD  (累計 0 rows)
[01:58:17] [WARNING]   [90/680] ❌ CDNS  (累計 0 rows)
[01:58:17] [INFO]   批次完成: 0/30 ✅  耗时: 20.4s  累計: 0 rows
[01:58:20] [INFO] 
批次 4/23  (30 檔)...
Failed to get ticker 'CI' reason: Expecting value: line 1 column 1 (char 0)
Failed to get ticker 'CHRW' reason: Expecting value: line 1 column 1 (char 0)
Failed to get ticker 'CIEN' reason: Expecting value: line 1 column 1 (char 0)
Failed to get ticker 'CINF' reason: Expecting value: line 1 column 1 (char 0)
Failed to get ticker 'CLX' reason: Expecting value: line 1 column 1 (char 0)
Failed to get ticker 'CHTR' reason: Expecting value: line 1 column 1 (char 0)
Failed to get ticker 'CL' reason: Expecting value: line 1 column 1 (char 0)
Failed to get ticker 'CMCSA' reason: Expecting value: line 1 column 1 (char 0)
Failed to get ticker 'CHRW' reason: Expecting value: line 1 column 1 (char 0)
Failed to get ticker 'CL' reason: Expecting value: line 1 column 1 (char 0)
Failed to get ticker 'CIEN' reason: Expecting value: line 1 column 1 (char 0)
Failed to get ticker 'CMCSA' reason: Expecting value: line 1 column 1 (char 0)
Failed to get ticker 'CI' reason: Expecting value: line 1 column 1 (char 0)
Failed to get ticker 'CHTR' reason: Expecting value: line 1 column 1 (char 0)
Failed to get ticker 'CINF' reason: Expecting value: line 1 column 1 (char 0)
Failed to get ticker 'CLX' reason: Expecting value: line 1 column 1 (char 0)
Failed to get ticker 'CMCSA' reason: Expecting value: line 1 column 1 (char 0)
Failed to get ticker 'CHTR' reason: Expecting value: line 1 column 1 (char 0)
Failed to get ticker 'CHRW' reason: Expecting value: line 1 column 1 (char 0)
Failed to get ticker 'CIEN' reason: Expecting value: line 1 column 1 (char 0)
Failed to get ticker 'CLX' reason: Expecting value: line 1 column 1 (char 0)
Failed to get ticker 'CL' reason: Expecting value: line 1 column 1 (char 0)
Failed to get ticker 'CI' reason: Expecting value: line 1 column 1 (char 0)
Failed to get ticker 'CINF' reason: Expecting value: line 1 column 1 (char 0)
[01:58:25] [WARNING]   [91/680] ❌ CHRW  (累計 0 rows)
[01:58:25] [WARNING]   [92/680] ❌ CMCSA  (累計 0 rows)
[01:58:25] [WARNING]   [93/680] ❌ CHTR  (累計 0 rows)
[01:58:25] [WARNING]   [94/680] ❌ CIEN  (累計 0 rows)
[01:58:25] [WARNING]   [95/680] ❌ CINF  (累計 0 rows)
[01:58:25] [WARNING]   [96/680] ❌ CL  (累計 0 rows)
[01:58:25] [WARNING]   [97/680] ❌ CI  (累計 0 rows)
[01:58:25] [WARNING]   [98/680] ❌ CLX  (累計 0 rows)
Failed to get ticker 'CMG' reason: Expecting value: line 1 column 1 (char 0)
Failed to get ticker 'CME' reason: Expecting value: line 1 column 1 (char 0)
Failed to get ticker 'CMS' reason: Expecting value: line 1 column 1 (char 0)
Failed to get ticker 'CMI' reason: Expecting value: line 1 column 1 (char 0)
Failed to get ticker 'CNP' reason: Expecting value: line 1 column 1 (char 0)
Failed to get ticker 'COF' reason: Expecting value: line 1 column 1 (char 0)
Failed to get ticker 'CNC' reason: Expecting value: line 1 column 1 (char 0)
Failed to get ticker 'COHR' reason: Expecting value: line 1 column 1 (char 0)
Failed to get ticker 'CMS' reason: Expecting value: line 1 column 1 (char 0)
Failed to get ticker 'CMI' reason: Expecting value: line 1 column 1 (char 0)
Failed to get ticker 'CME' reason: Expecting value: line 1 column 1 (char 0)
Failed to get ticker 'CMG' reason: Expecting value: line 1 column 1 (char 0)
Failed to get ticker 'COF' reason: Expecting value: line 1 column 1 (char 0)
Failed to get ticker 'CNP' reason: Expecting value: line 1 column 1 (char 0)
Failed to get ticker 'COHR' reason: Expecting value: line 1 column 1 (char 0)
Failed to get ticker 'CNC' reason: Expecting value: line 1 column 1 (char 0)
Failed to get ticker 'CMI' reason: Expecting value: line 1 column 1 (char 0)
Failed to get ticker 'CME' reason: Expecting value: line 1 column 1 (char 0)
Failed to get ticker 'CMS' reason: Expecting value: line 1 column 1 (char 0)
Failed to get ticker 'CMG' reason: Expecting value: line 1 column 1 (char 0)
Failed to get ticker 'COF' reason: Expecting value: line 1 column 1 (char 0)
Failed to get ticker 'CNC' reason: Expecting value: line 1 column 1 (char 0)
Failed to get ticker 'COHR' reason: Expecting value: line 1 column 1 (char 0)
[01:58:30] [WARNING]   [99/680] ❌ CMG  (累計 0 rows)
[01:58:30] [WARNING]   [100/680] ❌ CME  (累計 0 rows)
[01:58:30] [WARNING]   [101/680] ❌ CMI  (累計 0 rows)
[01:58:30] [WARNING]   [102/680] ❌ CMS  (累計 0 rows)
Failed to get ticker 'CNP' reason: Expecting value: line 1 column 1 (char 0)
[01:58:30] [WARNING]   [103/680] ❌ COHR  (累計 0 rows)
[01:58:30] [WARNING]   [104/680] ❌ CNC  (累計 0 rows)
Failed to get ticker 'COIN' reason: Expecting value: line 1 column 1 (char 0)
[01:58:30] [WARNING]   [105/680] ❌ COF  (累計 0 rows)
Failed to get ticker 'COR' reason: Expecting value: line 1 column 1 (char 0)
Failed to get ticker 'COO' reason: Expecting value: line 1 column 1 (char 0)
Failed to get ticker 'COP' reason: Expecting value: line 1 column 1 (char 0)
[01:58:30] [WARNING]   [106/680] ❌ CNP  (累計 0 rows)Failed to get ticker 'COST' reason: Expecting value: line 1 column 1 (char 0)

Failed to get ticker 'CPAY' reason: Expecting value: line 1 column 1 (char 0)
Failed to get ticker 'CPB' reason: Expecting value: line 1 column 1 (char 0)
Failed to get ticker 'CPRT' reason: Expecting value: line 1 column 1 (char 0)
Failed to get ticker 'COO' reason: Expecting value: line 1 column 1 (char 0)
Failed to get ticker 'COR' reason: Expecting value: line 1 column 1 (char 0)
Failed to get ticker 'COIN' reason: Expecting value: line 1 column 1 (char 0)
Failed to get ticker 'COST' reason: Expecting value: line 1 column 1 (char 0)
Failed to get ticker 'CPAY' reason: Expecting value: line 1 column 1 (char 0)
Failed to get ticker 'COP' reason: Expecting value: line 1 column 1 (char 0)
Failed to get ticker 'CPB' reason: Expecting value: line 1 column 1 (char 0)
Failed to get ticker 'CPRT' reason: Expecting value: line 1 column 1 (char 0)
Failed to get ticker 'COO' reason: Expecting value: line 1 column 1 (char 0)
Failed to get ticker 'COR' reason: Expecting value: line 1 column 1 (char 0)
Failed to get ticker 'COIN' reason: Expecting value: line 1 column 1 (char 0)
[01:58:34] [WARNING]   [107/680] ❌ COO  (累計 0 rows)
Failed to get ticker 'CPAY' reason: Expecting value: line 1 column 1 (char 0)
Failed to get ticker 'COP' reason: Expecting value: line 1 column 1 (char 0)
Failed to get ticker 'COST' reason: Expecting value: line 1 column 1 (char 0)
[01:58:34] [WARNING]   [108/680] ❌ COIN  (累計 0 rows)
[01:58:34] [WARNING]   [109/680] ❌ COR  (累計 0 rows)
Failed to get ticker 'CPB' reason: Expecting value: line 1 column 1 (char 0)
Failed to get ticker 'CPT' reason: Expecting value: line 1 column 1 (char 0)
[01:58:34] [WARNING]   [110/680] ❌ COP  (累計 0 rows)
[01:58:34] [WARNING]   [111/680] ❌ CPAY  (累計 0 rows)
[01:58:34] [WARNING]   [112/680] ❌ COST  (累計 0 rows)
Failed to get ticker 'CRL' reason: Expecting value: line 1 column 1 (char 0)
[01:58:35] [WARNING]   [113/680] ❌ CPB  (累計 0 rows)
Failed to get ticker 'CRM' reason: Expecting value: line 1 column 1 (char 0)
Failed to get ticker 'CRH' reason: Expecting value: line 1 column 1 (char 0)
Failed to get ticker 'CSCO' reason: Expecting value: line 1 column 1 (char 0)
Failed to get ticker 'CRWD' reason: Expecting value: line 1 column 1 (char 0)
Failed to get ticker 'CPRT' reason: Expecting value: line 1 column 1 (char 0)
[01:58:35] [WARNING]   [114/680] ❌ CPRT  (累計 0 rows)
Failed to get ticker 'CPT' reason: Expecting value: line 1 column 1 (char 0)
Failed to get ticker 'CRL' reason: Expecting value: line 1 column 1 (char 0)
Failed to get ticker 'CRM' reason: Expecting value: line 1 column 1 (char 0)
Failed to get ticker 'CRH' reason: Expecting value: line 1 column 1 (char 0)
Failed to get ticker 'CRWD' reason: Expecting value: line 1 column 1 (char 0)
Failed to get ticker 'CSCO' reason: Expecting value: line 1 column 1 (char 0)
Failed to get ticker 'CPT' reason: Expecting value: line 1 column 1 (char 0)
[01:58:38] [WARNING]   [115/680] ❌ CPT  (累計 0 rows)
Failed to get ticker 'CRH' reason: Expecting value: line 1 column 1 (char 0)
Failed to get ticker 'CRL' reason: Expecting value: line 1 column 1 (char 0)
Failed to get ticker 'CRM' reason: Expecting value: line 1 column 1 (char 0)
[01:58:38] [WARNING]   [116/680] ❌ CRL  (累計 0 rows)
[01:58:38] [WARNING]   [117/680] ❌ CRH  (累計 0 rows)
[01:58:39] [WARNING]   [118/680] ❌ CRM  (累計 0 rows)
Failed to get ticker 'CSCO' reason: Expecting value: line 1 column 1 (char 0)
Failed to get ticker 'CRWD' reason: Expecting value: line 1 column 1 (char 0)
[01:58:40] [WARNING]   [119/680] ❌ CRWD  (累計 0 rows)
[01:58:40] [WARNING]   [120/680] ❌ CSCO  (累計 0 rows)
[01:58:40] [INFO]   批次完成: 0/30 ✅  耗时: 19.7s  累計: 0 rows
[01:58:43] [INFO] 
批次 5/23  (30 檔)...
Failed to get ticker 'CTSH' reason: Expecting value: line 1 column 1 (char 0)
Failed to get ticker 'CSGP' reason: Expecting value: line 1 column 1 (char 0)
Failed to get ticker 'CTAS' reason: Expecting value: line 1 column 1 (char 0)
Failed to get ticker 'CVNA' reason: Expecting value: line 1 column 1 (char 0)
Failed to get ticker 'CVS' reason: Expecting value: line 1 column 1 (char 0)
Failed to get ticker 'CSX' reason: Expecting value: line 1 column 1 (char 0)
Failed to get ticker 'CTVA' reason: Expecting value: line 1 column 1 (char 0)
Failed to get ticker 'CVX' reason: Expecting value: line 1 column 1 (char 0)
Failed to get ticker 'CVS' reason: Expecting value: line 1 column 1 (char 0)
Failed to get ticker 'CVX' reason: Expecting value: line 1 column 1 (char 0)
Failed to get ticker 'CSX' reason: Expecting value: line 1 column 1 (char 0)
Failed to get ticker 'CTVA' reason: Expecting value: line 1 column 1 (char 0)
Failed to get ticker 'CTSH' reason: Expecting value: line 1 column 1 (char 0)
Failed to get ticker 'CSGP' reason: Expecting value: line 1 column 1 (char 0)
Failed to get ticker 'CVNA' reason: Expecting value: line 1 column 1 (char 0)
Failed to get ticker 'CTAS' reason: Expecting value: line 1 column 1 (char 0)
Failed to get ticker 'CVS' reason: Expecting value: line 1 column 1 (char 0)
Failed to get ticker 'CTSH' reason: Expecting value: line 1 column 1 (char 0)
Failed to get ticker 'CSX' reason: Expecting value: line 1 column 1 (char 0)
Failed to get ticker 'CTVA' reason: Expecting value: line 1 column 1 (char 0)
Failed to get ticker 'CVX' reason: Expecting value: line 1 column 1 (char 0)
Failed to get ticker 'CTAS' reason: Expecting value: line 1 column 1 (char 0)
Failed to get ticker 'CSGP' reason: Expecting value: line 1 column 1 (char 0)
Failed to get ticker 'CVNA' reason: Expecting value: line 1 column 1 (char 0)
[01:58:48] [WARNING]   [121/680] ❌ CVS  (累計 0 rows)
[01:58:48] [WARNING]   [122/680] ❌ CVX  (累計 0 rows)
Failed to get ticker 'D' reason: Expecting value: line 1 column 1 (char 0)
[01:58:48] [WARNING]   [123/680] ❌ CSX  (累計 0 rows)
[01:58:48] [WARNING]   [124/680] ❌ CTAS  (累計 0 rows)
[01:58:48] [WARNING]   [125/680] ❌ CVNA  (累計 0 rows)
[01:58:48] [WARNING]   [126/680] ❌ CTVA  (累計 0 rows)
[01:58:48] [WARNING]   [127/680] ❌ CTSH  (累計 0 rows)
[01:58:48] [WARNING]   [128/680] ❌ CSGP  (累計 0 rows)
Failed to get ticker 'DECK' reason: Expecting value: line 1 column 1 (char 0)
Failed to get ticker 'DASH' reason: Expecting value: line 1 column 1 (char 0)
Failed to get ticker 'DDOG' reason: Expecting value: line 1 column 1 (char 0)
Failed to get ticker 'DAL' reason: Expecting value: line 1 column 1 (char 0)
Failed to get ticker 'DELL' reason: Expecting value: line 1 column 1 (char 0)
Failed to get ticker 'DE' reason: Expecting value: line 1 column 1 (char 0)
Failed to get ticker 'DD' reason: Expecting value: line 1 column 1 (char 0)
Failed to get ticker 'D' reason: Expecting value: line 1 column 1 (char 0)
Failed to get ticker 'DASH' reason: Expecting value: line 1 column 1 (char 0)
Failed to get ticker 'DD' reason: Expecting value: line 1 column 1 (char 0)
Failed to get ticker 'DE' reason: Expecting value: line 1 column 1 (char 0)
Failed to get ticker 'DDOG' reason: Expecting value: line 1 column 1 (char 0)
Failed to get ticker 'DAL' reason: Expecting value: line 1 column 1 (char 0)
Failed to get ticker 'DECK' reason: Expecting value: line 1 column 1 (char 0)
Failed to get ticker 'DELL' reason: Expecting value: line 1 column 1 (char 0)
Failed to get ticker 'D' reason: Expecting value: line 1 column 1 (char 0)
Failed to get ticker 'DASH' reason: Expecting value: line 1 column 1 (char 0)
Failed to get ticker 'DDOG' reason: Expecting value: line 1 column 1 (char 0)
Failed to get ticker 'DAL' reason: Expecting value: line 1 column 1 (char 0)
Failed to get ticker 'DE' reason: Expecting value: line 1 column 1 (char 0)
Failed to get ticker 'DD' reason: Expecting value: line 1 column 1 (char 0)
Failed to get ticker 'DECK' reason: Expecting value: line 1 column 1 (char 0)
Failed to get ticker 'DELL' reason: Expecting value: line 1 column 1 (char 0)
[01:58:52] [WARNING]   [129/680] ❌ D  (累計 0 rows)
[01:58:52] [WARNING]   [130/680] ❌ DELL  (累計 0 rows)
[01:58:52] [WARNING]   [131/680] ❌ DAL  (累計 0 rows)
[01:58:52] [WARNING]   [132/680] ❌ DDOG  (累計 0 rows)
[01:58:52] [WARNING]   [133/680] ❌ DECK  (累計 0 rows)
[01:58:52] [WARNING]   [134/680] ❌ DASH  (累計 0 rows)
[01:58:52] [WARNING]   [135/680] ❌ DD  (累計 0 rows)
[01:58:52] [WARNING]   [136/680] ❌ DE  (累計 0 rows)
Failed to get ticker 'DGX' reason: Expecting value: line 1 column 1 (char 0)
Failed to get ticker 'DG' reason: Expecting value: line 1 column 1 (char 0)
Failed to get ticker 'DHI' reason: Expecting value: line 1 column 1 (char 0)
Failed to get ticker 'DHR' reason: Expecting value: line 1 column 1 (char 0)
Failed to get ticker 'DOC' reason: Expecting value: line 1 column 1 (char 0)
Failed to get ticker 'DIS' reason: Expecting value: line 1 column 1 (char 0)
Failed to get ticker 'DLR' reason: Expecting value: line 1 column 1 (char 0)
Failed to get ticker 'DLTR' reason: Expecting value: line 1 column 1 (char 0)
Failed to get ticker 'DGX' reason: Expecting value: line 1 column 1 (char 0)
Failed to get ticker 'DHI' reason: Expecting value: line 1 column 1 (char 0)
Failed to get ticker 'DG' reason: Expecting value: line 1 column 1 (char 0)
Failed to get ticker 'DHR' reason: Expecting value: line 1 column 1 (char 0)
Failed to get ticker 'DLR' reason: Expecting value: line 1 column 1 (char 0)
Failed to get ticker 'DOC' reason: Expecting value: line 1 column 1 (char 0)
Failed to get ticker 'DIS' reason: Expecting value: line 1 column 1 (char 0)
Failed to get ticker 'DLTR' reason: Expecting value: line 1 column 1 (char 0)
Failed to get ticker 'DHI' reason: Expecting value: line 1 column 1 (char 0)
Failed to get ticker 'DGX' reason: Expecting value: line 1 column 1 (char 0)
Failed to get ticker 'DLR' reason: Expecting value: line 1 column 1 (char 0)
Failed to get ticker 'DIS' reason: Expecting value: line 1 column 1 (char 0)
Failed to get ticker 'DOC' reason: Expecting value: line 1 column 1 (char 0)
Failed to get ticker 'DLTR' reason: Expecting value: line 1 column 1 (char 0)
Failed to get ticker 'DHR' reason: Expecting value: line 1 column 1 (char 0)
[01:58:57] [WARNING]   [137/680] ❌ DHI  (累計 0 rows)
[01:58:57] [WARNING]   [138/680] ❌ DGX  (累計 0 rows)
Failed to get ticker 'DG' reason: Expecting value: line 1 column 1 (char 0)
[01:58:58] [WARNING]   [139/680] ❌ DLR  (累計 0 rows)
[01:58:58] [WARNING]   [140/680] ❌ DIS  (累計 0 rows)
Failed to get ticker 'DOW' reason: Expecting value: line 1 column 1 (char 0)
Failed to get ticker 'DOV' reason: Expecting value: line 1 column 1 (char 0)
[01:58:58] [WARNING]   [141/680] ❌ DOC  (累計 0 rows)
[01:58:58] [WARNING]   [142/680] ❌ DLTR  (累計 0 rows)
[01:58:58] [WARNING]   [143/680] ❌ DHR  (累計 0 rows)
Failed to get ticker 'DUK' reason: Expecting value: line 1 column 1 (char 0)
[01:58:59] [WARNING]   [144/680] ❌ DG  (累計 0 rows)Failed to get ticker 'DTE' reason: Expecting value: line 1 column 1 (char 0)

Failed to get ticker 'DRI' reason: Expecting value: line 1 column 1 (char 0)
Failed to get ticker 'DPZ' reason: Expecting value: line 1 column 1 (char 0)
Failed to get ticker 'DOW' reason: Expecting value: line 1 column 1 (char 0)
Failed to get ticker 'DRI' reason: Expecting value: line 1 column 1 (char 0)
Failed to get ticker 'DUK' reason: Expecting value: line 1 column 1 (char 0)
Failed to get ticker 'DOV' reason: Expecting value: line 1 column 1 (char 0)
Failed to get ticker 'DTE' reason: Expecting value: line 1 column 1 (char 0)
Failed to get ticker 'DPZ' reason: Expecting value: line 1 column 1 (char 0)
Failed to get ticker 'DOW' reason: Expecting value: line 1 column 1 (char 0)
Failed to get ticker 'DTE' reason: Expecting value: line 1 column 1 (char 0)
Failed to get ticker 'DPZ' reason: Expecting value: line 1 column 1 (char 0)
Failed to get ticker 'DOV' reason: Expecting value: line 1 column 1 (char 0)
Failed to get ticker 'DRI' reason: Expecting value: line 1 column 1 (char 0)
Failed to get ticker 'DUK' reason: Expecting value: line 1 column 1 (char 0)
[01:59:04] [WARNING]   [145/680] ❌ DOW  (累計 0 rows)
[01:59:05] [WARNING]   [146/680] ❌ DPZ  (累計 0 rows)
[01:59:05] [WARNING]   [147/680] ❌ DUK  (累計 0 rows)
[01:59:05] [WARNING]   [148/680] ❌ DRI  (累計 0 rows)
[01:59:05] [WARNING]   [149/680] ❌ DOV  (累計 0 rows)
[01:59:05] [WARNING]   [150/680] ❌ DTE  (累計 0 rows)
[01:59:05] [INFO]   批次完成: 0/30 ✅  耗时: 21.4s  累計: 0 rows
[01:59:08] [INFO] 
批次 6/23  (30 檔)...
Failed to get ticker 'DXCM' reason: Expecting value: line 1 column 1 (char 0)
Failed to get ticker 'EA' reason: Expecting value: line 1 column 1 (char 0)
Failed to get ticker 'DVA' reason: Expecting value: line 1 column 1 (char 0)
Failed to get ticker 'DVN' reason: Expecting value: line 1 column 1 (char 0)
Failed to get ticker 'ED' reason: Expecting value: line 1 column 1 (char 0)
Failed to get ticker 'ECL' reason: Expecting value: line 1 column 1 (char 0)
Failed to get ticker 'EBAY' reason: Expecting value: line 1 column 1 (char 0)
Failed to get ticker 'EFX' reason: Expecting value: line 1 column 1 (char 0)
Failed to get ticker 'DXCM' reason: Expecting value: line 1 column 1 (char 0)
Failed to get ticker 'EA' reason: Expecting value: line 1 column 1 (char 0)
Failed to get ticker 'DVA' reason: Expecting value: line 1 column 1 (char 0)
Failed to get ticker 'DVN' reason: Expecting value: line 1 column 1 (char 0)
Failed to get ticker 'ED' reason: Expecting value: line 1 column 1 (char 0)
Failed to get ticker 'EFX' reason: Expecting value: line 1 column 1 (char 0)
Failed to get ticker 'EBAY' reason: Expecting value: line 1 column 1 (char 0)
Failed to get ticker 'ECL' reason: Expecting value: line 1 column 1 (char 0)
[01:59:10] [WARN] 收到退出信號，正在保存 checkpoint...
Failed to get ticker 'EFX' reason: Expecting value: line 1 column 1 (char 0)
Failed to get ticker 'DXCM' reason: Expecting value: line 1 column 1 (char 0)
Failed to get ticker 'ECL' reason: Expecting value: line 1 column 1 (char 0)
Failed to get ticker 'EBAY' reason: Expecting value: line 1 column 1 (char 0)
Failed to get ticker 'EA' reason: Expecting value: line 1 column 1 (char 0)
Failed to get ticker 'DVA' reason: Expecting value: line 1 column 1 (char 0)
Failed to get ticker 'DVN' reason: Expecting value: line 1 column 1 (char 0)
Failed to get ticker 'ED' reason: Expecting value: line 1 column 1 (char 0)
Failed to get ticker 'EIX' reason: Expecting value: line 1 column 1 (char 0)
Failed to get ticker 'EG' reason: Expecting value: line 1 column 1 (char 0)
Failed to get ticker 'EOG' reason: Expecting value: line 1 column 1 (char 0)
Failed to get ticker 'EPAM' reason: Expecting value: line 1 column 1 (char 0)
Failed to get ticker 'EME' reason: Expecting value: line 1 column 1 (char 0)
Failed to get ticker 'EL' reason: Expecting value: line 1 column 1 (char 0)
Failed to get ticker 'ELV' reason: Expecting value: line 1 column 1 (char 0)
Failed to get ticker 'EMR' reason: Expecting value: line 1 column 1 (char 0)
Failed to get ticker 'EIX' reason: Expecting value: line 1 column 1 (char 0)
[01:59:14] [WARN] 收到退出信號，正在保存 checkpoint...
Failed to get ticker 'EG' reason: Expecting value: line 1 column 1 (char 0)
Failed to get ticker 'EMR' reason: Expecting value: line 1 column 1 (char 0)
Failed to get ticker 'EPAM' reason: Expecting value: line 1 column 1 (char 0)
Failed to get ticker 'EOG' reason: Expecting value: line 1 column 1 (char 0)
Failed to get ticker 'EME' reason: Expecting value: line 1 column 1 (char 0)
Failed to get ticker 'ELV' reason: Expecting value: line 1 column 1 (char 0)
Failed to get ticker 'EL' reason: Expecting value: line 1 column 1 (char 0)
Failed to get ticker 'EIX' reason: Expecting value: line 1 column 1 (char 0)
Failed to get ticker 'EME' reason: Expecting value: line 1 column 1 (char 0)
Failed to get ticker 'EL' reason: Expecting value: line 1 column 1 (char 0)
Failed to get ticker 'EG' reason: Expecting value: line 1 column 1 (char 0)
Failed to get ticker 'EMR' reason: Expecting value: line 1 column 1 (char 0)
Failed to get ticker 'EOG' reason: Expecting value: line 1 column 1 (char 0)
Failed to get ticker 'EPAM' reason: Expecting value: line 1 column 1 (char 0)
Failed to get ticker 'ELV' reason: Expecting value: line 1 column 1 (char 0)
Failed to get ticker 'EQR' reason: Expecting value: line 1 column 1 (char 0)
Failed to get ticker 'EQIX' reason: Expecting value: line 1 column 1 (char 0)
Failed to get ticker 'ERIE' reason: Expecting value: line 1 column 1 (char 0)
Failed to get ticker 'EQT' reason: Expecting value: line 1 column 1 (char 0)
Failed to get ticker 'ES' reason: Expecting value: line 1 column 1 (char 0)
Failed to get ticker 'ESS' reason: Expecting value: line 1 column 1 (char 0)
Failed to get ticker 'ETN' reason: Expecting value: line 1 column 1 (char 0)
Failed to get ticker 'ETR' reason: Expecting value: line 1 column 1 (char 0)
Failed to get ticker 'EQT' reason: Expecting value: line 1 column 1 (char 0)
Failed to get ticker 'EQR' reason: Expecting value: line 1 column 1 (char 0)
Failed to get ticker 'ERIE' reason: Expecting value: line 1 column 1 (char 0)
Failed to get ticker 'EQIX' reason: Expecting value: line 1 column 1 (char 0)
Failed to get ticker 'ES' reason: Expecting value: line 1 column 1 (char 0)
Failed to get ticker 'ESS' reason: Expecting value: line 1 column 1 (char 0)
Failed to get ticker 'ETN' reason: Expecting value: line 1 column 1 (char 0)
Failed to get ticker 'ETR' reason: Expecting value: line 1 column 1 (char 0)
Failed to get ticker 'EQT' reason: Expecting value: line 1 column 1 (char 0)
Failed to get ticker 'EQIX' reason: Expecting value: line 1 column 1 (char 0)
Failed to get ticker 'EQR' reason: Expecting value: line 1 column 1 (char 0)
Failed to get ticker 'ERIE' reason: Expecting value: line 1 column 1 (char 0)
Failed to get ticker 'ES' reason: Expecting value: line 1 column 1 (char 0)
Failed to get ticker 'ETR' reason: Expecting value: line 1 column 1 (char 0)
Failed to get ticker 'ESS' reason: Expecting value: line 1 column 1 (char 0)
Failed to get ticker 'ETN' reason: Expecting value: line 1 column 1 (char 0)
/Users/aiagent/Library/Python/3.9/lib/python/site-packages/urllib3/__init__.py:35: NotOpenSSLWarning: urllib3 v2 only supports OpenSSL 1.1.1+, currently the 'ssl' module is compiled with 'LibreSSL 2.8.3'. See: https://github.com/urllib3/urllib3/issues/3020
  warnings.warn(
[03:03:55] [INFO] ============================================================
[03:03:55] [INFO] backfill_historical.py  啟動
[03:03:55] [INFO]   天數:    365
[03:03:55] [INFO]   並發數:  4
[03:03:55] [INFO]   指數:    all
[03:03:55] [INFO]   恢復模式: False
[03:03:55] [INFO]   日誌:    /Users/aiagent/projects/dashboard/logs/backfill_2026-05-12.log
[03:03:55] [INFO] ============================================================
[03:03:55] [INFO] 待下載股票: 680 檔
[03:03:55] [INFO] 數據庫已有: 57 檔
[03:03:55] [INFO] 需要下載: 613 檔  (跳過已存在: 57)
[03:03:55] [INFO] 
批次 1/31  (20 檔)...
[03:03:55] [WARNING]   [1/613] ❌ BF.B  (累計 0 rows)
[03:03:55] [PROGRESS]   [2/613] ✅ BIIB  (累計 365 rows)
[03:03:56] [PROGRESS]   [3/613] ✅ BG  (累計 730 rows)
[03:03:56] [PROGRESS]   [4/613] ✅ BALL  (累計 1095 rows)
[03:03:57] [PROGRESS]   [5/613] ✅ BKNG  (累計 1460 rows)
[03:03:57] [PROGRESS]   [6/613] ✅ BLDR  (累計 1825 rows)
[03:03:57] [PROGRESS]   [7/613] ✅ BK  (累計 2190 rows)
[03:03:58] [PROGRESS]   [8/613] ✅ BKR  (累計 2555 rows)
[03:03:58] [PROGRESS]   [9/613] ✅ BLK  (累計 2920 rows)
[03:03:59] [PROGRESS]   [10/613] ✅ BMY  (累計 3285 rows)
[03:03:59] [PROGRESS]   [11/613] ✅ BR  (累計 3650 rows)
[03:03:59] [PROGRESS]   [12/613] ✅ BRO  (累計 4015 rows)
[03:04:00] [PROGRESS]   [13/613] ✅ BSX  (累計 4380 rows)
[03:04:00] [PROGRESS]   [14/613] ✅ BX  (累計 4745 rows)
[03:04:01] [PROGRESS]   [15/613] ✅ BXP  (累計 5110 rows)
[03:04:01] [PROGRESS]   [16/613] ✅ C  (累計 5475 rows)
[03:04:01] [PROGRESS]   [17/613] ✅ CAG  (累計 5840 rows)
[03:04:02] [PROGRESS]   [18/613] ✅ CARR  (累計 6205 rows)
[03:04:02] [PROGRESS]   [19/613] ✅ CAH  (累計 6570 rows)
[03:04:03] [WARNING]   [20/613] ❌ BRK.B  (累計 6570 rows)
[03:04:03] [INFO]   批次完成: 18/20 ✅  耗时: 7.8s  累計: 6570 rows
[03:04:06] [INFO] 
批次 2/31  (20 檔)...
[03:04:06] [PROGRESS]   [21/613] ✅ CBOE  (累計 6935 rows)
[03:04:06] [PROGRESS]   [22/613] ✅ CB  (累計 7300 rows)
[03:04:07] [PROGRESS]   [23/613] ✅ CAT  (累計 7665 rows)
[03:04:07] [PROGRESS]   [24/613] ✅ CBRE  (累計 8030 rows)
[03:04:08] [PROGRESS]   [25/613] ✅ CCI  (累計 8395 rows)
[03:04:08] [PROGRESS]   [26/613] ✅ CASY  (累計 8760 rows)
[03:04:09] [PROGRESS]   [27/613] ✅ CDNS  (累計 9125 rows)
[03:04:09] [PROGRESS]   [28/613] ✅ CCL  (累計 9490 rows)
[03:04:09] [PROGRESS]   [29/613] ✅ CEG  (累計 9855 rows)
[03:04:10] [PROGRESS]   [30/613] ✅ CDW  (累計 10220 rows)
[03:04:10] [PROGRESS]   [31/613] ✅ CF  (累計 10585 rows)
[03:04:11] [PROGRESS]   [32/613] ✅ CFG  (累計 10950 rows)
[03:04:11] [PROGRESS]   [33/613] ✅ CHTR  (累計 11315 rows)
[03:04:11] [PROGRESS]   [34/613] ✅ CHD  (累計 11680 rows)
[03:04:12] [PROGRESS]   [35/613] ✅ CHRW  (累計 12045 rows)
[03:04:12] [PROGRESS]   [36/613] ✅ CIEN  (累計 12410 rows)
[03:04:13] [PROGRESS]   [37/613] ✅ CI  (累計 12775 rows)
[03:04:13] [PROGRESS]   [38/613] ✅ CINF  (累計 13140 rows)
[03:04:14] [PROGRESS]   [39/613] ✅ CLX  (累計 13505 rows)
[03:04:14] [PROGRESS]   [40/613] ✅ CL  (累計 13870 rows)
[03:04:14] [INFO]   批次完成: 20/20 ✅  耗时: 8.3s  累計: 13870 rows
[03:04:17] [INFO] 
批次 3/31  (20 檔)...
[03:04:17] [PROGRESS]   [41/613] ✅ CMG  (累計 14235 rows)
[03:04:18] [PROGRESS]   [42/613] ✅ CME  (累計 14600 rows)
[03:04:18] [PROGRESS]   [43/613] ✅ CMCSA  (累計 14965 rows)
[03:04:19] [PROGRESS]   [44/613] ✅ CMI  (累計 15330 rows)
[03:04:19] [PROGRESS]   [45/613] ✅ CNC  (累計 15695 rows)
[03:04:20] [PROGRESS]   [46/613] ✅ CMS  (累計 16060 rows)
[03:04:20] [PROGRESS]   [47/613] ✅ COHR  (累計 16425 rows)
[03:04:20] [PROGRESS]   [48/613] ✅ CNP  (累計 16790 rows)
[03:04:21] [PROGRESS]   [49/613] ✅ COIN  (累計 17155 rows)
[03:04:21] [PROGRESS]   [50/613] ✅ COF  (累計 17520 rows)
[03:04:22] [PROGRESS]   [51/613] ✅ COO  (累計 17885 rows)
[03:04:22] [PROGRESS]   [52/613] ✅ CPAY  (累計 18250 rows)
[03:04:23] [PROGRESS]   [53/613] ✅ COR  (累計 18615 rows)
[03:04:23] [PROGRESS]   [54/613] ✅ COST  (累計 18980 rows)
[03:04:23] [PROGRESS]   [55/613] ✅ COP  (累計 19345 rows)
[03:04:24] [PROGRESS]   [56/613] ✅ CPRT  (累計 19710 rows)
[03:04:24] [PROGRESS]   [57/613] ✅ CPT  (累計 20075 rows)
[03:04:25] [PROGRESS]   [58/613] ✅ CRL  (累計 20440 rows)
[03:04:25] [PROGRESS]   [59/613] ✅ CRH  (累計 20805 rows)
[03:04:26] [PROGRESS]   [60/613] ✅ CPB  (累計 21170 rows)
[03:04:26] [INFO]   批次完成: 20/20 ✅  耗时: 8.6s  累計: 21170 rows
[03:04:29] [INFO] 
批次 4/31  (20 檔)...
[03:04:29] [PROGRESS]   [61/613] ✅ CSGP  (累計 21535 rows)
[03:04:29] [PROGRESS]   [62/613] ✅ CRWD  (累計 21900 rows)
[03:04:30] [PROGRESS]   [63/613] ✅ CRM  (累計 22265 rows)
[03:04:30] [PROGRESS]   [64/613] ✅ CSCO  (累計 22630 rows)
[03:04:31] [PROGRESS]   [65/613] ✅ CTSH  (累計 22995 rows)
[03:04:31] [PROGRESS]   [66/613] ✅ CTVA  (累計 23360 rows)
[03:04:32] [PROGRESS]   [67/613] ✅ CTAS  (累計 23725 rows)
[03:04:32] [PROGRESS]   [68/613] ✅ CSX  (累計 24090 rows)
[03:04:33] [PROGRESS]   [69/613] ✅ CVNA  (累計 24455 rows)
[03:04:33] [PROGRESS]   [70/613] ✅ DAL  (累計 24820 rows)
[03:04:34] [PROGRESS]   [71/613] ✅ CVS  (累計 25185 rows)
[03:04:34] [PROGRESS]   [72/613] ✅ CVX  (累計 25550 rows)
[03:04:34] [PROGRESS]   [73/613] ✅ D  (累計 25915 rows)
[03:04:35] [PROGRESS]   [74/613] ✅ DASH  (累計 26280 rows)
[03:04:36] [PROGRESS]   [75/613] ✅ DDOG  (累計 26645 rows)
[03:04:36] [PROGRESS]   [76/613] ✅ DECK  (累計 27010 rows)
[03:04:36] [PROGRESS]   [77/613] ✅ DD  (累計 27375 rows)
[03:04:37] [PROGRESS]   [78/613] ✅ DE  (累計 27740 rows)
[03:04:37] [PROGRESS]   [79/613] ✅ DELL  (累計 28105 rows)
[03:04:38] [PROGRESS]   [80/613] ✅ DG  (累計 28470 rows)
[03:04:38] [INFO]   批次完成: 20/20 ✅  耗时: 9.1s  累計: 28470 rows
[03:04:41] [INFO] 
批次 5/31  (20 檔)...
[03:04:41] [PROGRESS]   [81/613] ✅ DHR  (累計 28835 rows)
[03:04:42] [PROGRESS]   [82/613] ✅ DHI  (累計 29200 rows)
[03:04:42] [PROGRESS]   [83/613] ✅ DGX  (累計 29565 rows)
[03:04:43] [PROGRESS]   [84/613] ✅ DIS  (累計 29930 rows)
[03:04:43] [PROGRESS]   [85/613] ✅ DLTR  (累計 30295 rows)
[03:04:44] [PROGRESS]   [86/613] ✅ DLR  (累計 30660 rows)
[03:04:44] [PROGRESS]   [87/613] ✅ DOC  (累計 31025 rows)
[03:04:45] [PROGRESS]   [88/613] ✅ DOV  (累計 31390 rows)
[03:04:45] [PROGRESS]   [89/613] ✅ DPZ  (累計 31755 rows)
[03:04:46] [PROGRESS]   [90/613] ✅ DOW  (累計 32120 rows)
[03:04:46] [PROGRESS]   [91/613] ✅ DRI  (累計 32485 rows)
[03:04:46] [PROGRESS]   [92/613] ✅ DVA  (累計 32850 rows)
[03:04:47] [PROGRESS]   [93/613] ✅ DUK  (累計 33215 rows)
[03:04:47] [PROGRESS]   [94/613] ✅ DTE  (累計 33580 rows)
[03:04:48] [PROGRESS]   [95/613] ✅ DXCM  (累計 33945 rows)
[03:04:48] [PROGRESS]   [96/613] ✅ EBAY  (累計 34310 rows)
[03:04:49] [PROGRESS]   [97/613] ✅ EA  (累計 34675 rows)
[03:04:49] [PROGRESS]   [98/613] ✅ DVN  (累計 35040 rows)
[03:04:50] [PROGRESS]   [99/613] ✅ ECL  (累計 35405 rows)
[03:04:50] [PROGRESS]   [100/613] ✅ ED  (累計 35770 rows)
[03:04:50] [INFO]   批次完成: 20/20 ✅  耗时: 9.3s  累計: 35770 rows
[03:04:53] [INFO] 
批次 6/31  (20 檔)...
[03:04:54] [PROGRESS]   [101/613] ✅ EG  (累計 36135 rows)
[03:04:54] [PROGRESS]   [102/613] ✅ EL  (累計 36500 rows)
[03:04:55] [PROGRESS]   [103/613] ✅ EIX  (累計 36865 rows)
[03:04:55] [PROGRESS]   [104/613] ✅ EFX  (累計 37230 rows)
[03:04:56] [PROGRESS]   [105/613] ✅ EME  (累計 37595 rows)
[03:04:56] [PROGRESS]   [106/613] ✅ ELV  (累計 37960 rows)
[03:04:56] [PROGRESS]   [107/613] ✅ EMR  (累計 38325 rows)
[03:04:57] [PROGRESS]   [108/613] ✅ EPAM  (累計 38690 rows)
[03:04:57] [PROGRESS]   [109/613] ✅ EOG  (累計 39055 rows)
[03:04:58] [PROGRESS]   [110/613] ✅ EQIX  (累計 39420 rows)
[03:04:58] [PROGRESS]   [111/613] ✅ EQR  (累計 39785 rows)
[03:04:59] [PROGRESS]   [112/613] ✅ EQT  (累計 40150 rows)
[03:04:59] [PROGRESS]   [113/613] ✅ ERIE  (累計 40515 rows)
[03:04:59] [PROGRESS]   [114/613] ✅ ES  (累計 40880 rows)
[03:05:00] [PROGRESS]   [115/613] ✅ ESS  (累計 41245 rows)
[03:05:00] [PROGRESS]   [116/613] ✅ ETN  (累計 41610 rows)
[03:05:01] [PROGRESS]   [117/613] ✅ ETR  (累計 41975 rows)
[03:05:01] [PROGRESS]   [118/613] ✅ EVRG  (累計 42340 rows)
[03:05:01] [PROGRESS]   [119/613] ✅ EW  (累計 42705 rows)
[03:05:02] [PROGRESS]   [120/613] ✅ EXC  (累計 43070 rows)
[03:05:02] [INFO]   批次完成: 20/20 ✅  耗时: 8.5s  累計: 43070 rows
[03:05:05] [INFO] 
批次 7/31  (20 檔)...
[03:05:05] [PROGRESS]   [121/613] ✅ EXR  (累計 43435 rows)
[03:05:06] [PROGRESS]   [122/613] ✅ EXPD  (累計 43800 rows)
[03:05:06] [PROGRESS]   [123/613] ✅ EXE  (累計 44165 rows)
[03:05:06] [PROGRESS]   [124/613] ✅ EXPE  (累計 44530 rows)
[03:05:07] [PROGRESS]   [125/613] ✅ FANG  (累計 44895 rows)
[03:05:07] [PROGRESS]   [126/613] ✅ FCX  (累計 45260 rows)
[03:05:08] [PROGRESS]   [127/613] ✅ F  (累計 45625 rows)
[03:05:08] [PROGRESS]   [128/613] ✅ FAST  (累計 45990 rows)
[03:05:09] [PROGRESS]   [129/613] ✅ FDS  (累計 46355 rows)
[03:05:09] [PROGRESS]   [130/613] ✅ FFIV  (累計 46720 rows)
[03:05:10] [PROGRESS]   [131/613] ✅ FDX  (累計 47085 rows)
[03:05:10] [PROGRESS]   [132/613] ✅ FE  (累計 47450 rows)
Traceback (most recent call last):
  File "/Users/aiagent/projects/dashboard/backfill_historical.py", line 361, in <module>
    main()
  File "/Users/aiagent/projects/dashboard/backfill_historical.py", line 323, in main
    seg_failed = download_batch(segment, args.days, conn, progress_lock, stats)
  File "/Users/aiagent/projects/dashboard/backfill_historical.py", line 237, in download_batch
    bulk_upsert(conn, rows)
  File "/Users/aiagent/projects/dashboard/backfill_historical.py", line 193, in bulk_upsert
    conn.executemany(
_duckdb.ConversionException: Conversion Error: Could not cast value nan to DECIMAL(12,4)
/Users/aiagent/Library/Python/3.9/lib/python/site-packages/urllib3/__init__.py:35: NotOpenSSLWarning: urllib3 v2 only supports OpenSSL 1.1.1+, currently the 'ssl' module is compiled with 'LibreSSL 2.8.3'. See: https://github.com/urllib3/urllib3/issues/3020
  warnings.warn(
[03:05:39] [INFO] ============================================================
[03:05:39] [INFO] backfill_historical.py  啟動
[03:05:39] [INFO]   天數:    365
[03:05:39] [INFO]   並發數:  4
[03:05:39] [INFO]   指數:    all
[03:05:39] [INFO]   恢復模式: True
[03:05:39] [INFO]   日誌:    /Users/aiagent/projects/dashboard/logs/backfill_2026-05-12.log
[03:05:39] [INFO] ============================================================
[03:05:39] [INFO] 待下載股票: 680 檔
[03:05:39] [INFO] 數據庫已有: 188 檔
[03:05:39] [INFO] 需要下載: 466 檔  (跳過已存在: 188)
[03:05:39] [INFO] 
批次 1/24  (20 檔)...
[03:05:39] [WARNING]   [1/466] ❌ BF.B  (累計 0 rows)
[03:05:40] [PROGRESS]   [2/466] ✅ FIS  (累計 365 rows)
[03:05:40] [PROGRESS]   [3/466] ✅ FICO  (累計 730 rows)
[03:05:40] [PROGRESS]   [4/466] ✅ FOX  (累計 1095 rows)
[03:05:41] [PROGRESS]   [5/466] ✅ FITB  (累計 1460 rows)
[03:05:41] [PROGRESS]   [6/466] ✅ FIX  (累計 1825 rows)
[03:05:42] [PROGRESS]   [7/466] ✅ FOXA  (累計 2190 rows)
[03:05:42] [PROGRESS]   [8/466] ✅ FSLR  (累計 2555 rows)
[03:05:43] [PROGRESS]   [9/466] ✅ FRT  (累計 2920 rows)
[03:05:43] [PROGRESS]   [10/466] ✅ FTNT  (累計 3285 rows)
[03:05:44] [PROGRESS]   [11/466] ✅ FTV  (累計 3650 rows)
[03:05:44] [PROGRESS]   [12/466] ✅ GDDY  (累計 4015 rows)
[03:05:44] [PROGRESS]   [13/466] ✅ GD  (累計 4380 rows)
[03:05:45] [PROGRESS]   [14/466] ✅ GEHC  (累計 4745 rows)
[03:05:45] [PROGRESS]   [15/466] ✅ GE  (累計 5110 rows)
[03:05:46] [PROGRESS]   [16/466] ✅ GEN  (累計 5475 rows)
[03:05:46] [PROGRESS]   [17/466] ✅ GEV  (累計 5840 rows)
[03:05:47] [PROGRESS]   [18/466] ✅ GILD  (累計 6205 rows)
[03:05:47] [PROGRESS]   [19/466] ✅ GIS  (累計 6570 rows)
[03:05:47] [WARNING]   [20/466] ❌ BRK.B  (累計 6570 rows)
[03:05:47] [INFO]   批次完成: 18/20 ✅  耗时: 8.1s  累計: 6570 rows
[03:05:50] [INFO] 
批次 2/24  (20 檔)...
[03:05:51] [PROGRESS]   [21/466] ✅ GNRC  (累計 6935 rows)
[03:05:51] [PROGRESS]   [22/466] ✅ GM  (累計 7300 rows)
[03:05:51] [PROGRESS]   [23/466] ✅ GL  (累計 7665 rows)
[03:05:52] [PROGRESS]   [24/466] ✅ GLW  (累計 8030 rows)
[03:05:53] [PROGRESS]   [25/466] ✅ GOOG  (累計 8395 rows)
[03:05:53] [PROGRESS]   [26/466] ✅ GOOGL  (累計 8760 rows)
[03:05:54] [PROGRESS]   [27/466] ✅ GPC  (累計 9125 rows)
[03:05:54] [PROGRESS]   [28/466] ✅ GPN  (累計 9490 rows)
[03:05:54] [PROGRESS]   [29/466] ✅ GRMN  (累計 9855 rows)
[03:05:55] [PROGRESS]   [30/466] ✅ GS  (累計 10220 rows)
[03:05:55] [PROGRESS]   [31/466] ✅ GWW  (累計 10585 rows)
[03:05:56] [PROGRESS]   [32/466] ✅ HAS  (累計 10950 rows)
[03:05:56] [PROGRESS]   [33/466] ✅ HAL  (累計 11315 rows)
[03:05:57] [PROGRESS]   [34/466] ✅ HBAN  (累計 11680 rows)
[03:05:57] [PROGRESS]   [35/466] ✅ HCA  (累計 12045 rows)
[03:05:57] [PROGRESS]   [36/466] ✅ HIG  (累計 12410 rows)
[03:05:58] [PROGRESS]   [37/466] ✅ HD  (累計 12775 rows)
[03:05:58] [PROGRESS]   [38/466] ✅ HII  (累計 13140 rows)
[03:05:59] [PROGRESS]   [39/466] ✅ HLT  (累計 13505 rows)
[03:05:59] [PROGRESS]   [40/466] ✅ HON  (累計 13870 rows)
[03:05:59] [INFO]   批次完成: 20/20 ✅  耗时: 8.8s  累計: 13870 rows
[03:06:02] [INFO] 
批次 3/24  (20 檔)...
[03:06:03] [PROGRESS]   [41/466] ✅ HOOD  (累計 14235 rows)
[03:06:03] [PROGRESS]   [42/466] ✅ HPE  (累計 14600 rows)
[03:06:03] [PROGRESS]   [43/466] ✅ HRL  (累計 14965 rows)
[03:06:04] [PROGRESS]   [44/466] ✅ HSIC  (累計 15330 rows)
[03:06:04] [PROGRESS]   [45/466] ✅ HPQ  (累計 15695 rows)
[03:06:05] [PROGRESS]   [46/466] ✅ HST  (累計 16060 rows)
[03:06:05] [PROGRESS]   [47/466] ✅ HSY  (累計 16425 rows)
[03:06:06] [PROGRESS]   [48/466] ✅ HUM  (累計 16790 rows)
[03:06:06] [PROGRESS]   [49/466] ✅ HUBB  (累計 17155 rows)
[03:06:07] [PROGRESS]   [50/466] ✅ IBKR  (累計 17520 rows)
[03:06:07] [PROGRESS]   [51/466] ✅ HWM  (累計 17885 rows)
[03:06:07] [PROGRESS]   [52/466] ✅ ICE  (累計 18250 rows)
[03:06:08] [PROGRESS]   [53/466] ✅ IDXX  (累計 18615 rows)
[03:06:08] [PROGRESS]   [54/466] ✅ IBM  (累計 18980 rows)
[03:06:09] [PROGRESS]   [55/466] ✅ IEX  (累計 19345 rows)
[03:06:09] [PROGRESS]   [56/466] ✅ INCY  (累計 19710 rows)
[03:06:09] [PROGRESS]   [57/466] ✅ IFF  (累計 20075 rows)
[03:06:10] [PROGRESS]   [58/466] ✅ INTU  (累計 20440 rows)
[03:06:10] [PROGRESS]   [59/466] ✅ INVH  (累計 20805 rows)
[03:06:11] [PROGRESS]   [60/466] ✅ INTC  (累計 21170 rows)
[03:06:11] [INFO]   批次完成: 20/20 ✅  耗时: 8.7s  累計: 21170 rows
[03:06:14] [INFO] 
批次 4/24  (20 檔)...
[03:06:15] [PROGRESS]   [61/466] ✅ IQV  (累計 21535 rows)
[03:06:15] [PROGRESS]   [62/466] ✅ IR  (累計 21900 rows)
[03:06:16] [PROGRESS]   [63/466] ✅ IRM  (累計 22265 rows)
[03:06:17] [PROGRESS]   [64/466] ✅ ISRG  (累計 22630 rows)
[03:06:17] [PROGRESS]   [65/466] ✅ IT  (累計 22995 rows)
[03:06:17] [PROGRESS]   [66/466] ✅ ITW  (累計 23360 rows)
[03:06:18] [PROGRESS]   [67/466] ✅ IP  (累計 23725 rows)
[03:06:18] [PROGRESS]   [68/466] ✅ IVZ  (累計 24090 rows)
[03:06:19] [PROGRESS]   [69/466] ✅ J  (累計 24455 rows)
[03:06:19] [PROGRESS]   [70/466] ✅ JBL  (累計 24820 rows)
[03:06:20] [PROGRESS]   [71/466] ✅ JBHT  (累計 25185 rows)
[03:06:20] [PROGRESS]   [72/466] ✅ JCI  (累計 25550 rows)
[03:06:21] [PROGRESS]   [73/466] ✅ JKHY  (累計 25915 rows)
[03:06:21] [PROGRESS]   [74/466] ✅ JNJ  (累計 26280 rows)
[03:06:22] [PROGRESS]   [75/466] ✅ JPM  (累計 26645 rows)
[03:06:22] [PROGRESS]   [76/466] ✅ KDP  (累計 27010 rows)
[03:06:23] [PROGRESS]   [77/466] ✅ KEYS  (累計 27375 rows)
[03:06:23] [PROGRESS]   [78/466] ✅ KEY  (累計 27740 rows)
[03:06:23] [PROGRESS]   [79/466] ✅ KHC  (累計 28105 rows)
[03:06:24] [PROGRESS]   [80/466] ✅ KIM  (累計 28470 rows)
[03:06:24] [INFO]   批次完成: 20/20 ✅  耗时: 9.9s  累計: 28470 rows
[03:06:27] [INFO] 
批次 5/24  (20 檔)...
[03:06:27] [PROGRESS]   [81/466] ✅ KMI  (累計 28835 rows)
[03:06:28] [PROGRESS]   [82/466] ✅ KKR  (累計 29200 rows)
[03:06:28] [PROGRESS]   [83/466] ✅ KLAC  (累計 29565 rows)
[03:06:29] [PROGRESS]   [84/466] ✅ KMB  (累計 29930 rows)
[03:06:29] [PROGRESS]   [85/466] ✅ KVUE  (累計 30295 rows)
[03:06:30] [PROGRESS]   [86/466] ✅ KR  (累計 30660 rows)
[03:06:30] [PROGRESS]   [87/466] ✅ L  (累計 31025 rows)
[03:06:31] [PROGRESS]   [88/466] ✅ LDOS  (累計 31390 rows)
[03:06:31] [PROGRESS]   [89/466] ✅ KO  (累計 31755 rows)
[03:06:32] [PROGRESS]   [90/466] ✅ LEN  (累計 32120 rows)
[03:06:32] [PROGRESS]   [91/466] ✅ LHX  (累計 32485 rows)
[03:06:33] [PROGRESS]   [92/466] ✅ LII  (累計 32850 rows)
[03:06:33] [PROGRESS]   [93/466] ✅ LH  (累計 33215 rows)
[03:06:34] [PROGRESS]   [94/466] ✅ LITE  (累計 33580 rows)
[03:06:34] [PROGRESS]   [95/466] ✅ LIN  (累計 33945 rows)
[03:06:35] [PROGRESS]   [96/466] ✅ LLY  (累計 34310 rows)
[03:06:35] [PROGRESS]   [97/466] ✅ LMT  (累計 34675 rows)
[03:06:36] [PROGRESS]   [98/466] ✅ LNT  (累計 35040 rows)
[03:06:36] [PROGRESS]   [99/466] ✅ LOW  (累計 35405 rows)
[03:06:37] [PROGRESS]   [100/466] ✅ LRCX  (累計 35770 rows)
[03:06:37] [INFO]   批次完成: 20/20 ✅  耗时: 9.5s  累計: 35770 rows
[03:06:40] [INFO] 
批次 6/24  (20 檔)...
[03:06:40] [PROGRESS]   [101/466] ✅ LULU  (累計 36135 rows)
[03:06:40] [PROGRESS]   [102/466] ✅ LYB  (累計 36500 rows)
[03:06:41] [PROGRESS]   [103/466] ✅ LVS  (累計 36865 rows)
[03:06:41] [PROGRESS]   [104/466] ✅ LUV  (累計 37230 rows)
[03:06:42] [PROGRESS]   [105/466] ✅ LYV  (累計 37595 rows)
[03:06:42] [PROGRESS]   [106/466] ✅ MAA  (累計 37960 rows)
[03:06:43] [PROGRESS]   [107/466] ✅ MAR  (累計 38325 rows)
[03:06:43] [PROGRESS]   [108/466] ✅ MAS  (累計 38690 rows)
[03:06:43] [PROGRESS]   [109/466] ✅ MA  (累計 39055 rows)
[03:06:44] [PROGRESS]   [110/466] ✅ MCHP  (累計 39420 rows)
[03:06:44] [PROGRESS]   [111/466] ✅ MCD  (累計 39785 rows)
[03:06:45] [PROGRESS]   [112/466] ✅ MCO  (累計 40150 rows)
[03:06:45] [PROGRESS]   [113/466] ✅ MCK  (累計 40515 rows)
[03:06:46] [PROGRESS]   [114/466] ✅ MDLZ  (累計 40880 rows)
[03:06:46] [PROGRESS]   [115/466] ✅ MDT  (累計 41245 rows)
[03:06:46] [PROGRESS]   [116/466] ✅ META  (累計 41610 rows)
[03:06:47] [PROGRESS]   [117/466] ✅ MET  (累計 41975 rows)
[03:06:47] [PROGRESS]   [118/466] ✅ MGM  (累計 42340 rows)
[03:06:48] [PROGRESS]   [119/466] ✅ MLM  (累計 42705 rows)
[03:06:48] [PROGRESS]   [120/466] ✅ MKC  (累計 43070 rows)
[03:06:48] [INFO]   批次完成: 20/20 ✅  耗时: 8.4s  累計: 43070 rows
[03:06:51] [INFO] 
批次 7/24  (20 檔)...
[03:06:52] [PROGRESS]   [121/466] ✅ MNST  (累計 43435 rows)
[03:06:52] [PROGRESS]   [122/466] ✅ MOS  (累計 43800 rows)
[03:06:52] [PROGRESS]   [123/466] ✅ MO  (累計 44165 rows)
[03:06:53] [PROGRESS]   [124/466] ✅ MPC  (累計 44530 rows)
[03:06:53] [PROGRESS]   [125/466] ✅ MRNA  (累計 44895 rows)
[03:06:54] [PROGRESS]   [126/466] ✅ MPWR  (累計 45260 rows)
[03:06:54] [PROGRESS]   [127/466] ✅ MMM  (累計 45625 rows)
[03:06:55] [PROGRESS]   [128/466] ✅ MRK  (累計 45990 rows)
[03:06:55] [PROGRESS]   [129/466] ✅ MS  (累計 46355 rows)
[03:06:55] [PROGRESS]   [130/466] ✅ MRSH  (累計 46720 rows)
[03:06:56] [PROGRESS]   [131/466] ✅ MSCI  (累計 47085 rows)
[03:06:56] [PROGRESS]   [132/466] ✅ MSFT  (累計 47450 rows)
[03:06:57] [PROGRESS]   [133/466] ✅ MTD  (累計 47815 rows)
[03:06:57] [PROGRESS]   [134/466] ✅ MTB  (累計 48180 rows)
[03:06:58] [PROGRESS]   [135/466] ✅ MSI  (累計 48545 rows)
[03:06:58] [PROGRESS]   [136/466] ✅ NCLH  (累計 48910 rows)
[03:06:58] [PROGRESS]   [137/466] ✅ NDAQ  (累計 49275 rows)
[03:06:59] [PROGRESS]   [138/466] ✅ NDSN  (累計 49640 rows)
[03:06:59] [PROGRESS]   [139/466] ✅ MU  (累計 50005 rows)
[03:07:00] [PROGRESS]   [140/466] ✅ NEE  (累計 50370 rows)
[03:07:00] [INFO]   批次完成: 20/20 ✅  耗时: 8.5s  累計: 50370 rows
[03:07:03] [INFO] 
批次 8/24  (20 檔)...
[03:07:03] [PROGRESS]   [141/466] ✅ NFLX  (累計 50735 rows)
[03:07:04] [PROGRESS]   [142/466] ✅ NEM  (累計 51100 rows)
[03:07:04] [PROGRESS]   [143/466] ✅ NI  (累計 51465 rows)
[03:07:04] [PROGRESS]   [144/466] ✅ NKE  (累計 51830 rows)
[03:07:05] [PROGRESS]   [145/466] ✅ NOW  (累計 52195 rows)
[03:07:05] [PROGRESS]   [146/466] ✅ NRG  (累計 52560 rows)
[03:07:06] [PROGRESS]   [147/466] ✅ NOC  (累計 52925 rows)
[03:07:06] [PROGRESS]   [148/466] ✅ NSC  (累計 53290 rows)
[03:07:07] [PROGRESS]   [149/466] ✅ NTAP  (累計 53655 rows)
[03:07:07] [PROGRESS]   [150/466] ✅ NVDA  (累計 54020 rows)
[03:07:07] [PROGRESS]   [151/466] ✅ NUE  (累計 54385 rows)
[03:07:08] [PROGRESS]   [152/466] ✅ NTRS  (累計 54750 rows)
[03:07:08] [PROGRESS]   [153/466] ✅ NVR  (累計 55115 rows)
[03:07:09] [PROGRESS]   [154/466] ✅ NWSA  (累計 55480 rows)
[03:07:09] [PROGRESS]   [155/466] ✅ NWS  (累計 55845 rows)
[03:07:10] [PROGRESS]   [156/466] ✅ NXPI  (累計 56210 rows)
[03:07:10] [PROGRESS]   [157/466] ✅ ODFL  (累計 56575 rows)
[03:07:10] [PROGRESS]   [158/466] ✅ O  (累計 56940 rows)
[03:07:11] [PROGRESS]   [159/466] ✅ OKE  (累計 57305 rows)
[03:07:11] [PROGRESS]   [160/466] ✅ OMC  (累計 57670 rows)
[03:07:11] [INFO]   批次完成: 20/20 ✅  耗时: 8.5s  累計: 57670 rows
[03:07:14] [INFO] 
批次 9/24  (20 檔)...
[03:07:15] [PROGRESS]   [161/466] ✅ ON  (累計 58035 rows)
[03:07:15] [PROGRESS]   [162/466] ✅ ORLY  (累計 58400 rows)
[03:07:16] [PROGRESS]   [163/466] ✅ ORCL  (累計 58765 rows)
[03:07:16] [PROGRESS]   [164/466] ✅ OTIS  (累計 59130 rows)
[03:07:16] [PROGRESS]   [165/466] ✅ PANW  (累計 59495 rows)
[03:07:17] [PROGRESS]   [166/466] ✅ PAYX  (累計 59860 rows)
[03:07:17] [PROGRESS]   [167/466] ✅ OXY  (累計 60225 rows)
[03:07:18] [PROGRESS]   [168/466] ✅ PCAR  (累計 60590 rows)
[03:07:18] [PROGRESS]   [169/466] ✅ PCG  (累計 60955 rows)
[03:07:19] [PROGRESS]   [170/466] ✅ PEG  (累計 61320 rows)
[03:07:19] [PROGRESS]   [171/466] ✅ PFE  (累計 61685 rows)
[03:07:20] [PROGRESS]   [172/466] ✅ PFG  (累計 62050 rows)
[03:07:20] [PROGRESS]   [173/466] ✅ PEP  (累計 62415 rows)
[03:07:21] [PROGRESS]   [174/466] ✅ PGR  (累計 62780 rows)
[03:07:21] [PROGRESS]   [175/466] ✅ PG  (累計 63145 rows)
[03:07:22] [PROGRESS]   [176/466] ✅ PH  (累計 63510 rows)
[03:07:22] [PROGRESS]   [177/466] ✅ PHM  (累計 63875 rows)
[03:07:22] [PROGRESS]   [178/466] ✅ PLTR  (累計 64240 rows)
[03:07:23] [PROGRESS]   [179/466] ✅ PKG  (累計 64605 rows)
[03:07:23] [PROGRESS]   [180/466] ✅ PLD  (累計 64970 rows)
[03:07:23] [INFO]   批次完成: 20/20 ✅  耗时: 8.9s  累計: 64970 rows
[03:07:26] [INFO] 
批次 10/24  (20 檔)...
[03:07:27] [PROGRESS]   [181/466] ✅ PNC  (累計 65335 rows)
[03:07:27] [PROGRESS]   [182/466] ✅ PM  (累計 65700 rows)
[03:07:28] [PROGRESS]   [183/466] ✅ PNR  (累計 66065 rows)
[03:07:28] [PROGRESS]   [184/466] ✅ PNW  (累計 66430 rows)
[03:07:28] [PROGRESS]   [185/466] ✅ PODD  (累計 66795 rows)
[03:07:29] [PROGRESS]   [186/466] ✅ POOL  (累計 67160 rows)
[03:07:29] [PROGRESS]   [187/466] ✅ PPL  (累計 67525 rows)
[03:07:30] [PROGRESS]   [188/466] ✅ PRU  (累計 67890 rows)
[03:07:30] [PROGRESS]   [189/466] ✅ PSA  (累計 68255 rows)
[03:07:31] [PROGRESS]   [190/466] ✅ PSX  (累計 68620 rows)
[03:07:31] [PROGRESS]   [191/466] ✅ PTC  (累計 68985 rows)
[03:07:32] [PROGRESS]   [192/466] ✅ PSKY  (累計 69350 rows)
[03:07:32] [PROGRESS]   [193/466] ✅ PWR  (累計 69715 rows)
[03:07:33] [PROGRESS]   [194/466] ✅ PPG  (累計 70080 rows)
[03:07:33] [PROGRESS]   [195/466] ✅ Q  (累計 70215 rows)
[03:07:33] [PROGRESS]   [196/466] ✅ PYPL  (累計 70580 rows)
[03:07:34] [PROGRESS]   [197/466] ✅ QCOM  (累計 70945 rows)
[03:07:34] [PROGRESS]   [198/466] ✅ RCL  (累計 71310 rows)
[03:07:35] [PROGRESS]   [199/466] ✅ REGN  (累計 71675 rows)
[03:07:35] [PROGRESS]   [200/466] ✅ REG  (累計 72040 rows)
[03:07:35] [INFO]   批次完成: 20/20 ✅  耗时: 8.9s  累計: 72040 rows
[03:07:38] [INFO] 
批次 11/24  (20 檔)...
[03:07:39] [PROGRESS]   [201/466] ✅ RMD  (累計 72405 rows)
[03:07:39] [PROGRESS]   [202/466] ✅ RF  (累計 72770 rows)
[03:07:40] [PROGRESS]   [203/466] ✅ RL  (累計 73135 rows)
[03:07:40] [PROGRESS]   [204/466] ✅ RJF  (累計 73500 rows)
[03:07:41] [PROGRESS]   [205/466] ✅ ROK  (累計 73865 rows)
[03:07:41] [PROGRESS]   [206/466] ✅ ROL  (累計 74230 rows)
[03:07:42] [PROGRESS]   [207/466] ✅ ROP  (累計 74595 rows)
[03:07:42] [PROGRESS]   [208/466] ✅ ROST  (累計 74960 rows)
[03:07:43] [PROGRESS]   [209/466] ✅ RSG  (累計 75325 rows)
[03:07:43] [PROGRESS]   [210/466] ✅ SATS  (累計 75690 rows)
[03:07:44] [PROGRESS]   [211/466] ✅ RVTY  (累計 76055 rows)
[03:07:44] [PROGRESS]   [212/466] ✅ RTX  (累計 76420 rows)
[03:07:45] [PROGRESS]   [213/466] ✅ SBAC  (累計 76785 rows)
[03:07:45] [PROGRESS]   [214/466] ✅ SBUX  (累計 77150 rows)
[03:07:46] [PROGRESS]   [215/466] ✅ SCHW  (累計 77515 rows)
[03:07:46] [PROGRESS]   [216/466] ✅ SJM  (累計 77880 rows)
[03:07:47] [PROGRESS]   [217/466] ✅ SHW  (累計 78245 rows)
[03:07:47] [PROGRESS]   [218/466] ✅ SLB  (累計 78610 rows)
[03:07:48] [PROGRESS]   [219/466] ✅ SMCI  (累計 78975 rows)
[03:07:48] [PROGRESS]   [220/466] ✅ SNA  (累計 79340 rows)
[03:07:48] [INFO]   批次完成: 20/20 ✅  耗时: 9.9s  累計: 79340 rows
[03:07:51] [INFO] 
批次 12/24  (20 檔)...
[03:07:52] [PROGRESS]   [221/466] ✅ SOLV  (累計 79705 rows)
[03:07:52] [PROGRESS]   [222/466] ✅ SNPS  (累計 80070 rows)
[03:07:52] [PROGRESS]   [223/466] ✅ SNDK  (累計 80381 rows)
[03:07:53] [PROGRESS]   [224/466] ✅ SO  (累計 80746 rows)
[03:07:54] [PROGRESS]   [225/466] ✅ SRE  (累計 81111 rows)
[03:07:54] [PROGRESS]   [226/466] ✅ SPG  (累計 81476 rows)
[03:07:55] [PROGRESS]   [227/466] ✅ STE  (累計 81841 rows)
[03:07:55] [PROGRESS]   [228/466] ✅ SPGI  (累計 82206 rows)
[03:07:56] [PROGRESS]   [229/466] ✅ STLD  (累計 82571 rows)
[03:07:56] [PROGRESS]   [230/466] ✅ STZ  (累計 82936 rows)
[03:07:57] [PROGRESS]   [231/466] ✅ STX  (累計 83301 rows)
[03:07:57] [PROGRESS]   [232/466] ✅ STT  (累計 83666 rows)
[03:07:58] [PROGRESS]   [233/466] ✅ SWKS  (累計 84031 rows)
[03:07:58] [PROGRESS]   [234/466] ✅ SW  (累計 84396 rows)
[03:07:59] [PROGRESS]   [235/466] ✅ SYF  (累計 84761 rows)
[03:07:59] [PROGRESS]   [236/466] ✅ SWK  (累計 85126 rows)
[03:08:00] [PROGRESS]   [237/466] ✅ SYK  (累計 85491 rows)
[03:08:00] [PROGRESS]   [238/466] ✅ TAP  (累計 85856 rows)
[03:08:01] [PROGRESS]   [239/466] ✅ SYY  (累計 86221 rows)
[03:08:01] [PROGRESS]   [240/466] ✅ T  (累計 86586 rows)
[03:08:01] [INFO]   批次完成: 20/20 ✅  耗时: 9.9s  累計: 86586 rows
[03:08:04] [INFO] 
批次 13/24  (20 檔)...
[03:08:05] [PROGRESS]   [241/466] ✅ TDY  (累計 86951 rows)
[03:08:05] [PROGRESS]   [242/466] ✅ TECH  (累計 87316 rows)
[03:08:05] [PROGRESS]   [243/466] ✅ TDG  (累計 87681 rows)
[03:08:06] [PROGRESS]   [244/466] ✅ TEL  (累計 88046 rows)
[03:08:06] [PROGRESS]   [245/466] ✅ TFC  (累計 88411 rows)
[03:08:07] [PROGRESS]   [246/466] ✅ TER  (累計 88776 rows)
[03:08:07] [PROGRESS]   [247/466] ✅ TJX  (累計 89141 rows)
[03:08:08] [PROGRESS]   [248/466] ✅ TGT  (累計 89506 rows)
[03:08:08] [PROGRESS]   [249/466] ✅ TKO  (累計 89871 rows)
[03:08:09] [PROGRESS]   [250/466] ✅ TMUS  (累計 90236 rows)
[03:08:09] [PROGRESS]   [251/466] ✅ TMO  (累計 90601 rows)
[03:08:09] [PROGRESS]   [252/466] ✅ TPL  (累計 90966 rows)
[03:08:10] [PROGRESS]   [253/466] ✅ TRGP  (累計 91331 rows)
[03:08:10] [PROGRESS]   [254/466] ✅ TPR  (累計 91696 rows)
[03:08:11] [PROGRESS]   [255/466] ✅ TRMB  (累計 92061 rows)
[03:08:11] [PROGRESS]   [256/466] ✅ TSLA  (累計 92426 rows)
[03:08:12] [PROGRESS]   [257/466] ✅ TSCO  (累計 92791 rows)
[03:08:12] [PROGRESS]   [258/466] ✅ TROW  (累計 93156 rows)
[03:08:12] [PROGRESS]   [259/466] ✅ TRV  (累計 93521 rows)
[03:08:13] [PROGRESS]   [260/466] ✅ TSN  (累計 93886 rows)
[03:08:13] [INFO]   批次完成: 20/20 ✅  耗时: 8.8s  累計: 93886 rows
[03:08:16] [INFO] 
批次 14/24  (20 檔)...
[03:08:16] [PROGRESS]   [261/466] ✅ TTWO  (累計 94251 rows)
[03:08:17] [PROGRESS]   [262/466] ✅ TTD  (累計 94616 rows)
[03:08:17] [PROGRESS]   [263/466] ✅ TT  (累計 94981 rows)
[03:08:18] [PROGRESS]   [264/466] ✅ TYL  (累計 95346 rows)
[03:08:18] [PROGRESS]   [265/466] ✅ TXN  (累計 95711 rows)
[03:08:19] [PROGRESS]   [266/466] ✅ TXT  (累計 96076 rows)
[03:08:19] [PROGRESS]   [267/466] ✅ UAL  (累計 96441 rows)
[03:08:20] [PROGRESS]   [268/466] ✅ UBER  (累計 96806 rows)
[03:08:20] [PROGRESS]   [269/466] ✅ UDR  (累計 97171 rows)
[03:08:21] [PROGRESS]   [270/466] ✅ ULTA  (累計 97536 rows)
[03:08:21] [PROGRESS]   [271/466] ✅ UHS  (累計 97901 rows)
[03:08:22] [PROGRESS]   [272/466] ✅ UNP  (累計 98266 rows)
[03:08:22] [PROGRESS]   [273/466] ✅ UNH  (累計 98631 rows)
[03:08:22] [PROGRESS]   [274/466] ✅ URI  (累計 98996 rows)
[03:08:23] [PROGRESS]   [275/466] ✅ UPS  (累計 99361 rows)
[03:08:23] [PROGRESS]   [276/466] ✅ VICI  (累計 99726 rows)
[03:08:24] [PROGRESS]   [277/466] ✅ USB  (累計 100091 rows)
[03:08:25] [PROGRESS]   [278/466] ✅ V  (累計 100456 rows)
[03:08:26] [PROGRESS]   [279/466] ✅ VEEV  (累計 100821 rows)
[03:08:26] [PROGRESS]   [280/466] ✅ VLO  (累計 101186 rows)
[03:08:26] [INFO]   批次完成: 20/20 ✅  耗时: 10.0s  累計: 101186 rows
[03:08:29] [INFO] 
批次 15/24  (20 檔)...
[03:08:30] [PROGRESS]   [281/466] ✅ VLTO  (累計 101551 rows)
[03:08:30] [PROGRESS]   [282/466] ✅ VRSK  (累計 101916 rows)
[03:08:30] [PROGRESS]   [283/466] ✅ VRSN  (累計 102281 rows)
[03:08:31] [PROGRESS]   [284/466] ✅ VMC  (累計 102646 rows)
[03:08:31] [PROGRESS]   [285/466] ✅ VRT  (累計 103011 rows)
[03:08:32] [PROGRESS]   [286/466] ✅ VRTX  (累計 103376 rows)
[03:08:33] [PROGRESS]   [287/466] ✅ VST  (累計 103741 rows)
[03:08:33] [PROGRESS]   [288/466] ✅ VTR  (累計 104106 rows)
[03:08:34] [PROGRESS]   [289/466] ✅ VTRS  (累計 104471 rows)
[03:08:34] [PROGRESS]   [290/466] ✅ VZ  (累計 104836 rows)
[03:08:35] [PROGRESS]   [291/466] ✅ WAT  (累計 105201 rows)
[03:08:35] [PROGRESS]   [292/466] ✅ WBD  (累計 105566 rows)
[03:08:36] [PROGRESS]   [293/466] ✅ WDAY  (累計 105931 rows)
[03:08:36] [PROGRESS]   [294/466] ✅ WDC  (累計 106296 rows)
[03:08:37] [PROGRESS]   [295/466] ✅ WEC  (累計 106661 rows)
[03:08:37] [PROGRESS]   [296/466] ✅ WELL  (累計 107026 rows)
[03:08:37] [PROGRESS]   [297/466] ✅ WM  (累計 107391 rows)
[03:08:38] [PROGRESS]   [298/466] ✅ WAB  (累計 107756 rows)
[03:08:38] [PROGRESS]   [299/466] ✅ WFC  (累計 108121 rows)
[03:08:39] [PROGRESS]   [300/466] ✅ WMB  (累計 108486 rows)
[03:08:39] [INFO]   批次完成: 20/20 ✅  耗时: 9.9s  累計: 108486 rows
[03:08:42] [INFO] 
批次 16/24  (20 檔)...
[03:08:43] [PROGRESS]   [301/466] ✅ WSM  (累計 108851 rows)
[03:08:43] [PROGRESS]   [302/466] ✅ WST  (累計 109216 rows)
[03:08:44] [PROGRESS]   [303/466] ✅ WMT  (累計 109581 rows)
[03:08:44] [PROGRESS]   [304/466] ✅ WRB  (累計 109946 rows)
[03:08:45] [PROGRESS]   [305/466] ✅ WTW  (累計 110311 rows)
[03:08:45] [PROGRESS]   [306/466] ✅ WY  (累計 110676 rows)
[03:08:46] [PROGRESS]   [307/466] ✅ WYNN  (累計 111041 rows)
[03:08:46] [PROGRESS]   [308/466] ✅ XEL  (累計 111406 rows)
[03:08:47] [PROGRESS]   [309/466] ✅ XYZ  (累計 111771 rows)
[03:08:47] [PROGRESS]   [310/466] ✅ XOM  (累計 112136 rows)
[03:08:48] [PROGRESS]   [311/466] ✅ XYL  (累計 112501 rows)
[03:08:48] [PROGRESS]   [312/466] ✅ YUM  (累計 112866 rows)
[03:08:49] [PROGRESS]   [313/466] ✅ ZBRA  (累計 113231 rows)
[03:08:49] [PROGRESS]   [314/466] ✅ ARM  (累計 113596 rows)
[03:08:50] [PROGRESS]   [315/466] ✅ ZTS  (累計 113961 rows)
[03:08:50] [PROGRESS]   [316/466] ✅ ZBH  (累計 114326 rows)
[03:08:51] [PROGRESS]   [317/466] ✅ ASML  (累計 114691 rows)
[03:08:51] [PROGRESS]   [318/466] ✅ BIDU  (累計 115056 rows)
[03:08:52] [PROGRESS]   [319/466] ✅ CRSP  (累計 115421 rows)
[03:08:52] [WARNING]   [320/466] ❌ ATVI  (累計 115421 rows)
[03:08:52] [INFO]   批次完成: 19/20 ✅  耗时: 9.8s  累計: 115421 rows
[03:08:55] [INFO] 
批次 17/24  (20 檔)...
[03:08:56] [PROGRESS]   [321/466] ✅ FTNT  (累計 115786 rows)
[03:08:57] [PROGRESS]   [322/466] ✅ GFS  (累計 116151 rows)
[03:08:58] [PROGRESS]   [323/466] ✅ GEHC  (累計 116516 rows)
[03:08:59] [PROGRESS]   [324/466] ✅ GILD  (累計 116881 rows)
[03:09:00] [PROGRESS]   [325/466] ✅ GOOG  (累計 117246 rows)
[03:09:01] [PROGRESS]   [326/466] ✅ IDXX  (累計 117611 rows)
[03:09:01] [PROGRESS]   [327/466] ✅ GOOGL  (累計 117976 rows)
[03:09:02] [PROGRESS]   [328/466] ✅ ILMN  (累計 118341 rows)
[03:09:03] [PROGRESS]   [329/466] ✅ INTU  (累計 118706 rows)
[03:09:04] [PROGRESS]   [330/466] ✅ ISRG  (累計 119071 rows)
[03:09:05] [PROGRESS]   [331/466] ✅ HON  (累計 119436 rows)
[03:09:06] [PROGRESS]   [332/466] ✅ INTC  (累計 119801 rows)
[03:09:07] [PROGRESS]   [333/466] ✅ JD  (累計 120166 rows)
[03:09:08] [PROGRESS]   [334/466] ✅ KDP  (累計 120531 rows)
[03:09:09] [PROGRESS]   [335/466] ✅ LRCX  (累計 120896 rows)
[03:09:09] [PROGRESS]   [336/466] ✅ MAR  (累計 121261 rows)
[03:09:10] [PROGRESS]   [337/466] ✅ MCHP  (累計 121626 rows)
[03:09:11] [PROGRESS]   [338/466] ✅ MDLZ  (累計 121991 rows)
[03:09:12] [PROGRESS]   [339/466] ✅ MELI  (累計 122356 rows)
[03:09:13] [PROGRESS]   [340/466] ✅ KLAC  (累計 122721 rows)
[03:09:13] [INFO]   批次完成: 20/20 ✅  耗时: 18.0s  累計: 122721 rows
[03:09:16] [INFO] 
批次 18/24  (20 檔)...
[03:09:17] [PROGRESS]   [341/466] ✅ MRNA  (累計 123086 rows)
[03:09:18] [PROGRESS]   [342/466] ✅ MNST  (累計 123451 rows)
[03:09:19] [PROGRESS]   [343/466] ✅ MSFT  (累計 123816 rows)
[03:09:20] [PROGRESS]   [344/466] ✅ MRVL  (累計 124181 rows)
[03:09:21] [PROGRESS]   [345/466] ✅ NFLX  (累計 124546 rows)
[03:09:22] [PROGRESS]   [346/466] ✅ MU  (累計 124911 rows)
[03:09:23] [PROGRESS]   [347/466] ✅ NVDA  (累計 125276 rows)
[03:09:23] [PROGRESS]   [348/466] ✅ NXPI  (累計 125641 rows)
[03:09:24] [PROGRESS]   [349/466] ✅ ORLY  (累計 126006 rows)
[03:09:25] [PROGRESS]   [350/466] ✅ PANW  (累計 126371 rows)
[03:09:26] [PROGRESS]   [351/466] ✅ ODFL  (累計 126736 rows)
[03:09:27] [PROGRESS]   [352/466] ✅ PAYX  (累計 127101 rows)
[03:09:28] [PROGRESS]   [353/466] ✅ PDD  (累計 127466 rows)
[03:09:29] [PROGRESS]   [354/466] ✅ PCAR  (累計 127831 rows)
[03:09:29] [PROGRESS]   [355/466] ✅ PYPL  (累計 128196 rows)
[03:09:30] [PROGRESS]   [356/466] ✅ QCOM  (累計 128561 rows)
[03:09:31] [PROGRESS]   [357/466] ✅ PEP  (累計 128926 rows)
[03:09:32] [PROGRESS]   [358/466] ✅ REGN  (累計 129291 rows)
[03:09:32] [PROGRESS]   [359/466] ✅ RIVN  (累計 129656 rows)
[03:09:33] [PROGRESS]   [360/466] ✅ ROST  (累計 130021 rows)
[03:09:33] [INFO]   批次完成: 20/20 ✅  耗时: 16.9s  累計: 130021 rows
[03:09:36] [INFO] 
批次 19/24  (20 檔)...
[03:09:37] [PROGRESS]   [361/466] ✅ TEAM  (累計 130386 rows)
[03:09:37] [PROGRESS]   [362/466] ✅ SNPS  (累計 130751 rows)
[03:09:38] [PROGRESS]   [363/466] ✅ SBUX  (累計 131116 rows)
[03:09:39] [PROGRESS]   [364/466] ✅ TSLA  (累計 131481 rows)
[03:09:40] [PROGRESS]   [365/466] ✅ TTD  (累計 131846 rows)
[03:09:40] [PROGRESS]   [366/466] ✅ TMUS  (累計 132211 rows)
[03:09:41] [PROGRESS]   [367/466] ✅ VZ  (累計 132576 rows)
[03:09:42] [PROGRESS]   [368/466] ✅ TXN  (累計 132941 rows)
[03:09:42] [PROGRESS]   [369/466] ✅ WDAY  (累計 133306 rows)
[03:09:43] [PROGRESS]   [370/466] ✅ ZBRA  (累計 133671 rows)
[03:09:43] [PROGRESS]   [371/466] ✅ XEL  (累計 134036 rows)
[03:09:44] [PROGRESS]   [372/466] ✅ ZS  (累計 134401 rows)
[03:09:44] [PROGRESS]   [373/466] ✅ eBay  (累計 134766 rows)
[03:09:45] [PROGRESS]   [374/466] ✅ 0001.HK  (累計 135131 rows)
[03:09:45] [PROGRESS]   [375/466] ✅ 0002.HK  (累計 135496 rows)
[03:09:46] [PROGRESS]   [376/466] ✅ 0005.HK  (累計 135861 rows)
[03:09:46] [PROGRESS]   [377/466] ✅ 0003.HK  (累計 136226 rows)
[03:09:47] [PROGRESS]   [378/466] ✅ 0006.HK  (累計 136591 rows)
[03:09:47] [WARNING]   [379/466] ❌ SPLK  (累計 136591 rows)
[03:09:47] [WARNING]   [380/466] ❌ WBA  (累計 136591 rows)
[03:09:47] [INFO]   批次完成: 18/20 ✅  耗时: 10.4s  累計: 136591 rows
[03:09:50] [INFO] 
批次 20/24  (20 檔)...
[03:09:50] [PROGRESS]   [381/466] ✅ 0017.HK  (累計 136956 rows)
[03:09:51] [PROGRESS]   [382/466] ✅ 0012.HK  (累計 137321 rows)
[03:09:51] [PROGRESS]   [383/466] ✅ 0016.HK  (累計 137686 rows)
[03:09:52] [PROGRESS]   [384/466] ✅ 0027.HK  (累計 138051 rows)
[03:09:52] [PROGRESS]   [385/466] ✅ 0066.HK  (累計 138416 rows)
[03:09:53] [PROGRESS]   [386/466] ✅ 0040.HK  (累計 138781 rows)
[03:09:54] [PROGRESS]   [387/466] ✅ 0175.HK  (累計 139146 rows)
[03:09:54] [PROGRESS]   [388/466] ✅ 0083.HK  (累計 139511 rows)
[03:09:55] [PROGRESS]   [389/466] ✅ 0101.HK  (累計 139876 rows)
[03:09:55] [PROGRESS]   [390/466] ✅ 0269.HK  (累計 140241 rows)
[03:09:56] [PROGRESS]   [391/466] ✅ 0288.HK  (累計 140606 rows)
[03:09:56] [PROGRESS]   [392/466] ✅ 0318.HK  (累計 140971 rows)
[03:09:57] [PROGRESS]   [393/466] ✅ 0322.HK  (累計 141336 rows)
[03:09:57] [PROGRESS]   [394/466] ✅ 0388.HK  (累計 141701 rows)
[03:09:58] [PROGRESS]   [395/466] ✅ 0386.HK  (累計 142066 rows)
[03:09:58] [PROGRESS]   [396/466] ✅ 0669.HK  (累計 142431 rows)
[03:09:59] [PROGRESS]   [397/466] ✅ 0467.HK  (累計 142796 rows)
[03:09:59] [PROGRESS]   [398/466] ✅ 0570.HK  (累計 143161 rows)
[03:10:00] [PROGRESS]   [399/466] ✅ 0688.HK  (累計 143526 rows)
[03:10:00] [WARNING]   [400/466] ❌ 0011.HK  (累計 143526 rows)
[03:10:00] [INFO]   批次完成: 19/20 ✅  耗时: 10.1s  累計: 143526 rows
[03:10:03] [INFO] 
批次 21/24  (20 檔)...
[03:10:04] [PROGRESS]   [401/466] ✅ 0769.HK  (累計 143891 rows)
[03:10:04] [PROGRESS]   [402/466] ✅ 0823.HK  (累計 144256 rows)
[03:10:05] [PROGRESS]   [403/466] ✅ 0738.HK  (累計 144621 rows)
[03:10:05] [PROGRESS]   [404/466] ✅ 0857.HK  (累計 144986 rows)
[03:10:06] [PROGRESS]   [405/466] ✅ 0868.HK  (累計 145351 rows)
[03:10:06] [PROGRESS]   [406/466] ✅ 0883.HK  (累計 145716 rows)
[03:10:07] [PROGRESS]   [407/466] ✅ 0889.HK  (累計 146081 rows)
[03:10:08] [PROGRESS]   [408/466] ✅ 0902.HK  (累計 146446 rows)
[03:10:08] [PROGRESS]   [409/466] ✅ 0912.HK  (累計 146811 rows)
[03:10:09] [PROGRESS]   [410/466] ✅ 0960.HK  (累計 147176 rows)
[03:10:09] [PROGRESS]   [411/466] ✅ 0941.HK  (累計 147541 rows)
[03:10:10] [PROGRESS]   [412/466] ✅ 0939.HK  (累計 147906 rows)
[03:10:10] [PROGRESS]   [413/466] ✅ 0999.HK  (累計 148237 rows)
[03:10:11] [PROGRESS]   [414/466] ✅ 0992.HK  (累計 148602 rows)
[03:10:11] [PROGRESS]   [415/466] ✅ 1000.HK  (累計 148967 rows)
[03:10:12] [PROGRESS]   [416/466] ✅ 1009.HK  (累計 149332 rows)
[03:10:12] [PROGRESS]   [417/466] ✅ 1038.HK  (累計 149697 rows)
[03:10:13] [PROGRESS]   [418/466] ✅ 1044.HK  (累計 150062 rows)
[03:10:13] [PROGRESS]   [419/466] ✅ 1093.HK  (累計 150427 rows)
[03:10:13] [WARNING]   [420/466] ❌ 0988.HK  (累計 150427 rows)
[03:10:13] [INFO]   批次完成: 19/20 ✅  耗时: 10.4s  累計: 150427 rows
[03:10:17] [INFO] 
批次 22/24  (20 檔)...
[03:10:17] [PROGRESS]   [421/466] ✅ 1209.HK  (累計 150792 rows)
[03:10:17] [PROGRESS]   [422/466] ✅ 1177.HK  (累計 151157 rows)
[03:10:18] [PROGRESS]   [423/466] ✅ 1181.HK  (累計 151522 rows)
[03:10:19] [PROGRESS]   [424/466] ✅ 1109.HK  (累計 151887 rows)
[03:10:19] [PROGRESS]   [425/466] ✅ 1211.HK  (累計 152252 rows)
[03:10:20] [PROGRESS]   [426/466] ✅ 1299.HK  (累計 152617 rows)
[03:10:20] [PROGRESS]   [427/466] ✅ 1288.HK  (累計 152982 rows)
[03:10:21] [PROGRESS]   [428/466] ✅ 1378.HK  (累計 153347 rows)
[03:10:22] [PROGRESS]   [429/466] ✅ 1755.HK  (累計 153712 rows)
[03:10:22] [PROGRESS]   [430/466] ✅ 1788.HK  (累計 154077 rows)
[03:10:23] [PROGRESS]   [431/466] ✅ 1766.HK  (累計 154442 rows)
[03:10:23] [PROGRESS]   [432/466] ✅ 1398.HK  (累計 154807 rows)
[03:10:24] [PROGRESS]   [433/466] ✅ 1797.HK  (累計 155172 rows)
[03:10:24] [PROGRESS]   [434/466] ✅ 1810.HK  (累計 155537 rows)
[03:10:25] [PROGRESS]   [435/466] ✅ 1877.HK  (累計 155902 rows)
[03:10:25] [PROGRESS]   [436/466] ✅ 1800.HK  (累計 156267 rows)
[03:10:26] [PROGRESS]   [437/466] ✅ 1900.HK  (累計 156632 rows)
[03:10:26] [PROGRESS]   [438/466] ✅ 1999.HK  (累計 156997 rows)
[03:10:27] [PROGRESS]   [439/466] ✅ 1929.HK  (累計 157362 rows)
[03:10:28] [PROGRESS]   [440/466] ✅ 2007.HK  (累計 157727 rows)
[03:10:28] [INFO]   批次完成: 20/20 ✅  耗时: 10.9s  累計: 157727 rows
[03:10:31] [INFO] 
批次 23/24  (20 檔)...
[03:10:31] [PROGRESS]   [441/466] ✅ 2038.HK  (累計 158092 rows)
[03:10:32] [PROGRESS]   [442/466] ✅ 2068.HK  (累計 158457 rows)
[03:10:32] [PROGRESS]   [443/466] ✅ 2018.HK  (累計 158822 rows)
[03:10:33] [PROGRESS]   [444/466] ✅ 2096.HK  (累計 159187 rows)
[03:10:33] [PROGRESS]   [445/466] ✅ 2111.HK  (累計 159552 rows)
[03:10:34] [PROGRESS]   [446/466] ✅ 2138.HK  (累計 159917 rows)
[03:10:34] [PROGRESS]   [447/466] ✅ 2202.HK  (累計 160282 rows)
[03:10:35] [PROGRESS]   [448/466] ✅ 2238.HK  (累計 160647 rows)
[03:10:36] [PROGRESS]   [449/466] ✅ 2313.HK  (累計 161012 rows)
[03:10:36] [PROGRESS]   [450/466] ✅ 2314.HK  (累計 161377 rows)
[03:10:37] [PROGRESS]   [451/466] ✅ 2319.HK  (累計 161742 rows)
[03:10:37] [PROGRESS]   [452/466] ✅ 2382.HK  (累計 162107 rows)
[03:10:38] [PROGRESS]   [453/466] ✅ 2338.HK  (累計 162472 rows)
[03:10:38] [PROGRESS]   [454/466] ✅ 2600.HK  (累計 162837 rows)
[03:10:39] [PROGRESS]   [455/466] ✅ 2611.HK  (累計 163202 rows)
[03:10:39] [PROGRESS]   [456/466] ✅ 2601.HK  (累計 163567 rows)
[03:10:40] [PROGRESS]   [457/466] ✅ 2638.HK  (累計 163932 rows)
[03:10:40] [PROGRESS]   [458/466] ✅ 2628.HK  (累計 164297 rows)
[03:10:40] [WARNING]   [459/466] ❌ 2072.HK  (累計 164297 rows)
[03:10:40] [WARNING]   [460/466] ❌ 2083.HK  (累計 164297 rows)
[03:10:40] [INFO]   批次完成: 18/20 ✅  耗时: 9.7s  累計: 164297 rows
[03:10:44] [INFO] 
批次 24/24  (6 檔)...
[03:10:44] [PROGRESS]   [461/466] ✅ 2698.HK  (累計 164419 rows)
[03:10:44] [PROGRESS]   [462/466] ✅ 3309.HK  (累計 164784 rows)
[03:10:45] [PROGRESS]   [463/466] ✅ 2688.HK  (累計 165149 rows)
[03:10:45] [PROGRESS]   [464/466] ✅ 2899.HK  (累計 165514 rows)
[03:10:46] [PROGRESS]   [465/466] ✅ 3968.HK  (累計 165879 rows)
[03:10:46] [PROGRESS]   [466/466] ✅ 3988.HK  (累計 166244 rows)
[03:10:46] [INFO]   批次完成: 6/6 ✅  耗时: 2.8s  累計: 166244 rows
[03:10:46] [INFO] 
============================================================
[03:10:46] [INFO] 下載完成摘要
[03:10:46] [INFO]   成功:   457 檔
[03:10:46] [INFO]   失敗:   9 檔  ['BF.B', 'BRK.B', 'ATVI', 'SPLK', 'WBA', '0011.HK', '0988.HK', '2072.HK', '2083.HK']
[03:10:46] [INFO]   總耗時: 5.1 分鐘
[03:10:46] [INFO]   總行數: 166244 rows
[03:10:46] [INFO] ============================================================
[03:10:46] [INFO] Checkpoint 已保存: /Users/aiagent/projects/dashboard/data/backfill_checkpoint.json
