/Users/aiagent/Library/Python/3.9/lib/python/site-packages/urllib3/__init__.py:35: NotOpenSSLWarning: urllib3 v2 only supports OpenSSL 1.1.1+, currently the 'ssl' module is compiled with 'LibreSSL 2.8.3'. See: https://github.com/urllib3/urllib3/issues/3020
  warnings.warn(
[02:25:37] [INFO] ============================================================
[02:25:37] [INFO] backfill_historical.py  啟動
[02:25:37] [INFO]   天數:    365
[02:25:37] [INFO]   並發數:  4
[02:25:37] [INFO]   指數:    all
[02:25:37] [INFO]   恢復模式: False
[02:25:37] [INFO]   日誌:    /Users/aiagent/projects/dashboard/logs/backfill_2026-05-12.log
[02:25:37] [INFO] ============================================================
[02:25:37] [INFO] 待下載股票: 680 檔
[02:25:37] [INFO] 數據庫已有: 1 檔
[02:25:37] [INFO] 需要下載: 678 檔  (跳過已存在: 1)
[02:25:37] [INFO] 
批次 1/34  (20 檔)...
[02:25:37] [PROGRESS]   [1/678] ✅ ABBV  (累計 365 rows)
[02:25:38] [PROGRESS]   [2/678] ✅ ACGL  (累計 730 rows)
[02:25:38] [PROGRESS]   [3/678] ✅ ABNB  (累計 1095 rows)
[02:25:38] [PROGRESS]   [4/678] ✅ A  (累計 1460 rows)
[02:25:39] [PROGRESS]   [5/678] ✅ ABT  (累計 1825 rows)
[02:25:39] [PROGRESS]   [6/678] ✅ ACN  (累計 2190 rows)
[02:25:40] [PROGRESS]   [7/678] ✅ ADBE  (累計 2555 rows)
[02:25:40] [PROGRESS]   [8/678] ✅ ADI  (累計 2920 rows)
[02:25:41] [PROGRESS]   [9/678] ✅ ADSK  (累計 3285 rows)
[02:25:41] [PROGRESS]   [10/678] ✅ ADP  (累計 3650 rows)
[02:25:41] [PROGRESS]   [11/678] ✅ AEE  (累計 4015 rows)
[02:25:42] [PROGRESS]   [12/678] ✅ AES  (累計 4380 rows)
[02:25:42] [PROGRESS]   [13/678] ✅ AEP  (累計 4745 rows)
[02:25:43] [PROGRESS]   [14/678] ✅ ADM  (累計 5110 rows)
[02:25:43] [PROGRESS]   [15/678] ✅ AFL  (累計 5475 rows)
[02:25:43] [PROGRESS]   [16/678] ✅ AIG  (累計 5840 rows)
[02:25:44] [PROGRESS]   [17/678] ✅ AIZ  (累計 6205 rows)
[02:25:44] [PROGRESS]   [18/678] ✅ AKAM  (累計 6570 rows)
[02:25:45] [PROGRESS]   [19/678] ✅ AJG  (累計 6935 rows)
[02:25:45] [PROGRESS]   [20/678] ✅ ALB  (累計 7300 rows)
[02:25:45] [INFO]   批次完成: 20/20 ✅  耗时: 8.5s  累計: 7300 rows
[02:25:48] [INFO] 
批次 2/34  (20 檔)...
[02:25:49] [PROGRESS]   [21/678] ✅ ALGN  (累計 7665 rows)
[02:25:49] [PROGRESS]   [22/678] ✅ ALLE  (累計 8030 rows)
[02:25:49] [PROGRESS]   [23/678] ✅ AMAT  (累計 8395 rows)
[02:25:50] [PROGRESS]   [24/678] ✅ ALL  (累計 8760 rows)
[02:25:50] [PROGRESS]   [25/678] ✅ AMCR  (累計 9125 rows)
[02:25:51] [PROGRESS]   [26/678] ✅ AMD  (累計 9490 rows)
[02:25:51] [PROGRESS]   [27/678] ✅ AMGN  (累計 9855 rows)
[02:25:52] [PROGRESS]   [28/678] ✅ AMP  (累計 10220 rows)
[02:25:52] [PROGRESS]   [29/678] ✅ AMT  (累計 10585 rows)
[02:25:52] [PROGRESS]   [30/678] ✅ AON  (累計 10950 rows)
[02:25:53] [PROGRESS]   [31/678] ✅ AME  (累計 11315 rows)
[02:25:53] [PROGRESS]   [32/678] ✅ AMZN  (累計 11680 rows)
[02:25:54] [PROGRESS]   [33/678] ✅ ANET  (累計 12045 rows)
[02:25:54] [PROGRESS]   [34/678] ✅ AOS  (累計 12410 rows)
[02:25:55] [PROGRESS]   [35/678] ✅ APA  (累計 12775 rows)
[02:25:55] [PROGRESS]   [36/678] ✅ APH  (累計 13140 rows)
[02:25:55] [PROGRESS]   [37/678] ✅ APD  (累計 13505 rows)
[02:25:56] [PROGRESS]   [38/678] ✅ APP  (累計 13870 rows)
[02:25:56] [PROGRESS]   [39/678] ✅ APO  (累計 14235 rows)
[02:25:57] [PROGRESS]   [40/678] ✅ APTV  (累計 14600 rows)
[02:25:57] [INFO]   批次完成: 20/20 ✅  耗时: 8.5s  累計: 14600 rows
[02:26:00] [INFO] 
批次 3/34  (20 檔)...
[02:26:00] [PROGRESS]   [41/678] ✅ ARES  (累計 14965 rows)
[02:26:01] [PROGRESS]   [42/678] ✅ AVB  (累計 15330 rows)
[02:26:01] [PROGRESS]   [43/678] ✅ ARE  (累計 15695 rows)
[02:26:01] [PROGRESS]   [44/678] ✅ ATO  (累計 16060 rows)
[02:26:02] [PROGRESS]   [45/678] ✅ AVGO  (累計 16425 rows)
[02:26:02] [PROGRESS]   [46/678] ✅ AXON  (累計 16790 rows)
[02:26:03] [PROGRESS]   [47/678] ✅ AWK  (累計 17155 rows)
[02:26:03] [PROGRESS]   [48/678] ✅ AVY  (累計 17520 rows)
[02:26:04] [PROGRESS]   [49/678] ✅ AZO  (累計 17885 rows)
[02:26:04] [PROGRESS]   [50/678] ✅ BA  (累計 18250 rows)
[02:26:05] [PROGRESS]   [51/678] ✅ AXP  (累計 18615 rows)
[02:26:05] [PROGRESS]   [52/678] ✅ BAC  (累計 18980 rows)
[02:26:06] [PROGRESS]   [53/678] ✅ BAX  (累計 19345 rows)
[02:26:06] [PROGRESS]   [54/678] ✅ BBY  (累計 19710 rows)
[02:26:06] [PROGRESS]   [55/678] ✅ BDX  (累計 20075 rows)
Traceback (most recent call last):
  File "/Users/aiagent/projects/dashboard/backfill_historical.py", line 360, in <module>
    main()
  File "/Users/aiagent/projects/dashboard/backfill_historical.py", line 322, in main
    seg_failed = download_batch(segment, args.days, conn, progress_lock, stats)
  File "/Users/aiagent/projects/dashboard/backfill_historical.py", line 226, in download_batch
    ticker, df, err = future.result()
  File "/Library/Developer/CommandLineTools/Library/Frameworks/Python3.framework/Versions/3.9/lib/python3.9/concurrent/futures/_base.py", line 438, in result
    return self.__get_result()
  File "/Library/Developer/CommandLineTools/Library/Frameworks/Python3.framework/Versions/3.9/lib/python3.9/concurrent/futures/_base.py", line 390, in __get_result
    raise self._exception
  File "/Library/Developer/CommandLineTools/Library/Frameworks/Python3.framework/Versions/3.9/lib/python3.9/concurrent/futures/thread.py", line 52, in run
    result = self.fn(*self.args, **self.kwargs)
  File "/Users/aiagent/projects/dashboard/backfill_historical.py", line 217, in worker
    df = download_ticker(ticker, days)
  File "/Users/aiagent/projects/dashboard/backfill_historical.py", line 80, in download_ticker
    adjclose = adj[0]["adjclose"] if adj else quote.get("close")
KeyError: 'adjclose'
