[01:42:52] [INFO] ============================================================
[01:42:52] [INFO] backfill_historical.py  啟動
[01:42:52] [INFO]   天數:    365
[01:42:52] [INFO]   並發數:  8
[01:42:52] [INFO]   指數:    over10b
[01:42:52] [INFO]   恢復模式: False
[01:42:52] [INFO]   日誌:    /Users/aiagent/projects/dashboard/logs/backfill_2026-06-28.log
[01:42:52] [INFO] ============================================================
[01:42:52] [INFO] 待下載股票: 995 檔
[01:42:52] [INFO] 數據庫已有: 716 檔
[01:42:52] [INFO] 需要下載: 497 檔  (跳過已存在: 716)
[01:42:52] [INFO] 
批次 1/17  (30 檔)...
[01:42:52] [PROGRESS]   [1/497] ✅ AAOI  (累計 365 rows)
[01:42:53] [PROGRESS]   [2/497] ✅ AAL  (累計 730 rows)
[01:42:53] [PROGRESS]   [3/497] ✅ AEIS  (累計 1095 rows)
[01:42:53] [PROGRESS]   [4/497] ✅ AAON  (累計 1460 rows)
[01:42:54] [PROGRESS]   [5/497] ✅ AEG  (累計 1825 rows)
[01:42:54] [PROGRESS]   [6/497] ✅ ABEV  (累計 2190 rows)
[01:42:54] [PROGRESS]   [7/497] ✅ AEM  (累計 2555 rows)
[01:42:55] [PROGRESS]   [8/497] ✅ AA  (累計 2920 rows)
[01:42:55] [PROGRESS]   [9/497] ✅ AER  (累計 3285 rows)
[01:42:56] [PROGRESS]   [10/497] ✅ AFRM  (累計 3650 rows)
[01:42:56] [PROGRESS]   [11/497] ✅ AGNCL  (累計 4015 rows)
[01:42:57] [PROGRESS]   [12/497] ✅ AGNCM  (累計 4380 rows)
[01:42:57] [PROGRESS]   [13/497] ✅ AFG  (累計 4745 rows)
[01:42:58] [PROGRESS]   [14/497] ✅ AGNC  (累計 5110 rows)
[01:42:58] [PROGRESS]   [15/497] ✅ AGI  (累計 5475 rows)
[01:42:59] [PROGRESS]   [16/497] ✅ AGNCN  (累計 5840 rows)
[01:42:59] [PROGRESS]   [17/497] ✅ AGNCP  (累計 6205 rows)
[01:42:59] [PROGRESS]   [18/497] ✅ AGNCZ  (累計 6409 rows)
[01:43:00] [PROGRESS]   [19/497] ✅ AGNCO  (累計 6774 rows)
[01:43:00] [PROGRESS]   [20/497] ✅ ALAB  (累計 7139 rows)
[01:43:01] [PROGRESS]   [21/497] ✅ AGX  (累計 7504 rows)
[01:43:01] [PROGRESS]   [22/497] ✅ ALGM  (累計 7869 rows)
[01:43:02] [PROGRESS]   [23/497] ✅ AIT  (累計 8234 rows)
[01:43:02] [PROGRESS]   [24/497] ✅ ALC  (累計 8599 rows)
[01:43:03] [PROGRESS]   [25/497] ✅ ALNY  (累計 8964 rows)
[01:43:03] [PROGRESS]   [26/497] ✅ AM  (累計 9329 rows)
[01:43:03] [PROGRESS]   [27/497] ✅ ALLY  (累計 9694 rows)
[01:43:04] [PROGRESS]   [28/497] ✅ AMH  (累計 10059 rows)
[01:43:04] [PROGRESS]   [29/497] ✅ AMKR  (累計 10424 rows)
[01:43:05] [PROGRESS]   [30/497] ✅ AMRZ  (累計 10679 rows)
[01:43:05] [INFO]   批次完成: 30/30 ✅  耗时: 12.6s  累計: 10679 rows
[01:43:08] [INFO] 
批次 2/17  (30 檔)...
[01:43:08] [PROGRESS]   [31/497] ✅ APG  (累計 11044 rows)
[01:43:09] [PROGRESS]   [32/497] ✅ APOS  (累計 11409 rows)
[01:43:09] [PROGRESS]   [33/497] ✅ AR  (累計 11774 rows)
[01:43:09] [PROGRESS]   [34/497] ✅ APLD  (累計 12139 rows)
[01:43:09] [PROGRESS]   [35/497] ✅ AQNB  (累計 12504 rows)
[01:43:10] [PROGRESS]   [36/497] ✅ ARGX  (累計 12869 rows)
[01:43:10] [PROGRESS]   [37/497] ✅ ARCC  (累計 13234 rows)
[01:43:10] [PROGRESS]   [38/497] ✅ AMX  (累計 13599 rows)
[01:43:11] [PROGRESS]   [39/497] ✅ AS  (累計 13964 rows)
[01:43:11] [PROGRESS]   [40/497] ✅ ARW  (累計 14329 rows)
[01:43:12] [PROGRESS]   [41/497] ✅ ARWR  (累計 14694 rows)
[01:43:12] [PROGRESS]   [42/497] ✅ ARXS  (累計 14744 rows)
[01:43:12] [PROGRESS]   [43/497] ✅ ASTS  (累計 15109 rows)
[01:43:13] [PROGRESS]   [44/497] ✅ ASND  (累計 15474 rows)
[01:43:13] [PROGRESS]   [45/497] ✅ ARMK  (累計 15839 rows)
[01:43:14] [PROGRESS]   [46/497] ✅ ASX  (累計 16204 rows)
[01:43:14] [PROGRESS]   [47/497] ✅ AUR  (累計 16569 rows)
[01:43:15] [PROGRESS]   [48/497] ✅ AXSM  (累計 16934 rows)
[01:43:15] [PROGRESS]   [49/497] ✅ ATI  (累計 17299 rows)
[01:43:16] [PROGRESS]   [50/497] ✅ AXIA  (累計 17664 rows)
[01:43:16] [PROGRESS]   [51/497] ✅ AYI  (累計 18029 rows)
[01:43:16] [PROGRESS]   [52/497] ✅ AU  (累計 18394 rows)
[01:43:17] [PROGRESS]   [53/497] ✅ AZN  (累計 18759 rows)
[01:43:17] [PROGRESS]   [54/497] ✅ BAM  (累計 19124 rows)
[01:43:18] [PROGRESS]   [55/497] ✅ BABA  (累計 19489 rows)
[01:43:18] [PROGRESS]   [56/497] ✅ B  (累計 19854 rows)
[01:43:19] [PROGRESS]   [57/497] ✅ BBIO  (累計 20219 rows)
[01:43:19] [PROGRESS]   [58/497] ✅ BBD  (累計 20584 rows)
[01:43:20] [PROGRESS]   [59/497] ✅ BBDO  (累計 20949 rows)
[01:43:20] [PROGRESS]   [60/497] ✅ BAP  (累計 21314 rows)
[01:43:20] [INFO]   批次完成: 30/30 ✅  耗时: 12.3s  累計: 21314 rows
[01:43:23] [INFO] 
批次 3/17  (30 檔)...
[01:43:24] [PROGRESS]   [61/497] ✅ BDRX  (累計 21679 rows)
[01:43:24] [PROGRESS]   [62/497] ✅ BE  (累計 22044 rows)
[01:43:24] [PROGRESS]   [63/497] ✅ BEKE  (累計 22409 rows)
[01:43:25] [PROGRESS]   [64/497] ✅ BCH  (累計 22774 rows)
[01:43:25] [PROGRESS]   [65/497] ✅ BEP  (累計 23139 rows)
[01:43:25] [PROGRESS]   [66/497] ✅ BBVA  (累計 23504 rows)
[01:43:25] [PROGRESS]   [67/497] ✅ BCS  (累計 23869 rows)
[01:43:26] [PROGRESS]   [68/497] ✅ BCE  (累計 24234 rows)
[01:43:26] [PROGRESS]   [69/497] ✅ BIPJ  (累計 24599 rows)
[01:43:27] [PROGRESS]   [70/497] ✅ BIP  (累計 24964 rows)
[01:43:27] [PROGRESS]   [71/497] ✅ BMNP  (累計 24972 rows)
[01:43:27] [PROGRESS]   [72/497] ✅ BEPC  (累計 25337 rows)
[01:43:28] [PROGRESS]   [73/497] ✅ BJ  (累計 25702 rows)
[01:43:28] [PROGRESS]   [74/497] ✅ BLD  (累計 26067 rows)
[01:43:29] [PROGRESS]   [75/497] ✅ BHP  (累計 26432 rows)
[01:43:29] [PROGRESS]   [76/497] ✅ BMRN  (累計 26797 rows)
[01:43:30] [PROGRESS]   [77/497] ✅ BMO  (累計 27162 rows)
[01:43:30] [PROGRESS]   [78/497] ✅ BNTX  (累計 27527 rows)
[01:43:31] [PROGRESS]   [79/497] ✅ BNJ  (累計 27892 rows)
[01:43:31] [PROGRESS]   [80/497] ✅ BNH  (累計 28257 rows)
[01:43:32] [PROGRESS]   [81/497] ✅ BN  (累計 28622 rows)
[01:43:32] [PROGRESS]   [82/497] ✅ BNS  (累計 28987 rows)
[01:43:33] [PROGRESS]   [83/497] ✅ BNT  (累計 29352 rows)
[01:43:33] [PROGRESS]   [84/497] ✅ BPYPN  (累計 29717 rows)
[01:43:34] [PROGRESS]   [85/497] ✅ BPYPM  (累計 30082 rows)
[01:43:34] [PROGRESS]   [86/497] ✅ BPYPO  (累計 30447 rows)
[01:43:35] [PROGRESS]   [87/497] ✅ BPYPP  (累計 30812 rows)
[01:43:35] [PROGRESS]   [88/497] ✅ BPOP  (累計 31177 rows)
[01:43:36] [PROGRESS]   [89/497] ✅ BP  (累計 31542 rows)
[01:43:36] [PROGRESS]   [90/497] ✅ BNY  (累計 31907 rows)
[01:43:36] [INFO]   批次完成: 30/30 ✅  耗时: 12.8s  累計: 31907 rows
[01:43:39] [INFO] 
批次 4/17  (30 檔)...
[01:43:39] [PROGRESS]   [91/497] ✅ BRKRP  (累計 32111 rows)
[01:43:40] [PROGRESS]   [92/497] ✅ BTSG  (累計 32476 rows)
[01:43:40] [PROGRESS]   [93/497] ✅ BROS  (累計 32841 rows)
[01:43:40] [PROGRESS]   [94/497] ✅ BSBR  (累計 33206 rows)
[01:43:41] [PROGRESS]   [95/497] ✅ BSAC  (累計 33571 rows)
[01:43:41] [PROGRESS]   [96/497] ✅ BTI  (累計 33936 rows)
[01:43:41] [PROGRESS]   [97/497] ✅ BURL  (累計 34301 rows)
[01:43:41] [PROGRESS]   [98/497] ✅ BTSGU  (累計 34666 rows)
[01:43:42] [PROGRESS]   [99/497] ✅ BUD  (累計 35031 rows)
[01:43:42] [PROGRESS]   [100/497] ✅ BWA  (累計 35396 rows)
[01:43:43] [PROGRESS]   [101/497] ✅ CACI  (累計 35761 rows)
[01:43:43] [PROGRESS]   [102/497] ✅ BWXT  (累計 36126 rows)
[01:43:43] [PROGRESS]   [103/497] ✅ CBRS  (累計 36156 rows)
[01:43:44] [PROGRESS]   [104/497] ✅ CART  (累計 36521 rows)
[01:43:44] [PROGRESS]   [105/497] ✅ CCZ  (累計 36886 rows)
[01:43:45] [PROGRESS]   [106/497] ✅ CCJ  (累計 37251 rows)
[01:43:45] [PROGRESS]   [107/497] ✅ CCK  (累計 37616 rows)
[01:43:46] [PROGRESS]   [108/497] ✅ CCEP  (累計 37981 rows)
[01:43:46] [PROGRESS]   [109/497] ✅ CDE  (累計 38346 rows)
[01:43:47] [PROGRESS]   [110/497] ✅ CET  (累計 38711 rows)
[01:43:47] [PROGRESS]   [111/497] ✅ CG  (累計 39076 rows)
[01:43:48] [PROGRESS]   [112/497] ✅ CHKP  (累計 39441 rows)
[01:43:48] [PROGRESS]   [113/497] ✅ CGNX  (累計 39806 rows)
[01:43:49] [PROGRESS]   [114/497] ✅ CIFR  (累計 40171 rows)
[01:43:49] [PROGRESS]   [115/497] ✅ CHT  (累計 40536 rows)
[01:43:50] [PROGRESS]   [116/497] ✅ CLH  (累計 40901 rows)
[01:43:50] [PROGRESS]   [117/497] ✅ CIB  (累計 41266 rows)
[01:43:50] [PROGRESS]   [118/497] ✅ CLS  (累計 41631 rows)
[01:43:50] [WARNING]   [119/497] ❌ BRK/B  (累計 41631 rows)
[01:43:50] [WARNING]   [120/497] ❌ BRK/A  (累計 41631 rows)
[01:43:50] [INFO]   批次完成: 28/30 ✅  耗时: 11.4s  累計: 41631 rows
[01:43:53] [INFO] 
批次 5/17  (30 檔)...
[01:43:54] [PROGRESS]   [121/497] ✅ CPNG  (累計 41996 rows)
[01:43:54] [PROGRESS]   [122/497] ✅ CNH  (累計 42361 rows)
[01:43:54] [PROGRESS]   [123/497] ✅ CNA  (累計 42726 rows)
[01:43:55] [PROGRESS]   [124/497] ✅ CNI  (累計 43091 rows)
[01:43:55] [PROGRESS]   [125/497] ✅ CP  (累計 43456 rows)
[01:43:55] [PROGRESS]   [126/497] ✅ COKE  (累計 43821 rows)
[01:43:56] [PROGRESS]   [127/497] ✅ CNQ  (累計 44186 rows)
[01:43:56] [PROGRESS]   [128/497] ✅ CM  (累計 44551 rows)
[01:43:56] [PROGRESS]   [129/497] ✅ CQP  (累計 44916 rows)
[01:43:57] [PROGRESS]   [130/497] ✅ CR  (累計 45281 rows)
[01:43:57] [PROGRESS]   [131/497] ✅ CRCL  (累計 45547 rows)
[01:43:58] [PROGRESS]   [132/497] ✅ CRDO  (累計 45912 rows)
[01:43:58] [PROGRESS]   [133/497] ✅ CRWV  (累計 46225 rows)
[01:43:59] [PROGRESS]   [134/497] ✅ CRBG  (累計 46590 rows)
[01:43:59] [PROGRESS]   [135/497] ✅ CSL  (累計 46955 rows)
[01:44:00] [PROGRESS]   [136/497] ✅ CYTK  (累計 47320 rows)
[01:44:00] [PROGRESS]   [137/497] ✅ CRS  (累計 47685 rows)
[01:44:01] [PROGRESS]   [138/497] ✅ CVE  (累計 48050 rows)
[01:44:01] [PROGRESS]   [139/497] ✅ CX  (累計 48415 rows)
[01:44:02] [PROGRESS]   [140/497] ✅ DB  (累計 48780 rows)
[01:44:02] [PROGRESS]   [141/497] ✅ CW  (累計 49145 rows)
[01:44:02] [PROGRESS]   [142/497] ✅ DCI  (累計 49510 rows)
[01:44:03] [PROGRESS]   [143/497] ✅ DKNG  (累計 49875 rows)
[01:44:03] [PROGRESS]   [144/497] ✅ DOCN  (累計 50240 rows)
[01:44:04] [PROGRESS]   [145/497] ✅ DEO  (累計 50605 rows)
[01:44:04] [PROGRESS]   [146/497] ✅ DT  (累計 50970 rows)
[01:44:05] [PROGRESS]   [147/497] ✅ DRS  (累計 51335 rows)
[01:44:05] [PROGRESS]   [148/497] ✅ DKS  (累計 51700 rows)
[01:44:06] [PROGRESS]   [149/497] ✅ DINO  (累計 52065 rows)
[01:44:06] [PROGRESS]   [150/497] ✅ DTM  (累計 52430 rows)
[01:44:06] [INFO]   批次完成: 30/30 ✅  耗时: 12.8s  累計: 52430 rows
[01:44:09] [INFO] 
批次 6/17  (30 檔)...
[01:44:10] [PROGRESS]   [151/497] ✅ ECHO  (累計 52795 rows)
[01:44:10] [PROGRESS]   [152/497] ✅ DY  (累計 53160 rows)
[01:44:10] [PROGRESS]   [153/497] ✅ DUKB  (累計 53525 rows)
[01:44:11] [PROGRESS]   [154/497] ✅ EC  (累計 53890 rows)
[01:44:11] [PROGRESS]   [155/497] ✅ EDU  (累計 54255 rows)
[01:44:11] [PROGRESS]   [156/497] ✅ E  (累計 54620 rows)
[01:44:12] [PROGRESS]   [157/497] ✅ EGP  (累計 54985 rows)
[01:44:12] [PROGRESS]   [158/497] ✅ EHC  (累計 55350 rows)
[01:44:13] [PROGRESS]   [159/497] ✅ ELAN  (累計 55715 rows)
[01:44:13] [PROGRESS]   [160/497] ✅ EMA  (累計 56080 rows)
[01:44:14] [PROGRESS]   [161/497] ✅ ENLT  (累計 56445 rows)
[01:44:14] [PROGRESS]   [162/497] ✅ EMBJ  (累計 56810 rows)
[01:44:15] [PROGRESS]   [163/497] ✅ ENB  (累計 57175 rows)
[01:44:15] [PROGRESS]   [164/497] ✅ EPD  (累計 57540 rows)
[01:44:16] [PROGRESS]   [165/497] ✅ ELS  (累計 57905 rows)
[01:44:16] [PROGRESS]   [166/497] ✅ ENTG  (累計 58270 rows)
[01:44:17] [PROGRESS]   [167/497] ✅ EQH  (累計 58635 rows)
[01:44:17] [PROGRESS]   [168/497] ✅ EQNR  (累計 59000 rows)
[01:44:18] [PROGRESS]   [169/497] ✅ ERIC  (累計 59365 rows)
[01:44:18] [PROGRESS]   [170/497] ✅ ET  (累計 59730 rows)
[01:44:19] [PROGRESS]   [171/497] ✅ ESI  (累計 60095 rows)
[01:44:19] [PROGRESS]   [172/497] ✅ EXEL  (累計 60460 rows)
[01:44:20] [PROGRESS]   [173/497] ✅ ESLT  (累計 60825 rows)
[01:44:20] [PROGRESS]   [174/497] ✅ EVR  (累計 61190 rows)
[01:44:21] [PROGRESS]   [175/497] ✅ EWBC  (累計 61555 rows)
[01:44:21] [PROGRESS]   [176/497] ✅ FDXF  (累計 61577 rows)
[01:44:21] [PROGRESS]   [177/497] ✅ FCNCA  (累計 61942 rows)
[01:44:22] [PROGRESS]   [178/497] ✅ FER  (累計 62307 rows)
[01:44:22] [PROGRESS]   [179/497] ✅ FERG  (累計 62672 rows)
[01:44:23] [PROGRESS]   [180/497] ✅ FHN  (累計 63037 rows)
[01:44:23] [INFO]   批次完成: 30/30 ✅  耗时: 13.1s  累計: 63037 rows
[01:44:26] [INFO] 
批次 7/17  (30 檔)...
[01:44:26] [PROGRESS]   [181/497] ✅ FIVE  (累計 63402 rows)
[01:44:26] [PROGRESS]   [182/497] ✅ FN  (累計 63767 rows)
[01:44:27] [PROGRESS]   [183/497] ✅ FLEX  (累計 64132 rows)
[01:44:27] [PROGRESS]   [184/497] ✅ FLUT  (累計 64497 rows)
[01:44:27] [PROGRESS]   [185/497] ✅ FMX  (累計 64862 rows)
[01:44:27] [PROGRESS]   [186/497] ✅ FNV  (累計 65227 rows)
[01:44:28] [PROGRESS]   [187/497] ✅ FMS  (累計 65592 rows)
[01:44:28] [PROGRESS]   [188/497] ✅ FNF  (累計 65957 rows)
[01:44:28] [PROGRESS]   [189/497] ✅ FPS  (累計 66055 rows)
[01:44:29] [PROGRESS]   [190/497] ✅ FROG  (累計 66420 rows)
[01:44:29] [PROGRESS]   [191/497] ✅ FORM  (累計 66785 rows)
[01:44:29] [PROGRESS]   [192/497] ✅ FUTU  (累計 67150 rows)
[01:44:30] [PROGRESS]   [193/497] ✅ FWONA  (累計 67515 rows)
[01:44:30] [PROGRESS]   [194/497] ✅ FTAI  (累計 67880 rows)
[01:44:31] [PROGRESS]   [195/497] ✅ FTS  (累計 68245 rows)
[01:44:31] [PROGRESS]   [196/497] ✅ FTI  (累計 68610 rows)
[01:44:32] [PROGRESS]   [197/497] ✅ FWONK  (累計 68975 rows)
[01:44:33] [PROGRESS]   [198/497] ✅ GFL  (累計 69340 rows)
[01:44:33] [PROGRESS]   [199/497] ✅ GH  (累計 69705 rows)
[01:44:33] [PROGRESS]   [200/497] ✅ GLPI  (累計 70070 rows)
[01:44:34] [PROGRESS]   [201/497] ✅ GFI  (累計 70435 rows)
[01:44:34] [PROGRESS]   [202/497] ✅ GLXY  (累計 70714 rows)
[01:44:35] [PROGRESS]   [203/497] ✅ GIB  (累計 71079 rows)
[01:44:35] [PROGRESS]   [204/497] ✅ GMAB  (累計 71444 rows)
[01:44:36] [PROGRESS]   [205/497] ✅ GMED  (累計 71809 rows)
[01:44:36] [PROGRESS]   [206/497] ✅ GOOGM  (累計 71826 rows)
[01:44:36] [PROGRESS]   [207/497] ✅ GOOGN  (累計 71843 rows)
[01:44:36] [PROGRESS]   [208/497] ✅ GRAB  (累計 72208 rows)
[01:44:37] [PROGRESS]   [209/497] ✅ GSAT  (累計 72573 rows)
[01:44:37] [PROGRESS]   [210/497] ✅ GGG  (累計 72938 rows)
[01:44:37] [INFO]   批次完成: 30/30 ✅  耗时: 11.5s  累計: 72938 rows
[01:44:40] [INFO] 
批次 8/17  (30 檔)...
[01:44:41] [PROGRESS]   [211/497] ✅ HBANZ  (累計 73039 rows)
[01:44:41] [PROGRESS]   [212/497] ✅ GWRE  (累計 73404 rows)
[01:44:41] [PROGRESS]   [213/497] ✅ HBANL  (累計 73769 rows)
[01:44:41] [PROGRESS]   [214/497] ✅ H  (累計 74134 rows)
[01:44:42] [PROGRESS]   [215/497] ✅ HBANP  (累計 74499 rows)
[01:44:42] [PROGRESS]   [216/497] ✅ HBANM  (累計 74864 rows)
[01:44:42] [PROGRESS]   [217/497] ✅ HDB  (累計 75229 rows)
[01:44:43] [PROGRESS]   [218/497] ✅ GSK  (累計 75594 rows)
[01:44:43] [PROGRESS]   [219/497] ✅ HONAV  (累計 75603 rows)
[01:44:43] [PROGRESS]   [220/497] ✅ HLN  (累計 75968 rows)
[01:44:43] [PROGRESS]   [221/497] ✅ HUT  (累計 76333 rows)
[01:44:44] [PROGRESS]   [222/497] ✅ HTHT  (累計 76698 rows)
[01:44:44] [PROGRESS]   [223/497] ✅ HMC  (累計 77063 rows)
[01:44:45] [PROGRESS]   [224/497] ✅ HEI  (累計 77428 rows)
[01:44:45] [PROGRESS]   [225/497] ✅ HSBC  (累計 77793 rows)
[01:44:46] [PROGRESS]   [226/497] ✅ HL  (累計 78158 rows)
[01:44:46] [PROGRESS]   [227/497] ✅ ICLR  (累計 78523 rows)
[01:44:47] [PROGRESS]   [228/497] ✅ IBN  (累計 78888 rows)
[01:44:47] [PROGRESS]   [229/497] ✅ IESC  (累計 79253 rows)
[01:44:48] [PROGRESS]   [230/497] ✅ IHG  (累計 79618 rows)
[01:44:48] [PROGRESS]   [231/497] ✅ INIO  (累計 79632 rows)
[01:44:48] [PROGRESS]   [232/497] ✅ INSM  (累計 79997 rows)
[01:44:49] [PROGRESS]   [233/497] ✅ INFY  (累計 80362 rows)
[01:44:49] [PROGRESS]   [234/497] ✅ IONQ  (累計 80727 rows)
[01:44:50] [PROGRESS]   [235/497] ✅ ING  (累計 81092 rows)
[01:44:50] [PROGRESS]   [236/497] ✅ IMO  (累計 81457 rows)
[01:44:51] [PROGRESS]   [237/497] ✅ IONS  (累計 81822 rows)
[01:44:51] [PROGRESS]   [238/497] ✅ IOT  (累計 82187 rows)
[01:44:52] [PROGRESS]   [239/497] ✅ IREN  (累計 82552 rows)
[01:44:52] [PROGRESS]   [240/497] ✅ ITT  (累計 82917 rows)
[01:44:52] [INFO]   批次完成: 30/30 ✅  耗时: 12.0s  累計: 82917 rows
[01:44:55] [INFO] 
批次 9/17  (30 檔)...
[01:44:56] [PROGRESS]   [241/497] ✅ JBS  (累計 83177 rows)
[01:44:56] [PROGRESS]   [242/497] ✅ JAZZ  (累計 83542 rows)
[01:44:56] [PROGRESS]   [243/497] ✅ KB  (累計 83907 rows)
[01:44:57] [PROGRESS]   [244/497] ✅ JHX  (累計 84272 rows)
[01:44:57] [PROGRESS]   [245/497] ✅ IX  (累計 84637 rows)
[01:44:57] [PROGRESS]   [246/497] ✅ JLL  (累計 85002 rows)
[01:44:58] [PROGRESS]   [247/497] ✅ ITUB  (累計 85367 rows)
[01:44:58] [PROGRESS]   [248/497] ✅ JEF  (累計 85732 rows)
[01:44:58] [PROGRESS]   [249/497] ✅ KGC  (累計 86097 rows)
[01:44:58] [PROGRESS]   [250/497] ✅ KLAR  (累計 86296 rows)
[01:44:59] [PROGRESS]   [251/497] ✅ KEP  (累計 86661 rows)
[01:44:59] [PROGRESS]   [252/497] ✅ KKRS  (累計 87026 rows)
[01:45:00] [PROGRESS]   [253/497] ✅ KRYS  (累計 87391 rows)
[01:45:00] [PROGRESS]   [254/497] ✅ KNX  (累計 87756 rows)
[01:45:01] [PROGRESS]   [255/497] ✅ KSPI  (累計 88121 rows)
[01:45:01] [PROGRESS]   [256/497] ✅ LAMR  (累計 88486 rows)
[01:45:02] [PROGRESS]   [257/497] ✅ LI  (累計 88851 rows)
[01:45:02] [PROGRESS]   [258/497] ✅ LINE  (累計 89216 rows)
[01:45:03] [PROGRESS]   [259/497] ✅ LFUS  (累計 89581 rows)
[01:45:03] [PROGRESS]   [260/497] ✅ LNG  (累計 89946 rows)
[01:45:04] [PROGRESS]   [261/497] ✅ LECO  (累計 90311 rows)
[01:45:04] [PROGRESS]   [262/497] ✅ LSCC  (累計 90676 rows)
[01:45:05] [PROGRESS]   [263/497] ✅ LOGI  (累計 91041 rows)
[01:45:05] [PROGRESS]   [264/497] ✅ LPLA  (累計 91406 rows)
[01:45:06] [PROGRESS]   [265/497] ✅ LTM  (累計 91771 rows)
[01:45:06] [PROGRESS]   [266/497] ✅ MAIR  (累計 91821 rows)
[01:45:06] [PROGRESS]   [267/497] ✅ MDB  (累計 92186 rows)
[01:45:07] [PROGRESS]   [268/497] ✅ MCHPP  (累計 92504 rows)
[01:45:07] [PROGRESS]   [269/497] ✅ LYG  (累計 92869 rows)
[01:45:08] [PROGRESS]   [270/497] ✅ MDGL  (累計 93234 rows)
[01:45:08] [INFO]   批次完成: 30/30 ✅  耗时: 12.2s  累計: 93234 rows
[01:45:11] [INFO] 
批次 10/17  (30 檔)...
[01:45:11] [PROGRESS]   [271/497] ✅ MDLN  (累計 93365 rows)
[01:45:11] [PROGRESS]   [272/497] ✅ MEDP  (累計 93730 rows)
[01:45:11] [PROGRESS]   [273/497] ✅ MICC  (累計 93868 rows)
[01:45:12] [PROGRESS]   [274/497] ✅ MKL  (累計 94233 rows)
[01:45:12] [PROGRESS]   [275/497] ✅ MFG  (累計 94598 rows)
[01:45:12] [PROGRESS]   [276/497] ✅ MKSI  (累計 94963 rows)
[01:45:12] [PROGRESS]   [277/497] ✅ MGA  (累計 95328 rows)
[01:45:13] [PROGRESS]   [278/497] ✅ MFC  (累計 95693 rows)
[01:45:13] [PROGRESS]   [279/497] ✅ MOH  (累計 96058 rows)
[01:45:13] [PROGRESS]   [280/497] ✅ MSTR  (累計 96423 rows)
[01:45:14] [PROGRESS]   [281/497] ✅ MPLX  (累計 96788 rows)
[01:45:14] [PROGRESS]   [282/497] ✅ MTSI  (累計 97153 rows)
[01:45:15] [PROGRESS]   [283/497] ✅ MOD  (累計 97518 rows)
[01:45:15] [PROGRESS]   [284/497] ✅ MTZ  (累計 97883 rows)
[01:45:16] [PROGRESS]   [285/497] ✅ MLI  (累計 98248 rows)
[01:45:16] [PROGRESS]   [286/497] ✅ MT  (累計 98613 rows)
[01:45:17] [PROGRESS]   [287/497] ✅ NBIX  (累計 98978 rows)
[01:45:17] [PROGRESS]   [288/497] ✅ NET  (累計 99343 rows)
[01:45:18] [PROGRESS]   [289/497] ✅ NBIS  (累計 99708 rows)
[01:45:18] [PROGRESS]   [290/497] ✅ NIO  (累計 100073 rows)
[01:45:19] [PROGRESS]   [291/497] ✅ NGG  (累計 100438 rows)
[01:45:19] [PROGRESS]   [292/497] ✅ NLY  (累計 100803 rows)
[01:45:20] [PROGRESS]   [293/497] ✅ NMR  (累計 101168 rows)
[01:45:20] [PROGRESS]   [294/497] ✅ MUFG  (累計 101533 rows)
[01:45:21] [PROGRESS]   [295/497] ✅ NTNX  (累計 101898 rows)
[01:45:21] [PROGRESS]   [296/497] ✅ NTES  (累計 102263 rows)
[01:45:22] [PROGRESS]   [297/497] ✅ NTR  (累計 102628 rows)
[01:45:22] [PROGRESS]   [298/497] ✅ NTRA  (累計 102993 rows)
[01:45:23] [PROGRESS]   [299/497] ✅ NOK  (累計 103358 rows)
[01:45:23] [PROGRESS]   [300/497] ✅ NU  (累計 103723 rows)
[01:45:23] [INFO]   批次完成: 30/30 ✅  耗时: 12.4s  累計: 103723 rows
[01:45:26] [INFO] 
批次 11/17  (30 檔)...
[01:45:27] [PROGRESS]   [301/497] ✅ NXT  (累計 104088 rows)
[01:45:27] [PROGRESS]   [302/497] ✅ NVMI  (累計 104453 rows)
[01:45:27] [PROGRESS]   [303/497] ✅ NVT  (累計 104818 rows)
[01:45:27] [PROGRESS]   [304/497] ✅ OC  (累計 105183 rows)
[01:45:28] [PROGRESS]   [305/497] ✅ NWG  (累計 105548 rows)
[01:45:28] [PROGRESS]   [306/497] ✅ NVO  (累計 105913 rows)
[01:45:28] [PROGRESS]   [307/497] ✅ NYT  (累計 106278 rows)
[01:45:29] [PROGRESS]   [308/497] ✅ NVS  (累計 106643 rows)
[01:45:29] [PROGRESS]   [309/497] ✅ OKTA  (累計 107008 rows)
[01:45:29] [PROGRESS]   [310/497] ✅ ONC  (累計 107373 rows)
[01:45:30] [PROGRESS]   [311/497] ✅ ONON  (累計 107738 rows)
[01:45:30] [PROGRESS]   [312/497] ✅ ONTO  (累計 108103 rows)
[01:45:31] [PROGRESS]   [313/497] ✅ OHI  (累計 108468 rows)
[01:45:32] [PROGRESS]   [314/497] ✅ ORI  (累計 108833 rows)
[01:45:32] [PROGRESS]   [315/497] ✅ OGE  (累計 109198 rows)
[01:45:33] [PROGRESS]   [316/497] ✅ OVV  (累計 109563 rows)
[01:45:33] [PROGRESS]   [317/497] ✅ OWL  (累計 109928 rows)
[01:45:34] [PROGRESS]   [318/497] ✅ P  (累計 110293 rows)
[01:45:34] [PROGRESS]   [319/497] ✅ PAA  (累計 110658 rows)
[01:45:34] [PROGRESS]   [320/497] ✅ PAC  (累計 111023 rows)
[01:45:35] [PROGRESS]   [321/497] ✅ PAAS  (累計 111388 rows)
[01:45:35] [PROGRESS]   [322/497] ✅ PBA  (累計 111753 rows)
[01:45:36] [PROGRESS]   [323/497] ✅ PEN  (累計 112118 rows)
[01:45:36] [PROGRESS]   [324/497] ✅ PFGC  (累計 112483 rows)
[01:45:37] [PROGRESS]   [325/497] ✅ PBR  (累計 112848 rows)
[01:45:37] [PROGRESS]   [326/497] ✅ PAG  (累計 113213 rows)
[01:45:38] [PROGRESS]   [327/497] ✅ PINS  (累計 113578 rows)
[01:45:38] [PROGRESS]   [328/497] ✅ PHG  (累計 113943 rows)
[01:45:39] [PROGRESS]   [329/497] ✅ PKX  (累計 114308 rows)
[01:45:39] [PROGRESS]   [330/497] ✅ PNFP  (累計 114673 rows)
[01:45:39] [INFO]   批次完成: 30/30 ✅  耗时: 13.0s  累計: 114673 rows
[01:45:42] [INFO] 
批次 12/17  (30 檔)...
[01:45:43] [PROGRESS]   [331/497] ✅ PPLC  (累計 114759 rows)
[01:45:43] [PROGRESS]   [332/497] ✅ PS  (累計 114800 rows)
[01:45:43] [PROGRESS]   [333/497] ✅ QNT  (累計 114816 rows)
[01:45:43] [PROGRESS]   [334/497] ✅ QSR  (累計 115181 rows)
[01:45:43] [PROGRESS]   [335/497] ✅ QXO  (累計 115546 rows)
[01:45:43] [PROGRESS]   [336/497] ✅ POWL  (累計 115911 rows)
[01:45:44] [PROGRESS]   [337/497] ✅ PUK  (累計 116276 rows)
[01:45:44] [PROGRESS]   [338/497] ✅ PR  (累計 116641 rows)
[01:45:44] [PROGRESS]   [339/497] ✅ RBLX  (累計 117006 rows)
[01:45:45] [PROGRESS]   [340/497] ✅ RBC  (累計 117371 rows)
[01:45:45] [PROGRESS]   [341/497] ✅ RBRK  (累計 117736 rows)
[01:45:45] [PROGRESS]   [342/497] ✅ RACE  (累計 118101 rows)
[01:45:46] [PROGRESS]   [343/497] ✅ RBA  (累計 118466 rows)
[01:45:46] [PROGRESS]   [344/497] ✅ R  (累計 118831 rows)
[01:45:47] [PROGRESS]   [345/497] ✅ RDDT  (累計 119196 rows)
[01:45:47] [PROGRESS]   [346/497] ✅ RCI  (累計 119561 rows)
[01:45:48] [PROGRESS]   [347/497] ✅ RDY  (累計 119926 rows)
[01:45:48] [PROGRESS]   [348/497] ✅ RGA  (累計 120291 rows)
[01:45:49] [PROGRESS]   [349/497] ✅ RIOT  (累計 120656 rows)
[01:45:49] [PROGRESS]   [350/497] ✅ RGLD  (累計 121021 rows)
[01:45:50] [PROGRESS]   [351/497] ✅ RELX  (累計 121386 rows)
[01:45:50] [PROGRESS]   [352/497] ✅ RKLB  (累計 121751 rows)
[01:45:51] [PROGRESS]   [353/497] ✅ RKT  (累計 122116 rows)
[01:45:51] [PROGRESS]   [354/497] ✅ RIO  (累計 122481 rows)
[01:45:52] [PROGRESS]   [355/497] ✅ RMBS  (累計 122846 rows)
[01:45:52] [PROGRESS]   [356/497] ✅ ROIV  (累計 123211 rows)
[01:45:53] [PROGRESS]   [357/497] ✅ ROKU  (累計 123576 rows)
[01:45:53] [PROGRESS]   [358/497] ✅ RPRX  (累計 123941 rows)
[01:45:54] [PROGRESS]   [359/497] ✅ RNR  (累計 124306 rows)
[01:45:54] [PROGRESS]   [360/497] ✅ RPM  (累計 124671 rows)
[01:45:54] [INFO]   批次完成: 30/30 ✅  耗时: 11.9s  累計: 124671 rows
[01:45:57] [INFO] 
批次 13/17  (30 檔)...
[01:45:58] [PROGRESS]   [361/497] ✅ SAIA  (累計 125036 rows)
[01:45:58] [PROGRESS]   [362/497] ✅ RYAN  (累計 125401 rows)
[01:45:58] [PROGRESS]   [363/497] ✅ RYAAY  (累計 125766 rows)
[01:45:59] [PROGRESS]   [364/497] ✅ RY  (累計 126131 rows)
[01:45:59] [PROGRESS]   [365/497] ✅ RRX  (累計 126496 rows)
[01:45:59] [PROGRESS]   [366/497] ✅ SAN  (累計 126861 rows)
[01:45:59] [PROGRESS]   [367/497] ✅ RVMD  (累計 127226 rows)
[01:46:00] [PROGRESS]   [368/497] ✅ RS  (累計 127591 rows)
[01:46:00] [PROGRESS]   [369/497] ✅ SANM  (累計 127956 rows)
[01:46:01] [PROGRESS]   [370/497] ✅ SAP  (累計 128321 rows)
[01:46:01] [PROGRESS]   [371/497] ✅ SE  (累計 128686 rows)
[01:46:02] [PROGRESS]   [372/497] ✅ SBS  (累計 129051 rows)
[01:46:02] [PROGRESS]   [373/497] ✅ SCI  (累計 129416 rows)
[01:46:03] [PROGRESS]   [374/497] ✅ SCCO  (累計 129781 rows)
[01:46:03] [PROGRESS]   [375/497] ✅ SEIC  (累計 130146 rows)
[01:46:04] [PROGRESS]   [376/497] ✅ SF  (累計 130511 rows)
[01:46:04] [PROGRESS]   [377/497] ✅ SHOP  (累計 130876 rows)
[01:46:05] [PROGRESS]   [378/497] ✅ SGI  (累計 131241 rows)
[01:46:05] [PROGRESS]   [379/497] ✅ SHG  (累計 131606 rows)
[01:46:05] [PROGRESS]   [380/497] ✅ SHEL  (累計 131971 rows)
[01:46:06] [PROGRESS]   [381/497] ✅ SKM  (累計 132336 rows)
[01:46:06] [PROGRESS]   [382/497] ✅ SMCIP  (累計 132347 rows)
[01:46:06] [PROGRESS]   [383/497] ✅ SITM  (累計 132712 rows)
[01:46:07] [PROGRESS]   [384/497] ✅ SLF  (累計 133077 rows)
[01:46:07] [PROGRESS]   [385/497] ✅ SIMO  (累計 133442 rows)
[01:46:08] [PROGRESS]   [386/497] ✅ SLMBP  (累計 133807 rows)
[01:46:08] [PROGRESS]   [387/497] ✅ SMFG  (累計 134172 rows)
[01:46:09] [PROGRESS]   [388/497] ✅ SMMT  (累計 134537 rows)
[01:46:09] [PROGRESS]   [389/497] ✅ SN  (累計 134902 rows)
[01:46:10] [PROGRESS]   [390/497] ✅ SMTC  (累計 135267 rows)
[01:46:10] [INFO]   批次完成: 30/30 ✅  耗时: 12.3s  累計: 135267 rows
[01:46:13] [INFO] 
批次 14/17  (30 檔)...
[01:46:13] [PROGRESS]   [391/497] ✅ SOJD  (累計 135632 rows)
[01:46:13] [PROGRESS]   [392/497] ✅ SNEX  (累計 135997 rows)
[01:46:14] [PROGRESS]   [393/497] ✅ SOFI  (累計 136362 rows)
[01:46:14] [PROGRESS]   [394/497] ✅ SNOW  (累計 136727 rows)
[01:46:14] [PROGRESS]   [395/497] ✅ SOJC  (累計 137092 rows)
[01:46:14] [PROGRESS]   [396/497] ✅ SNX  (累計 137457 rows)
[01:46:15] [PROGRESS]   [397/497] ✅ SNY  (累計 137822 rows)
[01:46:15] [PROGRESS]   [398/497] ✅ SNN  (累計 138187 rows)
[01:46:15] [PROGRESS]   [399/497] ✅ SPCX  (累計 138197 rows)
[01:46:15] [PROGRESS]   [400/497] ✅ SOLS  (累計 138369 rows)
[01:46:15] [PROGRESS]   [401/497] ✅ SOMN  (累計 138530 rows)
[01:46:16] [PROGRESS]   [402/497] ✅ SOJE  (累計 138895 rows)
[01:46:16] [PROGRESS]   [403/497] ✅ SPOT  (累計 139260 rows)
[01:46:17] [PROGRESS]   [404/497] ✅ SQM  (累計 139625 rows)
[01:46:17] [PROGRESS]   [405/497] ✅ SPXC  (累計 139990 rows)
[01:46:18] [PROGRESS]   [406/497] ✅ SONY  (累計 140355 rows)
[01:46:18] [PROGRESS]   [407/497] ✅ STLA  (累計 140720 rows)
[01:46:19] [PROGRESS]   [408/497] ✅ STRC  (累計 140949 rows)
[01:46:19] [PROGRESS]   [409/497] ✅ SREA  (累計 141314 rows)
[01:46:20] [PROGRESS]   [410/497] ✅ SSNC  (累計 141679 rows)
[01:46:20] [PROGRESS]   [411/497] ✅ STM  (累計 142044 rows)
[01:46:20] [PROGRESS]   [412/497] ✅ STRD  (累計 142309 rows)
[01:46:21] [PROGRESS]   [413/497] ✅ STRK  (累計 142660 rows)
[01:46:21] [PROGRESS]   [414/497] ✅ STRF  (累計 142975 rows)
[01:46:22] [PROGRESS]   [415/497] ✅ STRL  (累計 143340 rows)
[01:46:22] [PROGRESS]   [416/497] ✅ SUN  (累計 143705 rows)
[01:46:22] [PROGRESS]   [417/497] ✅ SUNB  (累計 143787 rows)
[01:46:23] [PROGRESS]   [418/497] ✅ SUI  (累計 144152 rows)
[01:46:23] [PROGRESS]   [419/497] ✅ SU  (累計 144517 rows)
[01:46:24] [PROGRESS]   [420/497] ✅ SYM  (累計 144882 rows)
[01:46:24] [INFO]   批次完成: 30/30 ✅  耗时: 11.1s  累計: 144882 rows
[01:46:27] [INFO] 
批次 15/17  (30 檔)...
[01:46:27] [PROGRESS]   [421/497] ✅ TEM  (累計 145247 rows)
[01:46:28] [PROGRESS]   [422/497] ✅ TBB  (累計 145612 rows)
[01:46:28] [PROGRESS]   [423/497] ✅ TCOM  (累計 145977 rows)
[01:46:28] [PROGRESS]   [424/497] ✅ TFII  (累計 146342 rows)
[01:46:28] [PROGRESS]   [425/497] ✅ THC  (累計 146707 rows)
[01:46:29] [PROGRESS]   [426/497] ✅ TD  (累計 147072 rows)
[01:46:29] [PROGRESS]   [427/497] ✅ TEVA  (累計 147437 rows)
[01:46:29] [PROGRESS]   [428/497] ✅ TECK  (累計 147802 rows)
[01:46:30] [PROGRESS]   [429/497] ✅ TIGO  (累計 148167 rows)
[01:46:30] [PROGRESS]   [430/497] ✅ TLN  (累計 148532 rows)
[01:46:31] [PROGRESS]   [431/497] ✅ TOST  (累計 148897 rows)
[01:46:31] [PROGRESS]   [432/497] ✅ TIMB  (累計 149262 rows)
[01:46:32] [PROGRESS]   [433/497] ✅ TM  (累計 149627 rows)
[01:46:32] [PROGRESS]   [434/497] ✅ TOL  (累計 149992 rows)
[01:46:33] [PROGRESS]   [435/497] ✅ TME  (累計 150357 rows)
[01:46:33] [PROGRESS]   [436/497] ✅ TLK  (累計 150722 rows)
[01:46:34] [PROGRESS]   [437/497] ✅ TPG  (累計 151087 rows)
[01:46:34] [PROGRESS]   [438/497] ✅ TRI  (累計 151452 rows)
[01:46:35] [PROGRESS]   [439/497] ✅ TRP  (累計 151817 rows)
[01:46:35] [PROGRESS]   [440/497] ✅ TSEM  (累計 152182 rows)
[01:46:36] [PROGRESS]   [441/497] ✅ TRU  (累計 152547 rows)
[01:46:36] [PROGRESS]   [442/497] ✅ TTMI  (累計 152912 rows)
[01:46:37] [PROGRESS]   [443/497] ✅ TS  (累計 153277 rows)
[01:46:37] [PROGRESS]   [444/497] ✅ TSM  (累計 153642 rows)
[01:46:38] [PROGRESS]   [445/497] ✅ TTE  (累計 154007 rows)
[01:46:38] [PROGRESS]   [446/497] ✅ TU  (累計 154372 rows)
[01:46:39] [PROGRESS]   [447/497] ✅ TWLO  (累計 154737 rows)
[01:46:39] [PROGRESS]   [448/497] ✅ TW  (累計 155102 rows)
[01:46:40] [PROGRESS]   [449/497] ✅ TXRH  (累計 155467 rows)
[01:46:40] [PROGRESS]   [450/497] ✅ U  (累計 155832 rows)
[01:46:40] [INFO]   批次完成: 30/30 ✅  耗时: 13.3s  累計: 155832 rows
[01:46:43] [INFO] 
批次 16/17  (30 檔)...
[01:46:44] [PROGRESS]   [451/497] ✅ ULS  (累計 156197 rows)
[01:46:44] [PROGRESS]   [452/497] ✅ USFD  (累計 156562 rows)
[01:46:44] [PROGRESS]   [453/497] ✅ UBS  (累計 156927 rows)
[01:46:45] [PROGRESS]   [454/497] ✅ UMC  (累計 157292 rows)
[01:46:45] [PROGRESS]   [455/497] ✅ UI  (累計 157657 rows)
[01:46:45] [PROGRESS]   [456/497] ✅ UMBF  (累計 158022 rows)
[01:46:46] [PROGRESS]   [457/497] ✅ UNM  (累計 158387 rows)
[01:46:46] [PROGRESS]   [458/497] ✅ UL  (累計 158752 rows)
[01:46:46] [PROGRESS]   [459/497] ✅ UTHR  (累計 159117 rows)
[01:46:47] [PROGRESS]   [460/497] ✅ VIAV  (累計 159482 rows)
[01:46:47] [PROGRESS]   [461/497] ✅ VG  (累計 159839 rows)
[01:46:48] [PROGRESS]   [462/497] ✅ VIK  (累計 160204 rows)
[01:46:48] [PROGRESS]   [463/497] ✅ VALE  (累計 160569 rows)
[01:46:49] [PROGRESS]   [464/497] ✅ VICR  (累計 160934 rows)
[01:46:49] [PROGRESS]   [465/497] ✅ VLYPN  (累計 161299 rows)
[01:46:50] [PROGRESS]   [466/497] ✅ VIV  (累計 161664 rows)
[01:46:51] [PROGRESS]   [467/497] ✅ VLYPP  (累計 162029 rows)
[01:46:51] [PROGRESS]   [468/497] ✅ VLYPO  (累計 162394 rows)
[01:46:52] [PROGRESS]   [469/497] ✅ W  (累計 162759 rows)
[01:46:52] [PROGRESS]   [470/497] ✅ VNOM  (累計 163124 rows)
[01:46:52] [PROGRESS]   [471/497] ✅ WCC  (累計 163489 rows)
[01:46:53] [PROGRESS]   [472/497] ✅ WBS  (累計 163854 rows)
[01:46:53] [PROGRESS]   [473/497] ✅ VOD  (累計 164219 rows)
[01:46:54] [PROGRESS]   [474/497] ✅ VMI  (累計 164584 rows)
[01:46:54] [PROGRESS]   [475/497] ✅ WDS  (累計 164949 rows)
[01:46:55] [PROGRESS]   [476/497] ✅ WES  (累計 165314 rows)
[01:46:55] [PROGRESS]   [477/497] ✅ WF  (累計 165679 rows)
[01:46:56] [PROGRESS]   [478/497] ✅ WCN  (累計 166044 rows)
[01:46:56] [PROGRESS]   [479/497] ✅ WMG  (累計 166409 rows)
[01:46:57] [PROGRESS]   [480/497] ✅ WIT  (累計 166774 rows)
[01:46:57] [INFO]   批次完成: 30/30 ✅  耗时: 13.6s  累計: 166774 rows
[01:47:00] [INFO] 
批次 17/17  (17 檔)...
[01:47:00] [PROGRESS]   [481/497] ✅ WSE  (累計 166807 rows)
[01:47:01] [PROGRESS]   [482/497] ✅ WMS  (累計 167172 rows)
[01:47:01] [PROGRESS]   [483/497] ✅ WPC  (累計 167537 rows)
[01:47:01] [PROGRESS]   [484/497] ✅ WTFC  (累計 167902 rows)
[01:47:01] [PROGRESS]   [485/497] ✅ WSO  (累計 168267 rows)
[01:47:02] [PROGRESS]   [486/497] ✅ WPM  (累計 168632 rows)
[01:47:02] [PROGRESS]   [487/497] ✅ WTRG  (累計 168997 rows)
[01:47:02] [PROGRESS]   [488/497] ✅ WTS  (累計 169362 rows)
[01:47:03] [PROGRESS]   [489/497] ✅ WULF  (累計 169727 rows)
[01:47:03] [PROGRESS]   [490/497] ✅ XPEV  (累計 170092 rows)
[01:47:04] [PROGRESS]   [491/497] ✅ WWD  (累計 170457 rows)
[01:47:04] [PROGRESS]   [492/497] ✅ XPO  (累計 170822 rows)
[01:47:05] [PROGRESS]   [493/497] ✅ YUMC  (累計 171187 rows)
[01:47:05] [PROGRESS]   [494/497] ✅ YPF  (累計 171552 rows)
[01:47:06] [PROGRESS]   [495/497] ✅ ZM  (累計 171917 rows)
[01:47:06] [PROGRESS]   [496/497] ✅ ZTO  (累計 172282 rows)
[01:47:07] [PROGRESS]   [497/497] ✅ ZION  (累計 172647 rows)
[01:47:07] [INFO]   批次完成: 17/17 ✅  耗时: 6.7s  累計: 172647 rows
[01:47:07] [INFO] 
============================================================
[01:47:07] [INFO] 下載完成摘要
[01:47:07] [INFO]   成功:   495 檔
[01:47:07] [INFO]   失敗:   2 檔  ['BRK/B', 'BRK/A']
[01:47:07] [INFO]   總耗時: 4.2 分鐘
[01:47:07] [INFO]   總行數: 172647 rows
[01:47:07] [INFO] ============================================================
[01:47:07] [INFO] Checkpoint 已保存: /Users/aiagent/projects/dashboard/data/backfill_checkpoint.json
