/Users/aiagent/Library/Python/3.9/lib/python/site-packages/urllib3/__init__.py:35: NotOpenSSLWarning: urllib3 v2 only supports OpenSSL 1.1.1+, currently the 'ssl' module is compiled with 'LibreSSL 2.8.3'. See: https://github.com/urllib3/urllib3/issues/3020
  warnings.warn(
06:03:08 [INFO] ==================================================
06:03:08 [INFO] 每日增量下載  開始  (2026-05-20)
06:03:08 [INFO] 待更新股票: 611 檔
06:03:09 [ERROR] Failed to get ticker '0006.HK' reason: Expecting value: line 1 column 1 (char 0)
06:03:09 [ERROR] Failed to get ticker '0003.HK' reason: Expecting value: line 1 column 1 (char 0)
06:03:09 [ERROR] Failed to get ticker '0016.HK' reason: Expecting value: line 1 column 1 (char 0)
06:03:09 [ERROR] Failed to get ticker '0002.HK' reason: Expecting value: line 1 column 1 (char 0)
06:03:09 [ERROR] Failed to get ticker '0005.HK' reason: Expecting value: line 1 column 1 (char 0)
06:03:09 [ERROR] Failed to get ticker '0001.HK' reason: Expecting value: line 1 column 1 (char 0)
06:03:09 [ERROR] Failed to get ticker '0012.HK' reason: Expecting value: line 1 column 1 (char 0)
06:03:09 [ERROR] Failed to get ticker '0011.HK' reason: Expecting value: line 1 column 1 (char 0)
06:03:09 [ERROR] $0006.HK: possibly delisted; No price data found  (period=7d)
06:03:09 [ERROR] $0005.HK: possibly delisted; No price data found  (period=7d)
06:03:09 [ERROR] $0012.HK: possibly delisted; No price data found  (period=7d)
06:03:09 [ERROR] $0003.HK: possibly delisted; No price data found  (period=7d)
06:03:09 [ERROR] $0011.HK: possibly delisted; No price data found  (period=7d)
06:03:09 [ERROR] $0016.HK: possibly delisted; No price data found  (period=7d)
06:03:09 [ERROR] $0002.HK: possibly delisted; No price data found  (period=7d)
06:03:09 [ERROR] $0001.HK: possibly delisted; No price data found  (period=7d)
06:03:09 [ERROR] Failed to get ticker '0017.HK' reason: Expecting value: line 1 column 1 (char 0)
06:03:09 [ERROR] Failed to get ticker '0101.HK' reason: Expecting value: line 1 column 1 (char 0)
06:03:10 [ERROR] Failed to get ticker '0027.HK' reason: Expecting value: line 1 column 1 (char 0)
06:03:10 [ERROR] Failed to get ticker '0040.HK' reason: Expecting value: line 1 column 1 (char 0)
06:03:10 [ERROR] Failed to get ticker '0269.HK' reason: Expecting value: line 1 column 1 (char 0)
06:03:10 [ERROR] Failed to get ticker '0066.HK' reason: Expecting value: line 1 column 1 (char 0)
06:03:10 [ERROR] Failed to get ticker '0175.HK' reason: Expecting value: line 1 column 1 (char 0)
06:03:10 [ERROR] Failed to get ticker '0083.HK' reason: Expecting value: line 1 column 1 (char 0)
06:03:10 [ERROR] $0269.HK: possibly delisted; No price data found  (period=7d)
06:03:10 [ERROR] $0027.HK: possibly delisted; No price data found  (period=7d)
06:03:10 [ERROR] $0101.HK: possibly delisted; No price data found  (period=7d)
06:03:10 [ERROR] $0040.HK: possibly delisted; No price data found  (period=7d)
06:03:10 [ERROR] $0066.HK: possibly delisted; No price data found  (period=7d)
06:03:10 [ERROR] $0083.HK: possibly delisted; No price data found  (period=7d)
06:03:10 [ERROR] $0175.HK: possibly delisted; No price data found  (period=7d)
06:03:10 [ERROR] $0017.HK: possibly delisted; No price data found  (period=7d)
06:03:10 [ERROR] Failed to get ticker '0288.HK' reason: Expecting value: line 1 column 1 (char 0)
06:03:10 [ERROR] Failed to get ticker '0467.HK' reason: Expecting value: line 1 column 1 (char 0)
06:03:10 [ERROR] Failed to get ticker '0322.HK' reason: Expecting value: line 1 column 1 (char 0)
06:03:10 [ERROR] Failed to get ticker '0570.HK' reason: Expecting value: line 1 column 1 (char 0)
06:03:10 [ERROR] Failed to get ticker '0669.HK' reason: Expecting value: line 1 column 1 (char 0)
06:03:10 [ERROR] Failed to get ticker '0318.HK' reason: Expecting value: line 1 column 1 (char 0)
06:03:10 [ERROR] Failed to get ticker '0386.HK' reason: Expecting value: line 1 column 1 (char 0)
06:03:10 [ERROR] Failed to get ticker '0388.HK' reason: Expecting value: line 1 column 1 (char 0)
06:03:11 [ERROR] $0318.HK: possibly delisted; No price data found  (period=7d)
06:03:11 [ERROR] $0570.HK: possibly delisted; No price data found  (period=7d)
06:03:11 [ERROR] $0288.HK: possibly delisted; No price data found  (period=7d)
06:03:11 [ERROR] $0386.HK: possibly delisted; No price data found  (period=7d)
06:03:11 [ERROR] $0467.HK: possibly delisted; No price data found  (period=7d)
06:03:11 [ERROR] $0669.HK: possibly delisted; No price data found  (period=7d)
06:03:11 [ERROR] $0322.HK: possibly delisted; No price data found  (period=7d)
06:03:11 [ERROR] $0388.HK: possibly delisted; No price data found  (period=7d)
06:03:11 [ERROR] Failed to get ticker '0889.HK' reason: Expecting value: line 1 column 1 (char 0)
06:03:11 [ERROR] Failed to get ticker '0738.HK' reason: Expecting value: line 1 column 1 (char 0)
06:03:11 [ERROR] Failed to get ticker '0769.HK' reason: Expecting value: line 1 column 1 (char 0)
06:03:11 [ERROR] Failed to get ticker '0868.HK' reason: Expecting value: line 1 column 1 (char 0)
06:03:11 [ERROR] Failed to get ticker '0823.HK' reason: Expecting value: line 1 column 1 (char 0)
06:03:11 [ERROR] Failed to get ticker '0688.HK' reason: Expecting value: line 1 column 1 (char 0)
06:03:11 [ERROR] Failed to get ticker '0883.HK' reason: Expecting value: line 1 column 1 (char 0)
06:03:11 [ERROR] Failed to get ticker '0857.HK' reason: Expecting value: line 1 column 1 (char 0)
06:03:12 [ERROR] $0823.HK: possibly delisted; No price data found  (period=7d)
06:03:12 [ERROR] $0883.HK: possibly delisted; No price data found  (period=7d)
06:03:12 [ERROR] $0889.HK: possibly delisted; No price data found  (period=7d)
06:03:12 [ERROR] $0868.HK: possibly delisted; No price data found  (period=7d)
06:03:12 [ERROR] $0738.HK: possibly delisted; No price data found  (period=7d)
06:03:12 [ERROR] $0857.HK: possibly delisted; No price data found  (period=7d)
06:03:12 [ERROR] $0688.HK: possibly delisted; No price data found  (period=7d)
06:03:12 [ERROR] $0769.HK: possibly delisted; No price data found  (period=7d)
06:03:13 [ERROR] Failed to get ticker '0902.HK' reason: Expecting value: line 1 column 1 (char 0)
06:03:13 [ERROR] Failed to get ticker '0960.HK' reason: Expecting value: line 1 column 1 (char 0)
06:03:13 [ERROR] Failed to get ticker '0941.HK' reason: Expecting value: line 1 column 1 (char 0)
06:03:13 [ERROR] Failed to get ticker '0988.HK' reason: Expecting value: line 1 column 1 (char 0)
06:03:13 [ERROR] Failed to get ticker '0992.HK' reason: Expecting value: line 1 column 1 (char 0)
06:03:13 [ERROR] Failed to get ticker '0939.HK' reason: Expecting value: line 1 column 1 (char 0)
06:03:13 [ERROR] Failed to get ticker '0912.HK' reason: Expecting value: line 1 column 1 (char 0)
06:03:13 [ERROR] Failed to get ticker '0999.HK' reason: Expecting value: line 1 column 1 (char 0)
06:03:13 [ERROR] $0988.HK: possibly delisted; No price data found  (period=7d)
06:03:13 [ERROR] $0960.HK: possibly delisted; No price data found  (period=7d)
06:03:13 [ERROR] $0939.HK: possibly delisted; No price data found  (period=7d)
06:03:13 [ERROR] $0902.HK: possibly delisted; No price data found  (period=7d)
06:03:13 [ERROR] $0941.HK: possibly delisted; No price data found  (period=7d)
06:03:13 [ERROR] $0992.HK: possibly delisted; No price data found  (period=7d)
06:03:13 [ERROR] $0912.HK: possibly delisted; No price data found  (period=7d)
06:03:13 [ERROR] $0999.HK: possibly delisted; No price data found  (period=7d)
06:03:14 [ERROR] Failed to get ticker '1000.HK' reason: Expecting value: line 1 column 1 (char 0)
06:03:14 [ERROR] Failed to get ticker '1009.HK' reason: Expecting value: line 1 column 1 (char 0)
06:03:14 [ERROR] Failed to get ticker '1109.HK' reason: Expecting value: line 1 column 1 (char 0)
06:03:14 [ERROR] Failed to get ticker '1181.HK' reason: Expecting value: line 1 column 1 (char 0)
06:03:14 [ERROR] Failed to get ticker '1038.HK' reason: Expecting value: line 1 column 1 (char 0)
06:03:14 [ERROR] Failed to get ticker '1093.HK' reason: Expecting value: line 1 column 1 (char 0)
06:03:14 [ERROR] Failed to get ticker '1044.HK' reason: Expecting value: line 1 column 1 (char 0)
06:03:14 [ERROR] Failed to get ticker '1177.HK' reason: Expecting value: line 1 column 1 (char 0)
06:03:15 [ERROR] $1009.HK: possibly delisted; No price data found  (period=7d)
06:03:15 [ERROR] $1177.HK: possibly delisted; No price data found  (period=7d)
06:03:15 [ERROR] $1093.HK: possibly delisted; No price data found  (period=7d)
06:03:15 [ERROR] $1000.HK: possibly delisted; No price data found  (period=7d)
06:03:15 [ERROR] $1038.HK: possibly delisted; No price data found  (period=7d)
06:03:15 [ERROR] $1044.HK: possibly delisted; No price data found  (period=7d)
06:03:15 [ERROR] $1181.HK: possibly delisted; No price data found  (period=7d)
06:03:15 [ERROR] $1109.HK: possibly delisted; No price data found  (period=7d)
06:03:16 [ERROR] Failed to get ticker '1299.HK' reason: Expecting value: line 1 column 1 (char 0)
06:03:16 [ERROR] Failed to get ticker '1209.HK' reason: Expecting value: line 1 column 1 (char 0)
06:03:16 [ERROR] Failed to get ticker '1755.HK' reason: Expecting value: line 1 column 1 (char 0)
06:03:16 [ERROR] Failed to get ticker '1766.HK' reason: Expecting value: line 1 column 1 (char 0)
06:03:16 [ERROR] Failed to get ticker '1288.HK' reason: Expecting value: line 1 column 1 (char 0)
06:03:16 [ERROR] Failed to get ticker '1398.HK' reason: Expecting value: line 1 column 1 (char 0)
06:03:16 [ERROR] Failed to get ticker '1378.HK' reason: Expecting value: line 1 column 1 (char 0)
06:03:16 [ERROR] Failed to get ticker '1211.HK' reason: Expecting value: line 1 column 1 (char 0)
06:03:16 [ERROR] $1299.HK: possibly delisted; No price data found  (period=7d)
06:03:16 [ERROR] $1211.HK: possibly delisted; No price data found  (period=7d)
06:03:16 [ERROR] $1209.HK: possibly delisted; No price data found  (period=7d)
06:03:16 [ERROR] $1755.HK: possibly delisted; No price data found  (period=7d)
06:03:16 [ERROR] $1288.HK: possibly delisted; No price data found  (period=7d)
06:03:16 [ERROR] $1766.HK: possibly delisted; No price data found  (period=7d)
06:03:16 [ERROR] $1378.HK: possibly delisted; No price data found  (period=7d)
06:03:16 [ERROR] $1398.HK: possibly delisted; No price data found  (period=7d)
06:03:16 [ERROR] Failed to get ticker '1797.HK' reason: Expecting value: line 1 column 1 (char 0)
06:03:16 [ERROR] Failed to get ticker '1788.HK' reason: Expecting value: line 1 column 1 (char 0)
06:03:16 [ERROR] Failed to get ticker '1877.HK' reason: Expecting value: line 1 column 1 (char 0)
06:03:16 [ERROR] Failed to get ticker '1900.HK' reason: Expecting value: line 1 column 1 (char 0)
06:03:16 [ERROR] Failed to get ticker '1929.HK' reason: Expecting value: line 1 column 1 (char 0)
06:03:16 [ERROR] Failed to get ticker '1810.HK' reason: Expecting value: line 1 column 1 (char 0)
06:03:16 [ERROR] Failed to get ticker '1800.HK' reason: Expecting value: line 1 column 1 (char 0)
06:03:16 [ERROR] Failed to get ticker '1999.HK' reason: Expecting value: line 1 column 1 (char 0)
06:03:17 [ERROR] $1877.HK: possibly delisted; No price data found  (period=7d)
06:03:17 [ERROR] $1797.HK: possibly delisted; No price data found  (period=7d)
06:03:17 [ERROR] $1788.HK: possibly delisted; No price data found  (period=7d)
06:03:17 [ERROR] $1810.HK: possibly delisted; No price data found  (period=7d)
06:03:17 [ERROR] $1900.HK: possibly delisted; No price data found  (period=7d)
06:03:17 [ERROR] $1999.HK: possibly delisted; No price data found  (period=7d)
06:03:17 [ERROR] $1800.HK: possibly delisted; No price data found  (period=7d)
06:03:17 [ERROR] $1929.HK: possibly delisted; No price data found  (period=7d)
06:03:17 [ERROR] Failed to get ticker '2018.HK' reason: Expecting value: line 1 column 1 (char 0)
06:03:17 [ERROR] Failed to get ticker '2068.HK' reason: Expecting value: line 1 column 1 (char 0)
06:03:17 [ERROR] Failed to get ticker '2072.HK' reason: Expecting value: line 1 column 1 (char 0)
06:03:17 [ERROR] Failed to get ticker '2096.HK' reason: Expecting value: line 1 column 1 (char 0)
06:03:17 [ERROR] Failed to get ticker '2007.HK' reason: Expecting value: line 1 column 1 (char 0)
06:03:17 [ERROR] Failed to get ticker '2111.HK' reason: Expecting value: line 1 column 1 (char 0)
06:03:17 [ERROR] Failed to get ticker '2038.HK' reason: Expecting value: line 1 column 1 (char 0)
06:03:17 [ERROR] $2018.HK: possibly delisted; No price data found  (period=7d)
06:03:17 [ERROR] Failed to get ticker '2083.HK' reason: Expecting value: line 1 column 1 (char 0)
06:03:17 [ERROR] $2068.HK: possibly delisted; No price data found  (period=7d)
06:03:17 [ERROR] $2038.HK: possibly delisted; No price data found  (period=7d)
06:03:17 [ERROR] $2096.HK: possibly delisted; No price data found  (period=7d)
06:03:17 [ERROR] $2111.HK: possibly delisted; No price data found  (period=7d)
06:03:17 [ERROR] $2007.HK: possibly delisted; No price data found  (period=7d)
06:03:17 [ERROR] $2072.HK: possibly delisted; No price data found  (period=7d)
06:03:18 [ERROR] Failed to get ticker '2138.HK' reason: Expecting value: line 1 column 1 (char 0)
06:03:18 [ERROR] $2083.HK: possibly delisted; No price data found  (period=7d)
06:03:19 [ERROR] Failed to get ticker '2313.HK' reason: Expecting value: line 1 column 1 (char 0)
06:03:19 [ERROR] Failed to get ticker '2319.HK' reason: Expecting value: line 1 column 1 (char 0)
06:03:19 [ERROR] Failed to get ticker '2238.HK' reason: Expecting value: line 1 column 1 (char 0)
06:03:19 [ERROR] Failed to get ticker '2338.HK' reason: Expecting value: line 1 column 1 (char 0)
06:03:19 [ERROR] Failed to get ticker '2314.HK' reason: Expecting value: line 1 column 1 (char 0)
06:03:19 [ERROR] Failed to get ticker '2202.HK' reason: Expecting value: line 1 column 1 (char 0)
06:03:19 [ERROR] $2138.HK: possibly delisted; No price data found  (period=7d)
06:03:20 [ERROR] Failed to get ticker '2382.HK' reason: Expecting value: line 1 column 1 (char 0)
06:03:20 [ERROR] $2313.HK: possibly delisted; No price data found  (period=7d)
06:03:20 [ERROR] $2319.HK: possibly delisted; No price data found  (period=7d)
06:03:20 [ERROR] $2202.HK: possibly delisted; No price data found  (period=7d)
06:03:20 [ERROR] $2338.HK: possibly delisted; No price data found  (period=7d)
06:03:20 [ERROR] $2314.HK: possibly delisted; No price data found  (period=7d)
06:03:20 [ERROR] Failed to get ticker '2600.HK' reason: Expecting value: line 1 column 1 (char 0)
06:03:20 [ERROR] $2238.HK: possibly delisted; No price data found  (period=7d)
06:03:21 [ERROR] Failed to get ticker '2601.HK' reason: Expecting value: line 1 column 1 (char 0)
06:03:21 [ERROR] Failed to get ticker '2611.HK' reason: Expecting value: line 1 column 1 (char 0)
06:03:21 [ERROR] $2382.HK: possibly delisted; No price data found  (period=7d)
06:03:22 [ERROR] Failed to get ticker '2698.HK' reason: Expecting value: line 1 column 1 (char 0)
06:03:22 [ERROR] Failed to get ticker '2688.HK' reason: Expecting value: line 1 column 1 (char 0)
06:03:22 [ERROR] Failed to get ticker '2628.HK' reason: Expecting value: line 1 column 1 (char 0)
06:03:22 [ERROR] $2600.HK: possibly delisted; No price data found  (period=7d)
06:03:22 [ERROR] Failed to get ticker '2638.HK' reason: Expecting value: line 1 column 1 (char 0)
06:03:22 [ERROR] $2601.HK: possibly delisted; No price data found  (period=7d)
06:03:22 [ERROR] $2611.HK: possibly delisted; No price data found  (period=7d)
06:03:22 [ERROR] $2698.HK: possibly delisted; No price data found  (period=7d)
06:03:22 [ERROR] Failed to get ticker '2899.HK' reason: Expecting value: line 1 column 1 (char 0)
06:03:23 [ERROR] $2628.HK: possibly delisted; No price data found  (period=7d)
06:03:23 [ERROR] $2688.HK: possibly delisted; No price data found  (period=7d)
06:03:23 [ERROR] $2638.HK: possibly delisted; No price data found  (period=7d)
06:03:23 [ERROR] Failed to get ticker '3309.HK' reason: Expecting value: line 1 column 1 (char 0)
06:03:23 [ERROR] Failed to get ticker '3968.HK' reason: Expecting value: line 1 column 1 (char 0)
06:03:23 [ERROR] $2899.HK: possibly delisted; No price data found  (period=7d)
06:03:23 [ERROR] Failed to get ticker '3988.HK' reason: Expecting value: line 1 column 1 (char 0)
06:03:23 [ERROR] $3968.HK: possibly delisted; No price data found  (period=7d)
06:03:23 [ERROR] $3988.HK: possibly delisted; No price data found  (period=7d)
06:03:23 [ERROR] $3309.HK: possibly delisted; No price data found  (period=7d)
06:03:25 [ERROR] Failed to get ticker 'ATVI' reason: Expecting value: line 1 column 1 (char 0)
06:03:25 [ERROR] $ATVI: possibly delisted; No price data found  (period=7d)
06:03:31 [ERROR] Failed to get ticker 'SPLK' reason: Expecting value: line 1 column 1 (char 0)
06:03:32 [ERROR] $SPLK: possibly delisted; No price data found  (period=7d)
06:03:32 [ERROR] Failed to get ticker 'WBA' reason: Expecting value: line 1 column 1 (char 0)
06:03:33 [ERROR] $WBA: possibly delisted; No price data found  (period=7d)
06:03:33 [INFO] ──────────────────────────────────────────────────
06:03:33 [INFO] 完成  (24.8s)
06:03:33 [INFO]   更新: 0 檔
06:03:33 [INFO]   跳過: 517 檔（已是最新）
06:03:33 [INFO]   失敗: 94 檔
06:03:33 [WARNING] 錯誤率 15% > 10%，請檢查網絡
