01:01:06 [INFO] ==================================================
01:01:06 [INFO] 每日增量下載  開始  (2026-05-13)
01:01:06 [INFO] 待更新股票: 611 檔
01:01:07 [ERROR] Failed to get ticker '0005.HK' reason: Expecting value: line 1 column 1 (char 0)
01:01:07 [ERROR] Failed to get ticker '0011.HK' reason: Expecting value: line 1 column 1 (char 0)
01:01:07 [ERROR] Failed to get ticker '0006.HK' reason: Expecting value: line 1 column 1 (char 0)
01:01:07 [ERROR] Failed to get ticker '0012.HK' reason: Expecting value: line 1 column 1 (char 0)
01:01:07 [ERROR] Failed to get ticker '0003.HK' reason: Expecting value: line 1 column 1 (char 0)
01:01:07 [ERROR] Failed to get ticker '0016.HK' reason: Expecting value: line 1 column 1 (char 0)
01:01:07 [ERROR] Failed to get ticker '0001.HK' reason: Expecting value: line 1 column 1 (char 0)
01:01:07 [ERROR] Failed to get ticker '0002.HK' reason: Expecting value: line 1 column 1 (char 0)
01:01:07 [ERROR] $0016.HK: possibly delisted; No price data found  (period=7d)
01:01:07 [ERROR] $0003.HK: possibly delisted; No price data found  (period=7d)
01:01:07 [ERROR] $0012.HK: possibly delisted; No price data found  (period=7d)
01:01:07 [ERROR] $0006.HK: possibly delisted; No price data found  (period=7d)
01:01:07 [ERROR] $0001.HK: possibly delisted; No price data found  (period=7d)
01:01:07 [ERROR] $0005.HK: possibly delisted; No price data found  (period=7d)
01:01:07 [ERROR] $0011.HK: possibly delisted; No price data found  (period=7d)
01:01:42 [INFO] ==================================================
01:01:42 [INFO] 每日增量下載  開始  (2026-05-13)
01:01:42 [INFO] 待更新股票: 611 檔
01:03:02 [INFO] ==================================================
01:03:02 [INFO] 每日增量下載  開始  (2026-05-13)
01:03:02 [INFO] 待更新股票: 611 檔
01:03:03 [INFO]   [0005.HK] +1 rows (DB last: 2026-05-12)
01:03:03 [INFO]   [0006.HK] +1 rows (DB last: 2026-05-12)
01:03:03 [INFO]   [0012.HK] +1 rows (DB last: 2026-05-12)
01:03:03 [INFO]   [0003.HK] +7 rows (DB last: None)
01:03:03 [INFO]   [0016.HK] +1 rows (DB last: 2026-05-12)
01:03:03 [INFO]   [0002.HK] +7 rows (DB last: None)
01:03:03 [INFO]   [0001.HK] +7 rows (DB last: None)
01:03:03 [INFO]   [0027.HK] +1 rows (DB last: 2026-05-12)
01:03:03 [INFO]   [0175.HK] +1 rows (DB last: 2026-05-12)
01:03:03 [INFO]   [0017.HK] +1 rows (DB last: 2026-05-12)
01:03:03 [INFO]   [0083.HK] +1 rows (DB last: 2026-05-12)
01:03:03 [INFO]   [0040.HK] +7 rows (DB last: None)
01:03:03 [INFO]   [0101.HK] +1 rows (DB last: 2026-05-12)
01:03:03 [INFO]   [0066.HK] +7 rows (DB last: None)
01:03:03 [INFO]   [0288.HK] +1 rows (DB last: 2026-05-12)
01:03:03 [INFO]   [0318.HK] +1 rows (DB last: 2026-05-12)
/Users/aiagent/Library/Python/3.9/lib/python/site-packages/urllib3/__init__.py:35: NotOpenSSLWarning: urllib3 v2 only supports OpenSSL 1.1.1+, currently the 'ssl' module is compiled with 'LibreSSL 2.8.3'. See: https://github.com/urllib3/urllib3/issues/3020
  warnings.warn(
01:07:17 [INFO] ==================================================
01:07:17 [INFO] ==================================================
01:07:17 [INFO] 每日增量下載  開始  (2026-05-13)
01:07:17 [INFO] 每日增量下載  開始  (2026-05-13)
01:07:17 [INFO] 待更新股票: 611 檔
01:07:17 [INFO] 待更新股票: 611 檔
01:07:17 [INFO]   [0012.HK] +7 rows (DB last: None)
01:07:17 [INFO]   [0012.HK] +7 rows (DB last: None)
01:07:17 [INFO]   [0005.HK] +7 rows (DB last: None)
01:07:17 [INFO]   [0005.HK] +7 rows (DB last: None)
01:07:17 [INFO]   [0001.HK] +7 rows (DB last: None)
01:07:17 [INFO]   [0001.HK] +7 rows (DB last: None)
01:07:17 [INFO]   [0003.HK] +7 rows (DB last: None)
01:07:17 [INFO]   [0003.HK] +7 rows (DB last: None)
01:07:17 [INFO]   [0002.HK] +7 rows (DB last: None)
01:07:17 [INFO]   [0002.HK] +7 rows (DB last: None)
01:07:17 [INFO]   [0017.HK] +7 rows (DB last: None)
01:07:17 [INFO]   [0017.HK] +7 rows (DB last: None)
01:07:17 [INFO]   [0066.HK] +7 rows (DB last: None)
01:07:17 [INFO]   [0066.HK] +7 rows (DB last: None)
01:07:17 [INFO]   [0386.HK] +7 rows (DB last: None)
01:07:17 [INFO]   [0386.HK] +7 rows (DB last: None)
01:07:17 [INFO]   [0322.HK] +7 rows (DB last: None)
01:07:17 [INFO]   [0322.HK] +7 rows (DB last: None)
01:07:17 [INFO]   [0902.HK] +7 rows (DB last: None)
01:07:17 [INFO]   [0902.HK] +7 rows (DB last: None)
01:07:18 [INFO]   [1398.HK] +7 rows (DB last: None)
01:07:18 [INFO]   [1398.HK] +7 rows (DB last: None)
01:07:18 [INFO]   [1378.HK] +7 rows (DB last: None)
01:07:18 [INFO]   [1378.HK] +7 rows (DB last: None)
01:07:18 [INFO]   [1797.HK] +7 rows (DB last: None)
01:07:18 [INFO]   [1797.HK] +7 rows (DB last: None)
01:07:18 [ERROR] Failed to get ticker '0011.HK' reason: Expecting value: line 1 column 1 (char 0)
01:07:18 [ERROR] Failed to get ticker '0011.HK' reason: Expecting value: line 1 column 1 (char 0)
01:07:18 [INFO]   [2018.HK] +7 rows (DB last: None)
01:07:18 [INFO]   [2018.HK] +7 rows (DB last: None)
01:07:18 [INFO]   [2111.HK] +7 rows (DB last: None)
01:07:18 [INFO]   [2111.HK] +7 rows (DB last: None)
01:07:18 [INFO]   [2096.HK] +7 rows (DB last: None)
01:07:18 [INFO]   [2096.HK] +7 rows (DB last: None)
01:07:18 [INFO]   [2338.HK] +7 rows (DB last: None)
01:07:18 [INFO]   [2338.HK] +7 rows (DB last: None)
01:07:19 [ERROR] $0011.HK: possibly delisted; No price data found  (period=7d)
01:07:19 [ERROR] $0011.HK: possibly delisted; No price data found  (period=7d)
01:07:19 [INFO]   [A] +7 rows (DB last: None)
01:07:19 [INFO]   [A] +7 rows (DB last: None)
01:07:19 [ERROR] Failed to get ticker '0988.HK' reason: Expecting value: line 1 column 1 (char 0)
01:07:19 [ERROR] Failed to get ticker '0988.HK' reason: Expecting value: line 1 column 1 (char 0)
01:07:19 [INFO]   [ADBE] +7 rows (DB last: None)
01:07:19 [INFO]   [ADBE] +7 rows (DB last: None)
01:07:19 [INFO]   [ABT] +7 rows (DB last: None)
01:07:19 [INFO]   [ABT] +7 rows (DB last: None)
01:00:26 [INFO] ==================================================
01:00:26 [INFO] 每日增量下載  開始  (2026-05-14)
01:00:26 [INFO] 待更新股票: 611 檔
01:00:26 [INFO]   [0002.HK] +1 rows (DB last: 2026-05-13)
01:00:26 [INFO]   [0003.HK] +7 rows (DB last: None)
01:00:26 [INFO]   [0016.HK] +1 rows (DB last: 2026-05-13)
01:00:26 [INFO]   [0027.HK] +1 rows (DB last: 2026-05-13)
01:00:26 [INFO]   [0017.HK] +1 rows (DB last: 2026-05-13)
01:00:26 [INFO]   [0040.HK] +1 rows (DB last: 2026-05-13)
01:00:26 [INFO]   [0012.HK] +7 rows (DB last: None)
01:00:26 [INFO]   [0005.HK] +7 rows (DB last: None)
01:00:26 [INFO]   [0001.HK] +7 rows (DB last: None)
01:00:26 [INFO]   [0006.HK] +7 rows (DB last: None)
01:00:26 [INFO]   [0066.HK] +1 rows (DB last: 2026-05-13)
01:00:26 [INFO]   [0269.HK] +1 rows (DB last: 2026-05-12)
01:00:26 [INFO]   [0083.HK] +1 rows (DB last: 2026-05-13)
01:00:26 [INFO]   [0288.HK] +1 rows (DB last: 2026-05-13)
01:00:26 [INFO]   [0175.HK] +7 rows (DB last: None)
01:00:26 [INFO]   [0101.HK] +7 rows (DB last: None)
01:00:26 [INFO]   [0669.HK] +1 rows (DB last: 2026-05-13)
01:00:26 [INFO]   [0570.HK] +1 rows (DB last: 2026-05-13)
01:00:26 [INFO]   [0467.HK] +1 rows (DB last: 2026-05-13)
01:00:26 [INFO]   [0318.HK] +1 rows (DB last: 2026-05-13)
01:00:26 [INFO]   [0688.HK] +1 rows (DB last: 2026-05-13)
01:00:26 [INFO]   [0738.HK] +2 rows (DB last: 2026-05-12)
01:00:26 [INFO]   [0322.HK] +1 rows (DB last: 2026-05-13)
01:00:26 [INFO]   [0386.HK] +1 rows (DB last: 2026-05-13)
01:00:26 [INFO]   [0388.HK] +1 rows (DB last: 2026-05-13)
01:00:26 [INFO]   [0769.HK] +1 rows (DB last: 2026-05-12)
01:00:27 [INFO]   [0823.HK] +1 rows (DB last: 2026-05-13)
01:00:27 [INFO]   [0883.HK] +1 rows (DB last: 2026-05-13)
01:00:27 [INFO]   [0868.HK] +1 rows (DB last: 2026-05-13)
01:00:27 [INFO]   [0857.HK] +1 rows (DB last: 2026-05-13)
01:00:27 [INFO]   [0960.HK] +1 rows (DB last: 2026-05-13)
01:00:27 [INFO]   [0941.HK] +1 rows (DB last: 2026-05-13)
01:00:27 [INFO]   [0992.HK] +1 rows (DB last: 2026-05-13)
01:00:27 [INFO]   [0902.HK] +1 rows (DB last: 2026-05-13)
01:00:27 [INFO]   [0889.HK] +7 rows (DB last: None)
01:00:27 [INFO]   [0999.HK] +1 rows (DB last: 2026-05-13)
01:00:27 [INFO]   [0939.HK] +1 rows (DB last: 2026-05-13)
01:00:27 [INFO]   [1009.HK] +1 rows (DB last: 2026-05-13)
01:00:27 [INFO]   [1038.HK] +1 rows (DB last: 2026-05-13)
01:00:27 [INFO]   [1181.HK] +1 rows (DB last: 2026-05-13)
01:00:27 [INFO]   [1093.HK] +1 rows (DB last: 2026-05-13)
01:00:27 [INFO]   [1109.HK] +1 rows (DB last: 2026-05-13)
01:00:27 [INFO]   [1177.HK] +1 rows (DB last: 2026-05-13)
01:00:27 [ERROR] Failed to get ticker '0011.HK' reason: Expecting value: line 1 column 1 (char 0)
01:00:27 [INFO]   [1044.HK] +1 rows (DB last: 2026-05-13)
01:00:27 [INFO]   [1288.HK] +1 rows (DB last: 2026-05-13)
01:00:27 [INFO]   [1299.HK] +1 rows (DB last: 2026-05-13)
01:00:27 [INFO]   [1211.HK] +1 rows (DB last: 2026-05-13)
01:00:27 [INFO]   [1378.HK] +1 rows (DB last: 2026-05-13)
01:00:27 [INFO]   [1209.HK] +1 rows (DB last: 2026-05-13)
01:00:27 [INFO]   [1755.HK] +1 rows (DB last: 2026-05-12)
01:00:27 [INFO]   [1788.HK] +1 rows (DB last: 2026-05-13)
01:00:27 [INFO]   [1398.HK] +1 rows (DB last: 2026-05-13)
01:00:27 [INFO]   [1766.HK] +7 rows (DB last: None)
01:00:27 [INFO]   [1800.HK] +1 rows (DB last: 2026-05-13)
01:00:27 [INFO]   [1810.HK] +1 rows (DB last: 2026-05-13)
01:00:27 [INFO]   [1877.HK] +7 rows (DB last: None)
01:00:27 [INFO]   [1900.HK] +1 rows (DB last: 2026-05-13)
01:00:27 [INFO]   [1929.HK] +1 rows (DB last: 2026-05-13)
01:00:27 [INFO]   [1797.HK] +1 rows (DB last: 2026-05-13)
01:00:27 [INFO]   [1999.HK] +1 rows (DB last: 2026-05-13)
01:00:27 [INFO]   [2007.HK] +7 rows (DB last: None)
01:00:27 [INFO]   [2068.HK] +1 rows (DB last: 2026-05-13)
01:00:27 [INFO]   [2018.HK] +1 rows (DB last: 2026-05-13)
01:00:27 [INFO]   [2111.HK] +1 rows (DB last: 2026-05-13)
01:00:28 [INFO]   [2202.HK] +1 rows (DB last: 2026-05-13)
01:00:28 [INFO]   [2096.HK] +1 rows (DB last: 2026-05-13)
01:00:28 [INFO]   [2138.HK] +1 rows (DB last: 2026-05-13)
01:00:28 [INFO]   [2238.HK] +1 rows (DB last: 2026-05-13)
01:00:28 [INFO]   [2313.HK] +1 rows (DB last: 2026-05-13)
01:00:28 [INFO]   [2314.HK] +1 rows (DB last: 2026-05-13)
01:00:28 [INFO]   [2319.HK] +1 rows (DB last: 2026-05-13)
01:00:28 [ERROR] $0011.HK: possibly delisted; No price data found  (period=7d)
01:00:28 [ERROR] Failed to get ticker '0988.HK' reason: Expecting value: line 1 column 1 (char 0)
01:00:28 [INFO]   [2338.HK] +1 rows (DB last: 2026-05-13)
01:00:28 [INFO]   [2382.HK] +1 rows (DB last: 2026-05-13)
01:00:28 [INFO]   [2038.HK] +1 rows (DB last: 2026-05-13)
01:00:28 [INFO]   [2600.HK] +1 rows (DB last: 2026-05-13)
01:00:28 [INFO]   [2611.HK] +1 rows (DB last: 2026-05-13)
01:00:28 [INFO]   [2638.HK] +1 rows (DB last: 2026-05-13)
01:00:28 [INFO]   [2628.HK] +7 rows (DB last: None)
01:00:28 [INFO]   [2688.HK] +1 rows (DB last: 2026-05-13)
01:00:28 [INFO]   [2899.HK] +1 rows (DB last: 2026-05-13)
01:00:28 [INFO]   [2601.HK] +1 rows (DB last: 2026-05-13)
01:00:28 [INFO]   [3968.HK] +1 rows (DB last: 2026-05-13)
01:00:28 [INFO]   [3309.HK] +1 rows (DB last: 2026-05-13)
01:00:28 [INFO]   [A] +1 rows (DB last: 2026-05-12)
01:00:28 [INFO]   [3988.HK] +1 rows (DB last: 2026-05-13)
01:00:28 [INFO]   [AAPL] +1 rows (DB last: 2026-05-12)
01:00:28 [INFO]   [ABNB] +1 rows (DB last: 2026-05-12)
01:00:28 [INFO]   [ABBV] +1 rows (DB last: 2026-05-12)
01:00:28 [INFO]   [ACGL] +1 rows (DB last: 2026-05-12)
01:00:28 [INFO]   [ACN] +1 rows (DB last: 2026-05-12)
01:00:29 [INFO]   [2698.HK] +1 rows (DB last: 2026-05-13)
01:00:29 [INFO]   [ADI] +1 rows (DB last: 2026-05-12)
01:00:29 [INFO]   [ADBE] +1 rows (DB last: 2026-05-12)
01:00:29 [INFO]   [ABT] +1 rows (DB last: 2026-05-12)
01:00:29 [ERROR] Failed to get ticker '2083.HK' reason: Expecting value: line 1 column 1 (char 0)
01:00:29 [ERROR] Failed to get ticker '2072.HK' reason: Expecting value: line 1 column 1 (char 0)
01:00:29 [ERROR] $0988.HK: possibly delisted; No price data found  (period=7d)
01:00:29 [INFO]   [ADSK] +1 rows (DB last: 2026-05-12)
01:00:29 [INFO]   [ADM] +1 rows (DB last: 2026-05-12)
01:00:29 [INFO]   [AEE] +1 rows (DB last: 2026-05-12)
01:00:29 [INFO]   [AFL] +1 rows (DB last: 2026-05-12)
01:00:29 [INFO]   [ADP] +1 rows (DB last: 2026-05-12)
01:00:29 [INFO]   [AEP] +1 rows (DB last: 2026-05-12)
01:00:29 [INFO]   [AKAM] +1 rows (DB last: 2026-05-12)
01:00:29 [INFO]   [AIG] +1 rows (DB last: 2026-05-12)
01:00:29 [INFO]   [AIZ] +1 rows (DB last: 2026-05-12)
01:00:29 [INFO]   [AES] +1 rows (DB last: 2026-05-12)
01:00:29 [INFO]   [ALB] +1 rows (DB last: 2026-05-12)
01:00:29 [INFO]   [AJG] +7 rows (DB last: None)
01:00:29 [INFO]   [ALLE] +1 rows (DB last: 2026-05-12)
01:00:29 [INFO]   [ALL] +1 rows (DB last: 2026-05-12)
01:00:29 [INFO]   [AMAT] +1 rows (DB last: 2026-05-12)
01:00:29 [INFO]   [AMD] +1 rows (DB last: 2026-05-12)
01:00:29 [INFO]   [AMCR] +1 rows (DB last: 2026-05-12)
01:00:29 [INFO]   [ALGN] +1 rows (DB last: 2026-05-12)
01:00:29 [INFO]   [AMP] +1 rows (DB last: 2026-05-12)
01:00:29 [INFO]   [AMGN] +7 rows (DB last: None)
01:00:29 [INFO]   [ANET] +1 rows (DB last: 2026-05-12)
01:00:29 [INFO]   [AON] +1 rows (DB last: 2026-05-12)
01:00:29 [INFO]   [AOS] +1 rows (DB last: 2026-05-12)
01:00:29 [INFO]   [AMT] +1 rows (DB last: 2026-05-12)
01:00:29 [INFO]   [AME] +1 rows (DB last: 2026-05-12)
01:00:29 [INFO]   [AMZN] +1 rows (DB last: 2026-05-12)
01:00:29 [INFO]   [APP] +1 rows (DB last: 2026-05-12)
01:00:29 [INFO]   [APTV] +1 rows (DB last: 2026-05-12)
01:00:30 [INFO]   [APD] +7 rows (DB last: None)
01:00:30 [ERROR] $2072.HK: possibly delisted; No price data found  (period=7d)
01:00:30 [ERROR] $2083.HK: possibly delisted; No price data found  (period=7d)
01:00:30 [INFO]   [APA] +1 rows (DB last: 2026-05-12)
01:00:30 [INFO]   [APH] +1 rows (DB last: 2026-05-12)
01:00:30 [INFO]   [ARE] +1 rows (DB last: 2026-05-12)
01:00:30 [INFO]   [ARES] +1 rows (DB last: 2026-05-12)
01:00:30 [INFO]   [APO] +7 rows (DB last: None)
01:00:30 [INFO]   [ATO] +1 rows (DB last: 2026-05-12)
01:00:30 [INFO]   [AVB] +1 rows (DB last: 2026-05-12)
01:00:30 [INFO]   [AVGO] +1 rows (DB last: 2026-05-12)
01:00:30 [INFO]   [AVY] +1 rows (DB last: 2026-05-12)
01:00:30 [INFO]   [AWK] +1 rows (DB last: 2026-05-12)
01:00:30 [INFO]   [AXON] +1 rows (DB last: 2026-05-12)
01:00:30 [INFO]   [ASML] +1 rows (DB last: 2026-05-12)
01:00:30 [INFO]   [ARM] +7 rows (DB last: None)
01:00:30 [INFO]   [AZO] +1 rows (DB last: 2026-05-12)
01:00:30 [INFO]   [BAC] +1 rows (DB last: 2026-05-12)
01:00:30 [INFO]   [BALL] +1 rows (DB last: 2026-05-12)
01:00:30 [INFO]   [BA] +1 rows (DB last: 2026-05-12)
01:00:30 [INFO]   [BAX] +1 rows (DB last: 2026-05-12)
01:00:30 [INFO]   [AXP] +1 rows (DB last: 2026-05-12)
01:00:30 [INFO]   [BIDU] +1 rows (DB last: 2026-05-12)
01:00:30 [INFO]   [BEN] +1 rows (DB last: 2026-05-12)
01:00:30 [INFO]   [BG] +1 rows (DB last: 2026-05-12)
01:00:30 [INFO]   [BDX] +1 rows (DB last: 2026-05-12)
01:00:30 [INFO]   [BIIB] +1 rows (DB last: 2026-05-12)
01:00:30 [INFO]   [BBY] +1 rows (DB last: 2026-05-12)
01:00:30 [INFO]   [BKNG] +1 rows (DB last: 2026-05-12)
01:00:30 [INFO]   [BKR] +1 rows (DB last: 2026-05-12)
01:00:30 [INFO]   [BLDR] +1 rows (DB last: 2026-05-12)
01:00:30 [INFO]   [BLK] +1 rows (DB last: 2026-05-12)
01:00:30 [INFO]   [BR] +1 rows (DB last: 2026-05-12)
01:00:30 [INFO]   [BMY] +1 rows (DB last: 2026-05-12)
01:00:30 [INFO]   [BSX] +1 rows (DB last: 2026-05-12)
01:00:30 [INFO]   [BK] +1 rows (DB last: 2026-05-12)
01:00:30 [INFO]   [BRO] +1 rows (DB last: 2026-05-12)
01:00:30 [INFO]   [BX] +1 rows (DB last: 2026-05-12)
01:00:30 [INFO]   [BXP] +1 rows (DB last: 2026-05-12)
01:00:30 [ERROR] Failed to get ticker 'ATVI' reason: Expecting value: line 1 column 1 (char 0)
01:00:30 [INFO]   [CAG] +1 rows (DB last: 2026-05-12)
01:00:31 [INFO]   [CASY] +1 rows (DB last: 2026-05-12)
01:00:31 [INFO]   [CAH] +1 rows (DB last: 2026-05-12)
01:00:31 [INFO]   [C] +1 rows (DB last: 2026-05-12)
01:00:31 [INFO]   [CARR] +1 rows (DB last: 2026-05-12)
01:00:31 [INFO]   [CBRE] +1 rows (DB last: 2026-05-12)
01:00:31 [INFO]   [CBOE] +1 rows (DB last: 2026-05-12)
01:00:31 [INFO]   [CB] +1 rows (DB last: 2026-05-12)
01:00:31 [INFO]   [CAT] +1 rows (DB last: 2026-05-12)
01:00:31 [INFO]   [CCI] +1 rows (DB last: 2026-05-12)
01:00:31 [INFO]   [CDNS] +1 rows (DB last: 2026-05-12)
01:00:31 [INFO]   [CDW] +1 rows (DB last: 2026-05-12)
01:00:31 [INFO]   [CEG] +1 rows (DB last: 2026-05-12)
01:00:31 [INFO]   [CCL] +1 rows (DB last: 2026-05-12)
01:00:31 [INFO]   [CF] +1 rows (DB last: 2026-05-12)
01:00:31 [INFO]   [CHTR] +1 rows (DB last: 2026-05-12)
01:00:31 [INFO]   [CHRW] +1 rows (DB last: 2026-05-12)
01:00:31 [INFO]   [CHD] +1 rows (DB last: 2026-05-12)
01:00:31 [INFO]   [CIEN] +1 rows (DB last: 2026-05-12)
01:00:31 [INFO]   [CFG] +1 rows (DB last: 2026-05-12)
01:00:31 [INFO]   [CINF] +1 rows (DB last: 2026-05-12)
01:00:31 [INFO]   [CL] +1 rows (DB last: 2026-05-12)
01:00:31 [INFO]   [CMCSA] +1 rows (DB last: 2026-05-12)
01:00:31 [INFO]   [CI] +1 rows (DB last: 2026-05-12)
01:00:31 [INFO]   [CMG] +1 rows (DB last: 2026-05-12)
01:00:31 [ERROR] Failed to get ticker 'BF.B' reason: Expecting value: line 1 column 1 (char 0)
01:00:31 [ERROR] $ATVI: possibly delisted; No price data found  (period=7d)
01:00:31 [ERROR] Failed to get ticker 'BRK.B' reason: Expecting value: line 1 column 1 (char 0)
01:00:31 [INFO]   [CLX] +1 rows (DB last: 2026-05-12)
01:00:31 [INFO]   [CME] +1 rows (DB last: 2026-05-12)
01:00:31 [INFO]   [CNC] +1 rows (DB last: 2026-05-12)
01:00:31 [INFO]   [CMI] +7 rows (DB last: None)
01:00:31 [INFO]   [COHR] +1 rows (DB last: 2026-05-12)
01:00:31 [INFO]   [COIN] +1 rows (DB last: 2026-05-12)
01:00:31 [INFO]   [COF] +1 rows (DB last: 2026-05-12)
01:00:31 [INFO]   [COO] +1 rows (DB last: 2026-05-12)
01:00:32 [INFO]   [COR] +1 rows (DB last: 2026-05-12)
01:00:32 [INFO]   [CPAY] +1 rows (DB last: 2026-05-12)
01:00:32 [INFO]   [CNP] +7 rows (DB last: None)
01:01:09 [INFO] ==================================================
01:01:09 [INFO] 每日增量下載  開始  (2026-05-15)
01:01:09 [INFO] 待更新股票: 611 檔
01:01:11 [ERROR] Failed to get ticker '0016.HK' reason: Expecting value: line 1 column 1 (char 0)
01:01:11 [ERROR] Failed to get ticker '0006.HK' reason: Expecting value: line 1 column 1 (char 0)
01:01:11 [ERROR] Failed to get ticker '0012.HK' reason: Expecting value: line 1 column 1 (char 0)
01:01:11 [ERROR] Failed to get ticker '0011.HK' reason: Expecting value: line 1 column 1 (char 0)
01:01:11 [ERROR] Failed to get ticker '0003.HK' reason: Expecting value: line 1 column 1 (char 0)
01:01:11 [ERROR] Failed to get ticker '0002.HK' reason: Expecting value: line 1 column 1 (char 0)
01:01:11 [ERROR] Failed to get ticker '0001.HK' reason: Expecting value: line 1 column 1 (char 0)
01:01:11 [ERROR] Failed to get ticker '0005.HK' reason: Expecting value: line 1 column 1 (char 0)
01:01:12 [ERROR] $0011.HK: possibly delisted; No price data found  (period=7d)
01:01:12 [ERROR] $0002.HK: possibly delisted; No price data found  (period=7d)
01:01:12 [ERROR] $0006.HK: possibly delisted; No price data found  (period=7d)
01:01:12 [ERROR] $0012.HK: possibly delisted; No price data found  (period=7d)
01:01:12 [ERROR] $0001.HK: possibly delisted; No price data found  (period=7d)
01:01:12 [ERROR] $0005.HK: possibly delisted; No price data found  (period=7d)
01:01:12 [ERROR] $0016.HK: possibly delisted; No price data found  (period=7d)
01:01:12 [ERROR] $0003.HK: possibly delisted; No price data found  (period=7d)
01:01:13 [ERROR] Failed to get ticker '0017.HK' reason: Expecting value: line 1 column 1 (char 0)
01:01:13 [ERROR] Failed to get ticker '0066.HK' reason: Expecting value: line 1 column 1 (char 0)
01:01:13 [ERROR] Failed to get ticker '0083.HK' reason: Expecting value: line 1 column 1 (char 0)
01:01:13 [ERROR] Failed to get ticker '0101.HK' reason: Expecting value: line 1 column 1 (char 0)
01:01:13 [ERROR] Failed to get ticker '0040.HK' reason: Expecting value: line 1 column 1 (char 0)
01:01:13 [ERROR] Failed to get ticker '0269.HK' reason: Expecting value: line 1 column 1 (char 0)
01:01:13 [ERROR] Failed to get ticker '0175.HK' reason: Expecting value: line 1 column 1 (char 0)
01:01:13 [ERROR] Failed to get ticker '0027.HK' reason: Expecting value: line 1 column 1 (char 0)
01:01:14 [ERROR] $0017.HK: possibly delisted; No price data found  (period=7d)
01:01:14 [ERROR] $0101.HK: possibly delisted; No price data found  (period=7d)
01:01:14 [ERROR] $0269.HK: possibly delisted; No price data found  (period=7d)
01:01:14 [ERROR] $0175.HK: possibly delisted; No price data found  (period=7d)
01:01:14 [ERROR] $0066.HK: possibly delisted; No price data found  (period=7d)
01:01:14 [ERROR] $0083.HK: possibly delisted; No price data found  (period=7d)
01:01:14 [ERROR] $0040.HK: possibly delisted; No price data found  (period=7d)
01:01:14 [ERROR] $0027.HK: possibly delisted; No price data found  (period=7d)
01:01:15 [ERROR] Failed to get ticker '0467.HK' reason: Expecting value: line 1 column 1 (char 0)
01:01:15 [ERROR] Failed to get ticker '0570.HK' reason: Expecting value: line 1 column 1 (char 0)
01:01:15 [ERROR] Failed to get ticker '0386.HK' reason: Expecting value: line 1 column 1 (char 0)
01:01:15 [ERROR] Failed to get ticker '0669.HK' reason: Expecting value: line 1 column 1 (char 0)
01:01:15 [ERROR] Failed to get ticker '0322.HK' reason: Expecting value: line 1 column 1 (char 0)
01:01:15 [ERROR] Failed to get ticker '0288.HK' reason: Expecting value: line 1 column 1 (char 0)
01:01:15 [ERROR] Failed to get ticker '0318.HK' reason: Expecting value: line 1 column 1 (char 0)
01:01:16 [ERROR] $0570.HK: possibly delisted; No price data found  (period=7d)
01:01:16 [ERROR] $0467.HK: possibly delisted; No price data found  (period=7d)
01:01:16 [ERROR] $0669.HK: possibly delisted; No price data found  (period=7d)
01:01:16 [ERROR] $0386.HK: possibly delisted; No price data found  (period=7d)
01:01:16 [ERROR] $0322.HK: possibly delisted; No price data found  (period=7d)
01:01:16 [ERROR] $0288.HK: possibly delisted; No price data found  (period=7d)
01:01:16 [ERROR] $0318.HK: possibly delisted; No price data found  (period=7d)
01:01:16 [ERROR] Failed to get ticker '0388.HK' reason: Expecting value: line 1 column 1 (char 0)
01:01:17 [ERROR] $0388.HK: possibly delisted; No price data found  (period=7d)
01:01:18 [ERROR] Failed to get ticker '0823.HK' reason: Expecting value: line 1 column 1 (char 0)
01:01:18 [ERROR] Failed to get ticker '0769.HK' reason: Expecting value: line 1 column 1 (char 0)
01:01:18 [ERROR] Failed to get ticker '0857.HK' reason: Expecting value: line 1 column 1 (char 0)
01:01:18 [ERROR] Failed to get ticker '0738.HK' reason: Expecting value: line 1 column 1 (char 0)
01:01:18 [ERROR] Failed to get ticker '0868.HK' reason: Expecting value: line 1 column 1 (char 0)
01:01:18 [ERROR] Failed to get ticker '0883.HK' reason: Expecting value: line 1 column 1 (char 0)
01:01:18 [ERROR] Failed to get ticker '0688.HK' reason: Expecting value: line 1 column 1 (char 0)
01:01:19 [ERROR] $0823.HK: possibly delisted; No price data found  (period=7d)
01:01:19 [ERROR] Failed to get ticker '0889.HK' reason: Expecting value: line 1 column 1 (char 0)
01:01:20 [ERROR] $0688.HK: possibly delisted; No price data found  (period=7d)
01:01:20 [ERROR] $0868.HK: possibly delisted; No price data found  (period=7d)
01:01:20 [ERROR] $0769.HK: possibly delisted; No price data found  (period=7d)
01:01:20 [ERROR] $0883.HK: possibly delisted; No price data found  (period=7d)
01:01:20 [ERROR] $0738.HK: possibly delisted; No price data found  (period=7d)
01:01:20 [ERROR] $0857.HK: possibly delisted; No price data found  (period=7d)
01:01:20 [ERROR] $0889.HK: possibly delisted; No price data found  (period=7d)
01:01:20 [ERROR] Failed to get ticker '0902.HK' reason: Expecting value: line 1 column 1 (char 0)
01:01:21 [ERROR] Failed to get ticker '0939.HK' reason: Expecting value: line 1 column 1 (char 0)
01:01:21 [ERROR] Failed to get ticker '0992.HK' reason: Expecting value: line 1 column 1 (char 0)
01:01:21 [ERROR] Failed to get ticker '0960.HK' reason: Expecting value: line 1 column 1 (char 0)
01:01:21 [ERROR] Failed to get ticker '0988.HK' reason: Expecting value: line 1 column 1 (char 0)
01:01:21 [ERROR] Failed to get ticker '0912.HK' reason: Expecting value: line 1 column 1 (char 0)
01:01:21 [ERROR] Failed to get ticker '0941.HK' reason: Expecting value: line 1 column 1 (char 0)
01:01:22 [ERROR] Failed to get ticker '0999.HK' reason: Expecting value: line 1 column 1 (char 0)
01:01:22 [ERROR] $0902.HK: possibly delisted; No price data found  (period=7d)
01:01:23 [ERROR] $0960.HK: possibly delisted; No price data found  (period=7d)
01:01:23 [ERROR] $0912.HK: possibly delisted; No price data found  (period=7d)
01:01:23 [ERROR] $0939.HK: possibly delisted; No price data found  (period=7d)
01:01:23 [ERROR] $0941.HK: possibly delisted; No price data found  (period=7d)
01:01:23 [ERROR] $0992.HK: possibly delisted; No price data found  (period=7d)
01:01:23 [ERROR] $0988.HK: possibly delisted; No price data found  (period=7d)
01:01:24 [ERROR] Failed to get ticker '1000.HK' reason: Expecting value: line 1 column 1 (char 0)
01:01:24 [ERROR] $0999.HK: possibly delisted; No price data found  (period=7d)
01:01:25 [ERROR] Failed to get ticker '1093.HK' reason: Expecting value: line 1 column 1 (char 0)
01:01:25 [ERROR] Failed to get ticker '1109.HK' reason: Expecting value: line 1 column 1 (char 0)
01:01:25 [ERROR] Failed to get ticker '1038.HK' reason: Expecting value: line 1 column 1 (char 0)
01:01:25 [ERROR] Failed to get ticker '1009.HK' reason: Expecting value: line 1 column 1 (char 0)
01:01:25 [ERROR] $1000.HK: possibly delisted; No price data found  (period=7d)
01:01:25 [ERROR] Failed to get ticker '1177.HK' reason: Expecting value: line 1 column 1 (char 0)
01:01:25 [ERROR] Failed to get ticker '1044.HK' reason: Expecting value: line 1 column 1 (char 0)
01:01:26 [ERROR] Failed to get ticker '1181.HK' reason: Expecting value: line 1 column 1 (char 0)
01:01:26 [ERROR] $1093.HK: possibly delisted; No price data found  (period=7d)
01:01:27 [ERROR] $1177.HK: possibly delisted; No price data found  (period=7d)
01:01:27 [ERROR] Failed to get ticker '1209.HK' reason: Expecting value: line 1 column 1 (char 0)
01:01:27 [ERROR] $1109.HK: possibly delisted; No price data found  (period=7d)
01:01:27 [ERROR] $1009.HK: possibly delisted; No price data found  (period=7d)
01:01:27 [ERROR] $1044.HK: possibly delisted; No price data found  (period=7d)
01:01:27 [ERROR] $1038.HK: possibly delisted; No price data found  (period=7d)
01:01:28 [ERROR] $1181.HK: possibly delisted; No price data found  (period=7d)
01:01:28 [ERROR] Failed to get ticker '1211.HK' reason: Expecting value: line 1 column 1 (char 0)
01:01:29 [ERROR] Failed to get ticker '1755.HK' reason: Expecting value: line 1 column 1 (char 0)
01:01:29 [ERROR] Failed to get ticker '1378.HK' reason: Expecting value: line 1 column 1 (char 0)
01:01:29 [ERROR] Failed to get ticker '1299.HK' reason: Expecting value: line 1 column 1 (char 0)
01:01:29 [ERROR] Failed to get ticker '1398.HK' reason: Expecting value: line 1 column 1 (char 0)
01:01:29 [ERROR] $1209.HK: possibly delisted; No price data found  (period=7d)
01:01:29 [ERROR] Failed to get ticker '1288.HK' reason: Expecting value: line 1 column 1 (char 0)
01:01:30 [ERROR] $1755.HK: possibly delisted; No price data found  (period=7d)
01:01:30 [ERROR] Failed to get ticker '1766.HK' reason: Expecting value: line 1 column 1 (char 0)
01:01:30 [ERROR] $1211.HK: possibly delisted; No price data found  (period=7d)
01:01:30 [ERROR] $1378.HK: possibly delisted; No price data found  (period=7d)
01:01:30 [ERROR] $1299.HK: possibly delisted; No price data found  (period=7d)
01:01:31 [ERROR] $1288.HK: possibly delisted; No price data found  (period=7d)
01:01:31 [ERROR] Failed to get ticker '1788.HK' reason: Expecting value: line 1 column 1 (char 0)
01:01:31 [ERROR] $1398.HK: possibly delisted; No price data found  (period=7d)
01:01:31 [ERROR] $1766.HK: possibly delisted; No price data found  (period=7d)
01:01:32 [ERROR] Failed to get ticker '1800.HK' reason: Expecting value: line 1 column 1 (char 0)
01:01:32 [ERROR] Failed to get ticker '1797.HK' reason: Expecting value: line 1 column 1 (char 0)
01:01:32 [ERROR] Failed to get ticker '1810.HK' reason: Expecting value: line 1 column 1 (char 0)
01:01:32 [ERROR] Failed to get ticker '1877.HK' reason: Expecting value: line 1 column 1 (char 0)
01:01:33 [ERROR] Failed to get ticker '1929.HK' reason: Expecting value: line 1 column 1 (char 0)
01:01:33 [ERROR] $1788.HK: possibly delisted; No price data found  (period=7d)
01:01:33 [ERROR] Failed to get ticker '1999.HK' reason: Expecting value: line 1 column 1 (char 0)
01:01:33 [ERROR] $1797.HK: possibly delisted; No price data found  (period=7d)
01:01:33 [ERROR] $1800.HK: possibly delisted; No price data found  (period=7d)
01:01:33 [ERROR] Failed to get ticker '1900.HK' reason: Expecting value: line 1 column 1 (char 0)
01:01:33 [ERROR] $1877.HK: possibly delisted; No price data found  (period=7d)
01:01:33 [ERROR] $1810.HK: possibly delisted; No price data found  (period=7d)
01:01:34 [ERROR] $1929.HK: possibly delisted; No price data found  (period=7d)
01:01:34 [ERROR] $1999.HK: possibly delisted; No price data found  (period=7d)
01:01:34 [ERROR] $1900.HK: possibly delisted; No price data found  (period=7d)
01:01:35 [ERROR] Failed to get ticker '2038.HK' reason: Expecting value: line 1 column 1 (char 0)
01:01:35 [ERROR] Failed to get ticker '2072.HK' reason: Expecting value: line 1 column 1 (char 0)
01:01:35 [ERROR] Failed to get ticker '2068.HK' reason: Expecting value: line 1 column 1 (char 0)
01:01:35 [ERROR] Failed to get ticker '2018.HK' reason: Expecting value: line 1 column 1 (char 0)
01:01:35 [ERROR] Failed to get ticker '2007.HK' reason: Expecting value: line 1 column 1 (char 0)
01:01:35 [ERROR] Failed to get ticker '2111.HK' reason: Expecting value: line 1 column 1 (char 0)
01:01:35 [ERROR] Failed to get ticker '2096.HK' reason: Expecting value: line 1 column 1 (char 0)
01:01:35 [ERROR] Failed to get ticker '2083.HK' reason: Expecting value: line 1 column 1 (char 0)
01:01:36 [ERROR] $2068.HK: possibly delisted; No price data found  (period=7d)
01:01:36 [ERROR] $2007.HK: possibly delisted; No price data found  (period=7d)
01:01:36 [ERROR] $2038.HK: possibly delisted; No price data found  (period=7d)
01:01:36 [ERROR] $2018.HK: possibly delisted; No price data found  (period=7d)
01:01:36 [ERROR] $2111.HK: possibly delisted; No price data found  (period=7d)
01:01:36 [ERROR] $2096.HK: possibly delisted; No price data found  (period=7d)
01:01:36 [ERROR] $2072.HK: possibly delisted; No price data found  (period=7d)
01:01:37 [ERROR] $2083.HK: possibly delisted; No price data found  (period=7d)
01:01:38 [ERROR] Failed to get ticker '2319.HK' reason: Expecting value: line 1 column 1 (char 0)
01:01:38 [ERROR] Failed to get ticker '2202.HK' reason: Expecting value: line 1 column 1 (char 0)
01:01:38 [ERROR] Failed to get ticker '2238.HK' reason: Expecting value: line 1 column 1 (char 0)
01:01:38 [ERROR] Failed to get ticker '2314.HK' reason: Expecting value: line 1 column 1 (char 0)
01:01:38 [ERROR] Failed to get ticker '2338.HK' reason: Expecting value: line 1 column 1 (char 0)
01:01:38 [ERROR] Failed to get ticker '2313.HK' reason: Expecting value: line 1 column 1 (char 0)
01:01:38 [ERROR] Failed to get ticker '2138.HK' reason: Expecting value: line 1 column 1 (char 0)
01:01:39 [ERROR] Failed to get ticker '2382.HK' reason: Expecting value: line 1 column 1 (char 0)
01:01:39 [ERROR] $2319.HK: possibly delisted; No price data found  (period=7d)
01:01:39 [ERROR] $2202.HK: possibly delisted; No price data found  (period=7d)
01:01:39 [ERROR] $2314.HK: possibly delisted; No price data found  (period=7d)
01:01:39 [ERROR] $2238.HK: possibly delisted; No price data found  (period=7d)
01:01:39 [ERROR] $2338.HK: possibly delisted; No price data found  (period=7d)
01:01:40 [ERROR] $2313.HK: possibly delisted; No price data found  (period=7d)
01:01:40 [ERROR] $2138.HK: possibly delisted; No price data found  (period=7d)
01:01:41 [ERROR] Failed to get ticker '2600.HK' reason: Expecting value: line 1 column 1 (char 0)
01:01:41 [ERROR] Failed to get ticker '2638.HK' reason: Expecting value: line 1 column 1 (char 0)
01:01:41 [ERROR] Failed to get ticker '2601.HK' reason: Expecting value: line 1 column 1 (char 0)
01:01:41 [ERROR] $2382.HK: possibly delisted; No price data found  (period=7d)
01:01:41 [ERROR] Failed to get ticker '2611.HK' reason: Expecting value: line 1 column 1 (char 0)
01:01:41 [ERROR] Failed to get ticker '2628.HK' reason: Expecting value: line 1 column 1 (char 0)
01:01:42 [ERROR] Failed to get ticker '2698.HK' reason: Expecting value: line 1 column 1 (char 0)
01:01:42 [ERROR] Failed to get ticker '2688.HK' reason: Expecting value: line 1 column 1 (char 0)
01:01:42 [ERROR] $2600.HK: possibly delisted; No price data found  (period=7d)
01:01:42 [ERROR] $2638.HK: possibly delisted; No price data found  (period=7d)
01:01:43 [ERROR] Failed to get ticker '2899.HK' reason: Expecting value: line 1 column 1 (char 0)
01:01:43 [ERROR] $2628.HK: possibly delisted; No price data found  (period=7d)
01:01:43 [ERROR] $2698.HK: possibly delisted; No price data found  (period=7d)
01:01:43 [ERROR] $2601.HK: possibly delisted; No price data found  (period=7d)
01:01:43 [ERROR] $2611.HK: possibly delisted; No price data found  (period=7d)
01:01:43 [INFO]   [A] +1 rows (DB last: 2026-05-13)
01:01:43 [INFO]   [ABBV] +1 rows (DB last: 2026-05-13)
01:01:43 [INFO]   [AAPL] +1 rows (DB last: 2026-05-13)
01:01:43 [INFO]   [ABNB] +1 rows (DB last: 2026-05-13)
01:01:43 [INFO]   [ACGL] +1 rows (DB last: 2026-05-13)
01:01:43 [INFO]   [ABT] +1 rows (DB last: 2026-05-13)
01:01:43 [INFO]   [ACN] +1 rows (DB last: 2026-05-13)
01:01:43 [INFO]   [ADBE] +1 rows (DB last: 2026-05-13)
01:01:43 [INFO]   [ADI] +1 rows (DB last: 2026-05-13)
01:01:44 [INFO]   [ADP] +1 rows (DB last: 2026-05-13)
01:01:44 [INFO]   [ADSK] +1 rows (DB last: 2026-05-13)
01:01:44 [INFO]   [ADM] +1 rows (DB last: 2026-05-13)
01:01:44 [INFO]   [AEE] +1 rows (DB last: 2026-05-13)
01:01:44 [INFO]   [AES] +1 rows (DB last: 2026-05-13)
01:01:44 [INFO]   [AEP] +1 rows (DB last: 2026-05-13)
01:01:44 [INFO]   [AIG] +1 rows (DB last: 2026-05-13)
01:01:44 [INFO]   [AFL] +1 rows (DB last: 2026-05-13)
01:01:44 [ERROR] Failed to get ticker '3968.HK' reason: Expecting value: line 1 column 1 (char 0)
01:01:44 [ERROR] Failed to get ticker '3309.HK' reason: Expecting value: line 1 column 1 (char 0)
01:01:44 [ERROR] $2688.HK: possibly delisted; No price data found  (period=7d)
01:01:44 [INFO]   [AIZ] +1 rows (DB last: 2026-05-13)
01:01:44 [INFO]   [AKAM] +1 rows (DB last: 2026-05-13)
01:01:44 [INFO]   [ALGN] +1 rows (DB last: 2026-05-13)
01:01:44 [INFO]   [ALB] +1 rows (DB last: 2026-05-13)
01:01:44 [INFO]   [AJG] +1 rows (DB last: 2026-05-13)
01:01:44 [INFO]   [ALLE] +1 rows (DB last: 2026-05-13)
01:01:44 [INFO]   [ALL] +1 rows (DB last: 2026-05-13)
01:01:44 [INFO]   [AMCR] +1 rows (DB last: 2026-05-13)
01:01:44 [INFO]   [AMAT] +1 rows (DB last: 2026-05-13)
01:01:44 [INFO]   [AMD] +1 rows (DB last: 2026-05-13)
01:01:44 [INFO]   [AMGN] +1 rows (DB last: 2026-05-13)
01:01:44 [INFO]   [AMP] +1 rows (DB last: 2026-05-13)
01:01:44 [INFO]   [AME] +1 rows (DB last: 2026-05-13)
01:01:44 [INFO]   [AMT] +1 rows (DB last: 2026-05-13)
01:01:44 [INFO]   [AMZN] +1 rows (DB last: 2026-05-13)
01:01:44 [INFO]   [ANET] +1 rows (DB last: 2026-05-13)
01:01:44 [INFO]   [AON] +1 rows (DB last: 2026-05-13)
01:01:44 [INFO]   [AOS] +1 rows (DB last: 2026-05-13)
01:01:44 [INFO]   [APD] +1 rows (DB last: 2026-05-13)
01:01:44 [INFO]   [APA] +1 rows (DB last: 2026-05-13)
01:01:44 [INFO]   [APH] +1 rows (DB last: 2026-05-13)
01:01:45 [INFO]   [APO] +1 rows (DB last: 2026-05-13)
01:01:45 [INFO]   [APP] +1 rows (DB last: 2026-05-13)
01:01:45 [INFO]   [APTV] +1 rows (DB last: 2026-05-13)
01:01:45 [INFO]   [ARE] +1 rows (DB last: 2026-05-13)
01:01:45 [INFO]   [ARM] +1 rows (DB last: 2026-05-13)
01:01:45 [INFO]   [ARES] +1 rows (DB last: 2026-05-13)
01:01:45 [INFO]   [ASML] +1 rows (DB last: 2026-05-13)
01:01:45 [ERROR] Failed to get ticker '3988.HK' reason: Expecting value: line 1 column 1 (char 0)
01:01:45 [ERROR] $3968.HK: possibly delisted; No price data found  (period=7d)
01:01:45 [ERROR] $2899.HK: possibly delisted; No price data found  (period=7d)
01:01:45 [INFO]   [ATO] +1 rows (DB last: 2026-05-13)
01:01:45 [INFO]   [AVGO] +1 rows (DB last: 2026-05-13)
01:01:45 [INFO]   [AVB] +1 rows (DB last: 2026-05-13)
01:01:45 [INFO]   [AWK] +1 rows (DB last: 2026-05-13)
01:01:45 [INFO]   [AXON] +1 rows (DB last: 2026-05-13)
01:01:45 [INFO]   [AVY] +1 rows (DB last: 2026-05-13)
01:01:45 [INFO]   [AZO] +1 rows (DB last: 2026-05-13)
01:01:45 [INFO]   [AXP] +1 rows (DB last: 2026-05-13)
01:01:45 [INFO]   [BA] +1 rows (DB last: 2026-05-13)
01:01:45 [INFO]   [BAC] +1 rows (DB last: 2026-05-13)
01:01:45 [INFO]   [BALL] +1 rows (DB last: 2026-05-13)
01:01:45 [INFO]   [BAX] +1 rows (DB last: 2026-05-13)
01:01:45 [INFO]   [BBY] +1 rows (DB last: 2026-05-13)
01:01:45 [INFO]   [BEN] +1 rows (DB last: 2026-05-13)
01:01:45 [INFO]   [BG] +1 rows (DB last: 2026-05-13)
01:01:45 [INFO]   [BDX] +1 rows (DB last: 2026-05-13)
01:01:45 [INFO]   [BF.B] +7 rows (DB last: None)
01:01:45 [INFO]   [BIIB] +1 rows (DB last: 2026-05-13)
01:01:45 [INFO]   [BIDU] +1 rows (DB last: 2026-05-13)
01:01:45 [INFO]   [BKNG] +1 rows (DB last: 2026-05-13)
01:01:45 [INFO]   [BK] +1 rows (DB last: 2026-05-13)
01:01:45 [INFO]   [BKR] +1 rows (DB last: 2026-05-13)
01:01:45 [INFO]   [BLDR] +1 rows (DB last: 2026-05-13)
01:01:45 [INFO]   [BR] +1 rows (DB last: 2026-05-13)
01:01:45 [INFO]   [BRK.B] +7 rows (DB last: None)
01:01:45 [INFO]   [BLK] +1 rows (DB last: 2026-05-13)
01:01:45 [INFO]   [BMY] +1 rows (DB last: 2026-05-13)
01:01:45 [INFO]   [BRO] +1 rows (DB last: 2026-05-13)
01:01:46 [INFO]   [BSX] +1 rows (DB last: 2026-05-13)
01:01:46 [INFO]   [BX] +1 rows (DB last: 2026-05-13)
01:01:46 [ERROR] $3309.HK: possibly delisted; No price data found  (period=7d)
01:01:46 [INFO]   [BXP] +1 rows (DB last: 2026-05-13)
01:01:46 [INFO]   [C] +1 rows (DB last: 2026-05-13)
01:01:46 [INFO]   [CAG] +1 rows (DB last: 2026-05-13)
01:01:46 [INFO]   [CARR] +1 rows (DB last: 2026-05-13)
01:01:46 [INFO]   [CAH] +1 rows (DB last: 2026-05-13)
01:01:46 [INFO]   [CASY] +1 rows (DB last: 2026-05-13)
01:01:46 [INFO]   [CBRE] +1 rows (DB last: 2026-05-13)
01:01:46 [INFO]   [CBOE] +1 rows (DB last: 2026-05-13)
01:01:46 [INFO]   [CCI] +1 rows (DB last: 2026-05-13)
01:01:46 [INFO]   [CB] +1 rows (DB last: 2026-05-13)
01:01:46 [INFO]   [CAT] +1 rows (DB last: 2026-05-13)
01:01:46 [INFO]   [CDNS] +1 rows (DB last: 2026-05-13)
01:01:46 [INFO]   [CCL] +1 rows (DB last: 2026-05-13)
01:01:46 [INFO]   [CEG] +1 rows (DB last: 2026-05-13)
01:01:46 [INFO]   [CDW] +1 rows (DB last: 2026-05-13)
01:01:46 [INFO]   [CF] +1 rows (DB last: 2026-05-13)
01:01:46 [INFO]   [CFG] +1 rows (DB last: 2026-05-13)
01:01:46 [INFO]   [CHTR] +1 rows (DB last: 2026-05-13)
01:01:46 [INFO]   [CHRW] +1 rows (DB last: 2026-05-13)
01:01:46 [INFO]   [CIEN] +1 rows (DB last: 2026-05-13)
01:01:46 [INFO]   [CHD] +1 rows (DB last: 2026-05-13)
01:01:46 [INFO]   [CINF] +1 rows (DB last: 2026-05-13)
01:01:46 [INFO]   [CI] +1 rows (DB last: 2026-05-13)
01:01:46 [INFO]   [CMCSA] +1 rows (DB last: 2026-05-13)
01:01:46 [INFO]   [CME] +1 rows (DB last: 2026-05-13)
01:01:46 [INFO]   [CL] +1 rows (DB last: 2026-05-13)
01:01:46 [INFO]   [CMG] +1 rows (DB last: 2026-05-13)
01:01:46 [INFO]   [CLX] +1 rows (DB last: 2026-05-13)
01:01:46 [INFO]   [CMI] +1 rows (DB last: 2026-05-13)
01:01:46 [INFO]   [CNC] +1 rows (DB last: 2026-05-13)
01:01:46 [INFO]   [COHR] +1 rows (DB last: 2026-05-13)
01:01:46 [INFO]   [COF] +1 rows (DB last: 2026-05-13)
01:01:46 [INFO]   [CMS] +2 rows (DB last: 2026-05-12)
01:01:46 [INFO]   [COIN] +1 rows (DB last: 2026-05-13)
01:01:46 [INFO]   [CNP] +1 rows (DB last: 2026-05-13)
01:01:46 [INFO]   [COO] +1 rows (DB last: 2026-05-13)
01:01:46 [INFO]   [COP] +2 rows (DB last: 2026-05-12)
01:01:46 [INFO]   [COR] +1 rows (DB last: 2026-05-13)
01:01:46 [INFO]   [COST] +2 rows (DB last: 2026-05-12)
01:01:46 [INFO]   [CPAY] +1 rows (DB last: 2026-05-13)
01:01:46 [ERROR] $3988.HK: possibly delisted; No price data found  (period=7d)
01:01:46 [ERROR] Failed to get ticker 'ATVI' reason: Expecting value: line 1 column 1 (char 0)
01:01:46 [INFO]   [CPB] +2 rows (DB last: 2026-05-12)
01:01:46 [INFO]   [CRL] +2 rows (DB last: 2026-05-12)
01:01:46 [INFO]   [CRM] +2 rows (DB last: 2026-05-12)
01:01:47 [INFO]   [CRSP] +2 rows (DB last: 2026-05-12)
01:01:47 [INFO]   [CPT] +2 rows (DB last: 2026-05-12)
01:01:47 [INFO]   [CPRT] +2 rows (DB last: 2026-05-12)
01:01:47 [INFO]   [CRH] +2 rows (DB last: 2026-05-12)
01:01:47 [INFO]   [CRWD] +2 rows (DB last: 2026-05-12)
01:01:47 [INFO]   [CSGP] +2 rows (DB last: 2026-05-12)
01:01:47 [INFO]   [CSCO] +2 rows (DB last: 2026-05-12)
01:01:47 [INFO]   [CTVA] +2 rows (DB last: 2026-05-12)
01:01:47 [INFO]   [CTSH] +2 rows (DB last: 2026-05-12)
01:01:47 [INFO]   [CVNA] +2 rows (DB last: 2026-05-12)
01:01:47 [INFO]   [CTAS] +2 rows (DB last: 2026-05-12)
01:01:47 [INFO]   [CSX] +2 rows (DB last: 2026-05-12)
01:01:47 [INFO]   [DASH] +2 rows (DB last: 2026-05-12)
01:01:47 [INFO]   [CVS] +2 rows (DB last: 2026-05-12)
01:01:47 [INFO]   [DAL] +2 rows (DB last: 2026-05-12)
01:01:47 [INFO]   [CVX] +2 rows (DB last: 2026-05-12)
01:01:47 [INFO]   [DDOG] +2 rows (DB last: 2026-05-12)
01:01:47 [INFO]   [D] +2 rows (DB last: 2026-05-12)
01:01:47 [INFO]   [DD] +2 rows (DB last: 2026-05-12)
01:01:47 [INFO]   [DECK] +2 rows (DB last: 2026-05-12)
01:01:47 [INFO]   [DELL] +2 rows (DB last: 2026-05-12)
01:01:47 [INFO]   [DG] +2 rows (DB last: 2026-05-12)
01:01:47 [INFO]   [DGX] +2 rows (DB last: 2026-05-12)
01:01:47 [INFO]   [DE] +2 rows (DB last: 2026-05-12)
01:01:47 [INFO]   [DHI] +2 rows (DB last: 2026-05-12)
01:01:47 [INFO]   [DLR] +2 rows (DB last: 2026-05-12)
01:01:47 [INFO]   [DHR] +2 rows (DB last: 2026-05-12)
01:01:47 [INFO]   [DLTR] +2 rows (DB last: 2026-05-12)
01:01:47 [INFO]   [DOW] +2 rows (DB last: 2026-05-12)
01:01:47 [INFO]   [DIS] +2 rows (DB last: 2026-05-12)
01:01:47 [INFO]   [DOC] +2 rows (DB last: 2026-05-12)
01:01:47 [INFO]   [DPZ] +2 rows (DB last: 2026-05-12)
01:01:47 [INFO]   [DVA] +2 rows (DB last: 2026-05-12)
01:01:47 [INFO]   [DRI] +2 rows (DB last: 2026-05-12)
01:01:47 [INFO]   [DOV] +2 rows (DB last: 2026-05-12)
01:01:47 [INFO]   [DUK] +2 rows (DB last: 2026-05-12)
01:01:47 [INFO]   [DVN] +2 rows (DB last: 2026-05-12)
01:01:47 [INFO]   [DTE] +2 rows (DB last: 2026-05-12)
01:01:47 [INFO]   [DXCM] +2 rows (DB last: 2026-05-12)
01:01:47 [INFO]   [EA] +2 rows (DB last: 2026-05-12)
01:01:47 [INFO]   [EBAY] +2 rows (DB last: 2026-05-12)
01:01:47 [INFO]   [ECL] +2 rows (DB last: 2026-05-12)
01:01:47 [INFO]   [EFX] +2 rows (DB last: 2026-05-12)
01:01:47 [INFO]   [EG] +2 rows (DB last: 2026-05-12)
01:01:47 [INFO]   [ELV] +2 rows (DB last: 2026-05-12)
01:01:47 [ERROR] $ATVI: possibly delisted; No price data found  (period=7d)
01:01:47 [INFO]   [EIX] +2 rows (DB last: 2026-05-12)
01:01:47 [INFO]   [EL] +2 rows (DB last: 2026-05-12)
01:01:47 [INFO]   [EME] +2 rows (DB last: 2026-05-12)
01:01:47 [INFO]   [ED] +2 rows (DB last: 2026-05-12)
01:01:47 [INFO]   [EPAM] +2 rows (DB last: 2026-05-12)
01:01:47 [INFO]   [EQIX] +2 rows (DB last: 2026-05-12)
01:01:47 [INFO]   [EOG] +2 rows (DB last: 2026-05-12)
01:01:47 [INFO]   [EQT] +2 rows (DB last: 2026-05-12)
01:01:47 [INFO]   [EQR] +2 rows (DB last: 2026-05-12)
01:01:47 [INFO]   [EMR] +2 rows (DB last: 2026-05-12)
01:01:47 [INFO]   [ERIE] +2 rows (DB last: 2026-05-12)
01:01:47 [INFO]   [ES] +2 rows (DB last: 2026-05-12)
01:01:48 [INFO]   [EW] +2 rows (DB last: 2026-05-12)
01:01:48 [INFO]   [EXE] +2 rows (DB last: 2026-05-12)
01:01:48 [INFO]   [ETR] +2 rows (DB last: 2026-05-12)
01:01:48 [INFO]   [ETN] +2 rows (DB last: 2026-05-12)
01:01:48 [INFO]   [EVRG] +2 rows (DB last: 2026-05-12)
01:01:48 [INFO]   [ESS] +2 rows (DB last: 2026-05-12)
01:01:48 [INFO]   [EXC] +2 rows (DB last: 2026-05-12)
01:01:48 [INFO]   [EXPD] +2 rows (DB last: 2026-05-12)
01:01:48 [INFO]   [EXPE] +2 rows (DB last: 2026-05-12)
01:01:48 [INFO]   [EXR] +2 rows (DB last: 2026-05-12)
01:01:48 [INFO]   [FANG] +2 rows (DB last: 2026-05-12)
01:01:48 [INFO]   [FCX] +2 rows (DB last: 2026-05-12)
01:01:48 [INFO]   [FAST] +2 rows (DB last: 2026-05-12)
01:01:48 [INFO]   [F] +2 rows (DB last: 2026-05-12)
01:01:48 [INFO]   [FFIV] +2 rows (DB last: 2026-05-12)
01:01:48 [INFO]   [FDS] +2 rows (DB last: 2026-05-12)
01:01:48 [INFO]   [FDX] +2 rows (DB last: 2026-05-12)
01:01:48 [INFO]   [FICO] +2 rows (DB last: 2026-05-12)
01:01:48 [INFO]   [FIS] +2 rows (DB last: 2026-05-12)
01:01:48 [INFO]   [FE] +2 rows (DB last: 2026-05-12)
01:01:48 [INFO]   [FISV] +2 rows (DB last: 2026-05-12)
01:01:48 [INFO]   [FOXA] +2 rows (DB last: 2026-05-12)
01:01:48 [INFO]   [FOX] +2 rows (DB last: 2026-05-12)
01:01:48 [INFO]   [FIX] +2 rows (DB last: 2026-05-12)
01:01:48 [INFO]   [FITB] +2 rows (DB last: 2026-05-12)
01:01:48 [INFO]   [FSLR] +2 rows (DB last: 2026-05-12)
01:01:48 [INFO]   [FTNT] +2 rows (DB last: 2026-05-12)
01:01:48 [INFO]   [FTV] +2 rows (DB last: 2026-05-12)
01:01:48 [INFO]   [GDDY] +2 rows (DB last: 2026-05-12)
01:01:48 [INFO]   [GEHC] +2 rows (DB last: 2026-05-12)
01:01:48 [INFO]   [GEV] +2 rows (DB last: 2026-05-12)
01:01:48 [INFO]   [GEN] +2 rows (DB last: 2026-05-12)
01:01:48 [INFO]   [GFS] +2 rows (DB last: 2026-05-12)
01:01:48 [INFO]   [GD] +2 rows (DB last: 2026-05-12)
01:01:48 [INFO]   [FRT] +2 rows (DB last: 2026-05-12)
01:01:48 [INFO]   [GE] +2 rows (DB last: 2026-05-12)
01:01:48 [INFO]   [GILD] +2 rows (DB last: 2026-05-12)
01:01:48 [INFO]   [GIS] +2 rows (DB last: 2026-05-12)
01:01:48 [INFO]   [GNRC] +2 rows (DB last: 2026-05-12)
01:01:48 [INFO]   [GOOGL] +2 rows (DB last: 2026-05-12)
01:01:48 [INFO]   [GOOG] +2 rows (DB last: 2026-05-12)
01:01:48 [INFO]   [GL] +2 rows (DB last: 2026-05-12)
01:01:48 [INFO]   [GM] +2 rows (DB last: 2026-05-12)
01:01:48 [INFO]   [GLW] +2 rows (DB last: 2026-05-12)
01:01:48 [INFO]   [GPC] +2 rows (DB last: 2026-05-12)
01:01:48 [INFO]   [GPN] +2 rows (DB last: 2026-05-12)
01:01:48 [INFO]   [GRMN] +2 rows (DB last: 2026-05-12)
01:01:48 [INFO]   [GS] +2 rows (DB last: 2026-05-12)
01:01:48 [INFO]   [HAL] +2 rows (DB last: 2026-05-12)
01:01:48 [INFO]   [HCA] +2 rows (DB last: 2026-05-12)
01:01:48 [INFO]   [HBAN] +2 rows (DB last: 2026-05-12)
01:01:48 [INFO]   [GWW] +2 rows (DB last: 2026-05-12)
01:01:48 [INFO]   [HAS] +2 rows (DB last: 2026-05-12)
01:01:48 [INFO]   [HLT] +2 rows (DB last: 2026-05-12)
01:01:48 [INFO]   [HOOD] +2 rows (DB last: 2026-05-12)
01:01:48 [INFO]   [HII] +2 rows (DB last: 2026-05-12)
01:01:48 [INFO]   [HIG] +2 rows (DB last: 2026-05-12)
01:01:48 [INFO]   [HON] +2 rows (DB last: 2026-05-12)
01:01:48 [INFO]   [HPE] +2 rows (DB last: 2026-05-12)
01:01:48 [INFO]   [HD] +2 rows (DB last: 2026-05-12)
01:01:48 [INFO]   [HPQ] +2 rows (DB last: 2026-05-12)
01:01:48 [INFO]   [HSIC] +2 rows (DB last: 2026-05-12)
01:01:49 [INFO]   [HRL] +2 rows (DB last: 2026-05-12)
01:01:49 [INFO]   [HST] +2 rows (DB last: 2026-05-12)
01:01:49 [INFO]   [HSY] +2 rows (DB last: 2026-05-12)
01:01:49 [INFO]   [IBKR] +2 rows (DB last: 2026-05-12)
01:01:49 [INFO]   [HUBB] +2 rows (DB last: 2026-05-12)
01:01:49 [INFO]   [HUM] +2 rows (DB last: 2026-05-12)
01:01:49 [INFO]   [HWM] +2 rows (DB last: 2026-05-12)
01:01:49 [INFO]   [ICE] +2 rows (DB last: 2026-05-12)
01:01:49 [INFO]   [IBM] +2 rows (DB last: 2026-05-12)
01:01:49 [INFO]   [IDXX] +2 rows (DB last: 2026-05-12)
01:01:49 [INFO]   [ILMN] +2 rows (DB last: 2026-05-12)
01:01:49 [INFO]   [IEX] +2 rows (DB last: 2026-05-12)
01:01:49 [INFO]   [INCY] +2 rows (DB last: 2026-05-12)
01:01:49 [INFO]   [IFF] +2 rows (DB last: 2026-05-12)
01:01:49 [INFO]   [INVH] +2 rows (DB last: 2026-05-12)
01:01:49 [INFO]   [INTU] +2 rows (DB last: 2026-05-12)
01:01:49 [INFO]   [INTC] +2 rows (DB last: 2026-05-12)
01:01:49 [INFO]   [IQV] +2 rows (DB last: 2026-05-12)
01:01:49 [INFO]   [IR] +2 rows (DB last: 2026-05-12)
01:01:49 [INFO]   [IRM] +2 rows (DB last: 2026-05-12)
01:01:49 [INFO]   [IP] +2 rows (DB last: 2026-05-12)
01:01:49 [INFO]   [ISRG] +2 rows (DB last: 2026-05-12)
01:01:49 [INFO]   [IT] +2 rows (DB last: 2026-05-12)
01:01:49 [INFO]   [J] +2 rows (DB last: 2026-05-12)
01:01:49 [INFO]   [IVZ] +2 rows (DB last: 2026-05-12)
01:01:49 [INFO]   [JBL] +2 rows (DB last: 2026-05-12)
01:01:49 [INFO]   [JD] +2 rows (DB last: 2026-05-12)
01:01:49 [INFO]   [ITW] +2 rows (DB last: 2026-05-12)
01:01:49 [INFO]   [JKHY] +2 rows (DB last: 2026-05-12)
01:01:49 [INFO]   [JBHT] +2 rows (DB last: 2026-05-12)
01:01:49 [INFO]   [KDP] +2 rows (DB last: 2026-05-12)
01:01:49 [INFO]   [JPM] +2 rows (DB last: 2026-05-12)
01:01:49 [INFO]   [KEYS] +2 rows (DB last: 2026-05-12)
01:01:49 [INFO]   [KEY] +2 rows (DB last: 2026-05-12)
01:01:49 [INFO]   [KHC] +2 rows (DB last: 2026-05-12)
01:01:49 [INFO]   [JNJ] +2 rows (DB last: 2026-05-12)
01:01:49 [INFO]   [KIM] +2 rows (DB last: 2026-05-12)
01:01:49 [INFO]   [JCI] +2 rows (DB last: 2026-05-12)
01:01:49 [INFO]   [KKR] +2 rows (DB last: 2026-05-12)
01:01:49 [INFO]   [KLAC] +2 rows (DB last: 2026-05-12)
01:01:49 [INFO]   [KMI] +2 rows (DB last: 2026-05-12)
01:01:49 [INFO]   [KVUE] +2 rows (DB last: 2026-05-12)
01:01:49 [INFO]   [KMB] +2 rows (DB last: 2026-05-12)
01:01:49 [INFO]   [KO] +2 rows (DB last: 2026-05-12)
01:01:49 [INFO]   [LDOS] +2 rows (DB last: 2026-05-12)
01:01:49 [INFO]   [KR] +2 rows (DB last: 2026-05-12)
01:01:49 [INFO]   [L] +2 rows (DB last: 2026-05-12)
01:01:49 [INFO]   [LEN] +2 rows (DB last: 2026-05-12)
01:01:49 [INFO]   [LH] +2 rows (DB last: 2026-05-12)
01:01:49 [INFO]   [LII] +2 rows (DB last: 2026-05-12)
01:01:49 [INFO]   [LHX] +2 rows (DB last: 2026-05-12)
01:01:49 [INFO]   [LITE] +2 rows (DB last: 2026-05-12)
01:01:49 [INFO]   [LIN] +2 rows (DB last: 2026-05-12)
01:01:49 [INFO]   [LOW] +2 rows (DB last: 2026-05-12)
01:01:49 [INFO]   [LNT] +2 rows (DB last: 2026-05-12)
01:01:49 [INFO]   [LRCX] +2 rows (DB last: 2026-05-12)
01:01:49 [INFO]   [LLY] +2 rows (DB last: 2026-05-12)
01:01:49 [INFO]   [LULU] +2 rows (DB last: 2026-05-12)
01:01:49 [INFO]   [LMT] +2 rows (DB last: 2026-05-12)
01:01:49 [INFO]   [LVS] +2 rows (DB last: 2026-05-12)
01:01:50 [INFO]   [LYV] +2 rows (DB last: 2026-05-12)
01:01:50 [INFO]   [LUV] +2 rows (DB last: 2026-05-12)
01:01:50 [INFO]   [LYB] +2 rows (DB last: 2026-05-12)
01:01:50 [INFO]   [MA] +2 rows (DB last: 2026-05-12)
01:01:50 [INFO]   [MAR] +2 rows (DB last: 2026-05-12)
01:01:50 [INFO]   [MAA] +2 rows (DB last: 2026-05-12)
01:01:50 [INFO]   [MCHP] +2 rows (DB last: 2026-05-12)
01:01:50 [INFO]   [MAS] +2 rows (DB last: 2026-05-12)
01:01:50 [INFO]   [MCK] +2 rows (DB last: 2026-05-12)
01:01:50 [INFO]   [MCO] +2 rows (DB last: 2026-05-12)
01:01:50 [INFO]   [MDLZ] +2 rows (DB last: 2026-05-12)
01:01:50 [INFO]   [MELI] +2 rows (DB last: 2026-05-12)
01:01:50 [INFO]   [MCD] +2 rows (DB last: 2026-05-12)
01:01:50 [INFO]   [META] +2 rows (DB last: 2026-05-12)
01:01:50 [INFO]   [MET] +2 rows (DB last: 2026-05-12)
01:01:50 [INFO]   [MGM] +2 rows (DB last: 2026-05-12)
01:01:50 [INFO]   [MDT] +2 rows (DB last: 2026-05-12)
01:01:50 [INFO]   [MNST] +2 rows (DB last: 2026-05-12)
01:01:50 [INFO]   [MKC] +2 rows (DB last: 2026-05-12)
01:01:50 [INFO]   [MLM] +2 rows (DB last: 2026-05-12)
01:01:50 [INFO]   [MPWR] +2 rows (DB last: 2026-05-12)
01:01:50 [INFO]   [MO] +2 rows (DB last: 2026-05-12)
01:01:50 [INFO]   [MPC] +2 rows (DB last: 2026-05-12)
01:01:50 [INFO]   [MOS] +2 rows (DB last: 2026-05-12)
01:01:50 [INFO]   [MRNA] +2 rows (DB last: 2026-05-12)
01:01:50 [INFO]   [MMM] +2 rows (DB last: 2026-05-12)
01:01:50 [INFO]   [MRSH] +2 rows (DB last: 2026-05-12)
01:01:50 [INFO]   [MRK] +2 rows (DB last: 2026-05-12)
01:01:50 [INFO]   [MRVL] +2 rows (DB last: 2026-05-12)
01:01:50 [INFO]   [MS] +2 rows (DB last: 2026-05-12)
01:01:50 [INFO]   [MSFT] +2 rows (DB last: 2026-05-12)
01:01:50 [INFO]   [MTD] +2 rows (DB last: 2026-05-12)
01:01:50 [INFO]   [NCLH] +2 rows (DB last: 2026-05-12)
01:01:50 [INFO]   [MSCI] +2 rows (DB last: 2026-05-12)
01:01:50 [INFO]   [MSI] +2 rows (DB last: 2026-05-12)
01:01:50 [INFO]   [MU] +2 rows (DB last: 2026-05-12)
01:01:50 [INFO]   [MTB] +2 rows (DB last: 2026-05-12)
01:01:50 [INFO]   [NDAQ] +2 rows (DB last: 2026-05-12)
01:01:50 [INFO]   [NDSN] +2 rows (DB last: 2026-05-12)
01:01:50 [INFO]   [NEM] +2 rows (DB last: 2026-05-12)
01:01:50 [INFO]   [NEE] +2 rows (DB last: 2026-05-12)
01:01:50 [INFO]   [NKE] +2 rows (DB last: 2026-05-12)
01:01:50 [INFO]   [NOC] +2 rows (DB last: 2026-05-12)
01:01:50 [INFO]   [NI] +2 rows (DB last: 2026-05-12)
01:01:50 [INFO]   [NOW] +2 rows (DB last: 2026-05-12)
01:01:50 [INFO]   [NFLX] +2 rows (DB last: 2026-05-12)
01:01:50 [INFO]   [NRG] +2 rows (DB last: 2026-05-12)
01:01:50 [INFO]   [NTAP] +2 rows (DB last: 2026-05-12)
01:01:50 [INFO]   [NWS] +2 rows (DB last: 2026-05-12)
01:01:50 [INFO]   [NVR] +2 rows (DB last: 2026-05-12)
01:01:50 [INFO]   [NVDA] +2 rows (DB last: 2026-05-12)
01:01:50 [INFO]   [NWSA] +2 rows (DB last: 2026-05-12)
01:01:50 [INFO]   [NUE] +2 rows (DB last: 2026-05-12)
01:01:50 [INFO]   [NSC] +2 rows (DB last: 2026-05-12)
01:01:50 [INFO]   [NTRS] +2 rows (DB last: 2026-05-12)
01:01:50 [INFO]   [NXPI] +2 rows (DB last: 2026-05-12)
01:01:50 [INFO]   [ODFL] +2 rows (DB last: 2026-05-12)
01:01:50 [INFO]   [ON] +2 rows (DB last: 2026-05-12)
01:01:50 [INFO]   [ORLY] +2 rows (DB last: 2026-05-12)
01:01:50 [INFO]   [O] +2 rows (DB last: 2026-05-12)
01:01:50 [INFO]   [OKE] +2 rows (DB last: 2026-05-12)
01:01:50 [INFO]   [ORCL] +2 rows (DB last: 2026-05-12)
01:01:50 [INFO]   [OMC] +2 rows (DB last: 2026-05-12)
01:01:51 [INFO]   [OTIS] +2 rows (DB last: 2026-05-12)
01:01:51 [INFO]   [PANW] +2 rows (DB last: 2026-05-12)
01:01:51 [INFO]   [PDD] +2 rows (DB last: 2026-05-12)
01:01:51 [INFO]   [OXY] +2 rows (DB last: 2026-05-12)
01:01:51 [INFO]   [PAYX] +2 rows (DB last: 2026-05-12)
01:01:51 [INFO]   [PCG] +2 rows (DB last: 2026-05-12)
01:01:51 [INFO]   [PCAR] +2 rows (DB last: 2026-05-12)
01:01:51 [INFO]   [PEG] +2 rows (DB last: 2026-05-12)
01:01:51 [INFO]   [PFG] +2 rows (DB last: 2026-05-12)
01:01:51 [INFO]   [PEP] +2 rows (DB last: 2026-05-12)
01:01:51 [INFO]   [PFE] +2 rows (DB last: 2026-05-12)
01:01:51 [INFO]   [PGR] +2 rows (DB last: 2026-05-12)
01:01:51 [INFO]   [PH] +2 rows (DB last: 2026-05-12)
01:01:51 [INFO]   [PKG] +2 rows (DB last: 2026-05-12)
01:01:51 [INFO]   [PG] +2 rows (DB last: 2026-05-12)
01:01:51 [INFO]   [PLD] +2 rows (DB last: 2026-05-12)
01:01:51 [INFO]   [PHM] +2 rows (DB last: 2026-05-12)
01:01:51 [INFO]   [PLTR] +2 rows (DB last: 2026-05-12)
01:01:51 [INFO]   [PODD] +2 rows (DB last: 2026-05-12)
01:01:51 [INFO]   [PNC] +2 rows (DB last: 2026-05-12)
01:01:51 [INFO]   [POOL] +2 rows (DB last: 2026-05-12)
01:01:51 [INFO]   [PNR] +2 rows (DB last: 2026-05-12)
01:01:51 [INFO]   [PM] +2 rows (DB last: 2026-05-12)
01:01:51 [INFO]   [PNW] +2 rows (DB last: 2026-05-12)
01:01:51 [INFO]   [PPG] +2 rows (DB last: 2026-05-12)
01:01:51 [INFO]   [PRU] +2 rows (DB last: 2026-05-12)
01:01:51 [INFO]   [PPL] +2 rows (DB last: 2026-05-12)
01:01:51 [INFO]   [PSA] +2 rows (DB last: 2026-05-12)
01:01:51 [INFO]   [PTC] +2 rows (DB last: 2026-05-12)
01:01:51 [INFO]   [PSX] +2 rows (DB last: 2026-05-12)
01:01:51 [INFO]   [PSKY] +2 rows (DB last: 2026-05-12)
01:01:51 [INFO]   [PWR] +2 rows (DB last: 2026-05-12)
01:01:51 [INFO]   [PYPL] +2 rows (DB last: 2026-05-12)
01:01:51 [INFO]   [QCOM] +2 rows (DB last: 2026-05-12)
01:01:51 [INFO]   [RIVN] +2 rows (DB last: 2026-05-12)
01:01:51 [INFO]   [RCL] +2 rows (DB last: 2026-05-12)
01:01:51 [INFO]   [Q] +2 rows (DB last: 2026-05-12)
01:01:51 [INFO]   [REG] +2 rows (DB last: 2026-05-12)
01:01:51 [INFO]   [REGN] +2 rows (DB last: 2026-05-12)
01:01:51 [INFO]   [RJF] +2 rows (DB last: 2026-05-12)
01:01:51 [INFO]   [RF] +2 rows (DB last: 2026-05-12)
01:01:51 [INFO]   [RMD] +2 rows (DB last: 2026-05-12)
01:01:51 [INFO]   [RL] +2 rows (DB last: 2026-05-12)
01:01:51 [INFO]   [ROK] +2 rows (DB last: 2026-05-12)
01:01:51 [INFO]   [ROP] +2 rows (DB last: 2026-05-12)
01:01:51 [INFO]   [ROL] +2 rows (DB last: 2026-05-12)
01:01:51 [INFO]   [ROST] +2 rows (DB last: 2026-05-12)
01:01:51 [INFO]   [RSG] +2 rows (DB last: 2026-05-12)
01:01:51 [INFO]   [SATS] +2 rows (DB last: 2026-05-12)
01:01:51 [INFO]   [RVTY] +2 rows (DB last: 2026-05-12)
01:01:51 [INFO]   [RTX] +2 rows (DB last: 2026-05-12)
01:01:51 [INFO]   [SBAC] +2 rows (DB last: 2026-05-12)
01:01:51 [INFO]   [SBUX] +2 rows (DB last: 2026-05-12)
01:01:51 [INFO]   [SJM] +2 rows (DB last: 2026-05-12)
01:01:51 [INFO]   [SHW] +2 rows (DB last: 2026-05-12)
01:01:51 [INFO]   [SCHW] +2 rows (DB last: 2026-05-12)
01:01:51 [INFO]   [SMCI] +2 rows (DB last: 2026-05-12)
01:01:52 [INFO]   [SNDK] +2 rows (DB last: 2026-05-12)
01:01:52 [INFO]   [SLB] +2 rows (DB last: 2026-05-12)
01:01:52 [INFO]   [SNPS] +2 rows (DB last: 2026-05-12)
01:01:52 [INFO]   [SNA] +2 rows (DB last: 2026-05-12)
01:01:52 [INFO]   [SOLV] +2 rows (DB last: 2026-05-12)
01:01:52 [INFO]   [SO] +2 rows (DB last: 2026-05-12)
01:01:52 [INFO]   [SPG] +2 rows (DB last: 2026-05-12)
01:01:52 [INFO]   [SRE] +2 rows (DB last: 2026-05-12)
01:01:52 [INFO]   [SPGI] +2 rows (DB last: 2026-05-12)
01:01:52 [INFO]   [STLD] +2 rows (DB last: 2026-05-12)
01:01:52 [INFO]   [STE] +2 rows (DB last: 2026-05-12)
01:01:52 [INFO]   [STX] +2 rows (DB last: 2026-05-12)
01:01:52 [INFO]   [STZ] +2 rows (DB last: 2026-05-12)
01:01:52 [INFO]   [SW] +2 rows (DB last: 2026-05-12)
01:01:52 [INFO]   [SYF] +2 rows (DB last: 2026-05-12)
01:01:52 [INFO]   [SWKS] +2 rows (DB last: 2026-05-12)
01:01:52 [INFO]   [STT] +2 rows (DB last: 2026-05-12)
01:01:52 [INFO]   [SWK] +2 rows (DB last: 2026-05-12)
01:01:52 [INFO]   [SYK] +2 rows (DB last: 2026-05-12)
01:01:52 [INFO]   [TDY] +2 rows (DB last: 2026-05-12)
01:01:52 [INFO]   [SYY] +2 rows (DB last: 2026-05-12)
01:01:52 [INFO]   [TDG] +2 rows (DB last: 2026-05-12)
01:01:52 [INFO]   [TEAM] +2 rows (DB last: 2026-05-12)
01:01:52 [INFO]   [T] +2 rows (DB last: 2026-05-12)
01:01:52 [INFO]   [TAP] +2 rows (DB last: 2026-05-12)
01:01:52 [INFO]   [TECH] +2 rows (DB last: 2026-05-12)
01:01:52 [INFO]   [TEL] +2 rows (DB last: 2026-05-12)
01:01:52 [INFO]   [TER] +2 rows (DB last: 2026-05-12)
01:01:52 [INFO]   [TKO] +2 rows (DB last: 2026-05-12)
01:01:52 [INFO]   [TFC] +2 rows (DB last: 2026-05-12)
01:01:52 [INFO]   [TGT] +2 rows (DB last: 2026-05-12)
01:01:52 [INFO]   [TJX] +2 rows (DB last: 2026-05-12)
01:01:52 [INFO]   [TMUS] +2 rows (DB last: 2026-05-12)
01:01:52 [INFO]   [TMO] +2 rows (DB last: 2026-05-12)
01:01:52 [INFO]   [TPR] +2 rows (DB last: 2026-05-12)
01:01:52 [INFO]   [TPL] +2 rows (DB last: 2026-05-12)
01:01:52 [INFO]   [TRGP] +2 rows (DB last: 2026-05-12)
01:01:52 [INFO]   [TRMB] +2 rows (DB last: 2026-05-12)
01:01:52 [INFO]   [TROW] +2 rows (DB last: 2026-05-12)
01:01:52 [INFO]   [TSCO] +2 rows (DB last: 2026-05-12)
01:01:52 [INFO]   [TSLA] +2 rows (DB last: 2026-05-12)
01:01:52 [INFO]   [TRV] +2 rows (DB last: 2026-05-12)
01:01:52 [INFO]   [TTD] +2 rows (DB last: 2026-05-12)
01:01:52 [INFO]   [TT] +2 rows (DB last: 2026-05-12)
01:01:52 [INFO]   [TSN] +2 rows (DB last: 2026-05-12)
01:01:52 [INFO]   [TTWO] +2 rows (DB last: 2026-05-12)
01:01:52 [INFO]   [TYL] +2 rows (DB last: 2026-05-12)
01:01:52 [INFO]   [UAL] +2 rows (DB last: 2026-05-12)
01:01:52 [INFO]   [TXN] +2 rows (DB last: 2026-05-12)
01:01:52 [INFO]   [UBER] +2 rows (DB last: 2026-05-12)
01:01:52 [INFO]   [TXT] +2 rows (DB last: 2026-05-12)
01:01:52 [INFO]   [UHS] +2 rows (DB last: 2026-05-12)
01:01:52 [INFO]   [UDR] +2 rows (DB last: 2026-05-12)
01:01:52 [INFO]   [ULTA] +2 rows (DB last: 2026-05-12)
01:01:52 [INFO]   [URI] +2 rows (DB last: 2026-05-12)
01:01:52 [INFO]   [UNP] +2 rows (DB last: 2026-05-12)
01:01:52 [INFO]   [UNH] +2 rows (DB last: 2026-05-12)
01:01:52 [ERROR] Failed to get ticker 'SPLK' reason: Expecting value: line 1 column 1 (char 0)
01:01:53 [INFO]   [UPS] +2 rows (DB last: 2026-05-12)
01:01:53 [INFO]   [VEEV] +2 rows (DB last: 2026-05-12)
01:01:53 [INFO]   [V] +2 rows (DB last: 2026-05-12)
01:01:53 [INFO]   [USB] +2 rows (DB last: 2026-05-12)
01:01:53 [INFO]   [VLTO] +2 rows (DB last: 2026-05-12)
01:01:53 [INFO]   [VICI] +2 rows (DB last: 2026-05-12)
01:01:53 [INFO]   [VLO] +2 rows (DB last: 2026-05-12)
01:01:53 [INFO]   [VRSK] +2 rows (DB last: 2026-05-12)
01:01:53 [INFO]   [VMC] +2 rows (DB last: 2026-05-12)
01:01:53 [INFO]   [VRT] +2 rows (DB last: 2026-05-12)
01:01:53 [INFO]   [VRSN] +2 rows (DB last: 2026-05-12)
01:01:53 [INFO]   [VRTX] +2 rows (DB last: 2026-05-12)
01:01:53 [INFO]   [VST] +2 rows (DB last: 2026-05-12)
01:01:53 [INFO]   [VTRS] +2 rows (DB last: 2026-05-12)
01:01:53 [INFO]   [WAT] +2 rows (DB last: 2026-05-12)
01:01:53 [INFO]   [WBD] +2 rows (DB last: 2026-05-12)
01:01:53 [INFO]   [VZ] +2 rows (DB last: 2026-05-12)
01:01:53 [INFO]   [VTR] +2 rows (DB last: 2026-05-12)
01:01:53 [INFO]   [WAB] +2 rows (DB last: 2026-05-12)
01:01:53 [INFO]   [WDAY] +2 rows (DB last: 2026-05-12)
01:01:53 [INFO]   [WDC] +2 rows (DB last: 2026-05-12)
01:01:53 [INFO]   [WELL] +2 rows (DB last: 2026-05-12)
01:01:53 [INFO]   [WEC] +2 rows (DB last: 2026-05-12)
01:01:53 [INFO]   [WM] +2 rows (DB last: 2026-05-12)
01:01:53 [INFO]   [WFC] +2 rows (DB last: 2026-05-12)
01:01:53 [INFO]   [WMB] +2 rows (DB last: 2026-05-12)
01:01:53 [INFO]   [WMT] +2 rows (DB last: 2026-05-12)
01:01:53 [INFO]   [WST] +2 rows (DB last: 2026-05-12)
01:01:53 [INFO]   [WRB] +2 rows (DB last: 2026-05-12)
01:01:53 [INFO]   [WTW] +2 rows (DB last: 2026-05-12)
01:01:53 [INFO]   [WSM] +2 rows (DB last: 2026-05-12)
01:01:53 [INFO]   [WYNN] +2 rows (DB last: 2026-05-12)
01:01:53 [INFO]   [WY] +2 rows (DB last: 2026-05-12)
01:01:53 [INFO]   [XYL] +2 rows (DB last: 2026-05-12)
01:01:53 [INFO]   [XYZ] +2 rows (DB last: 2026-05-12)
01:01:53 [INFO]   [ZBH] +2 rows (DB last: 2026-05-12)
01:01:53 [INFO]   [XEL] +2 rows (DB last: 2026-05-12)
01:01:53 [INFO]   [YUM] +2 rows (DB last: 2026-05-12)
01:01:53 [INFO]   [XOM] +2 rows (DB last: 2026-05-12)
01:01:53 [INFO]   [ZS] +2 rows (DB last: 2026-05-12)
01:01:53 [INFO]   [ZBRA] +2 rows (DB last: 2026-05-12)
01:01:53 [INFO]   [eBay] +2 rows (DB last: 2026-05-12)
01:01:53 [INFO]   [ZTS] +2 rows (DB last: 2026-05-12)
01:01:53 [ERROR] $SPLK: possibly delisted; No price data found  (period=7d)
01:01:54 [ERROR] Failed to get ticker 'WBA' reason: Expecting value: line 1 column 1 (char 0)
01:01:55 [ERROR] $WBA: possibly delisted; No price data found  (period=7d)
01:01:55 [INFO] ──────────────────────────────────────────────────
01:01:55 [INFO] 完成  (46.4s)
01:01:55 [INFO]   更新: 517 檔
01:01:55 [INFO]   跳過: 0 檔（已是最新）
01:01:55 [INFO]   失敗: 94 檔
01:01:55 [WARNING] 錯誤率 15% > 10%，請檢查網絡
